
build_output.log:23:Failed to compile.
build_output.log:1820:292:13  Error: Unexpected lexical 
declaration in case 
build_output.log:1822:296:13  Error: Unexpected lexical 
declaration in case 
build_output.log:1824:303:13  Error: Unexpected lexical 
declaration in case 
build_output.log:1826:307:13  Error: Unexpected lexical 
declaration in case 
build_output.log:2211:1548:33  Error: Unexpected 
lexical declaration in case 
build_output.log:2213:1552:33  Error: Unexpected 
lexical declaration in case 
build_output.log:2379:183:13  Error: Unexpected lexical 
declaration in case 
build_output.log:2381:187:13  Error: Unexpected lexical 
declaration in case 
build_output.log:2383:191:13  Error: Unexpected lexical 
declaration in case 
build_output.log:2385:195:13  Error: Unexpected lexical 
declaration in case 
build_output.log:2387:199:13  Error: Unexpected lexical 
declaration in case 
build_output.log:2389:203:13  Error: Unexpected lexical 
declaration in case 
build_output.log:2393:384:15  Error: Unexpected lexical 
declaration in case 
build_output.log:2395:388:15  Error: Unexpected lexical 
declaration in case 
build_output.log:2397:392:15  Error: Unexpected lexical 
declaration in case 
build_output.log:2399:404:15  Error: Unexpected lexical 
declaration in case 
build_output.log:2527:205:13  Error: Unexpected lexical 
declaration in case 
build_output.log:2570:184:13  Error: Unexpected lexical 
declaration in case 
build_output.log:2572:185:13  Error: Unexpected lexical 
declaration in case 
build_output.log:2574:186:13  Error: Unexpected lexical 
declaration in case 
build_output.log:2576:187:13  Error: Unexpected lexical 
declaration in case 
build_output.log:2578:188:13  Error: Unexpected lexical 
declaration in case 
build_output.log:2580:192:13  Error: Unexpected lexical 
declaration in case 
build_output.log:2582:196:13  Error: Unexpected lexical 
declaration in case 
build_output.log:2584:200:13  Error: Unexpected lexical 
declaration in case 
build_output.log:2586:204:13  Error: Unexpected lexical 
declaration in case 
build_output.log:2620:230:13  Error: Unexpected lexical 
declaration in case 
build_output.log:2667:259:13  Error: Unexpected lexical 
declaration in case 
build_output.log:3165:54:9  Error: Unexpected lexical 
declaration in case 
build_output.log:3528:41:9  Error: Unexpected lexical 
declaration in case 
build_output.log:3530:44:9  Error: Unexpected lexical 
declaration in case 
build_output.log:3548:85:9  Error: Unexpected lexical 
declaration in case 
build_output.log:3550:99:9  Error: Unexpected lexical 
declaration in case 
build_output.log:3552:113:9  Error: Unexpected lexical 
declaration in case 
build_output.log:6232:375:29  Error: Don't use 
`Function` as a type. The 
build_output.log:6713:492:17  Error: Require statement 
not part of import 
build_output.log:6986:112:11  Error: Unexpected lexical 
declaration in case 
build_output.log:6988:113:11  Error: Unexpected lexical 
declaration in case 
build_output.log:7027:137:33  Error: Unexpected control 
character(s) in 
build_output.log:7029:181:14  Error: Unexpected control 
character(s) in 
build_output.log:7031:184:14  Error: Unexpected control 
character(s) in 
build_output.log:7795:445:35  Error: Unexpected control 
character(s) in 
build_output.log:7833:117:37  Error: Unexpected control 
character(s) in 


