   Γû▓ Next.js 15.5.6
   - Environments: .env.local, .env.production, .env
   - Experiments (use with caution):
     ┬╖ optimizePackageImports

   Creating an optimized production build ...
 Γ£ô Compiled successfully in 17.6s
   Linting and checking validity of types ...
node.exe : 
At line:1 char:1
+ & "C:\Program Files\nodejs/node.exe" 
"C:\Users\Qhab\AppData\Roaming\n ...
+ ~~~~~~~~~~~~~~~~~~~~~~~~~~~~~~~~~~~~~~~~~~~~~~~~~~~~~~
~~~~~~~~~~~~~~~
    + CategoryInfo          : NotSpecified: (:String) [ 
   ], RemoteException
    + FullyQualifiedErrorId : NativeCommandError
 
 ΓÜá The Next.js plugin was not detected in your ESLint 
configuration. See https://nextjs.org/docs/app/api-refer
ence/config/eslint#migrating-existing-config

Failed to compile.

./app/api/add-real-staff/route.ts
1:10  Warning: 'NextRequest' is defined but never used. 
 @typescript-eslint/no-unused-vars
2:10  Warning: 'StaffStorage' is defined but never 
used.  @typescript-eslint/no-unused-vars
6:7  Warning: 'realStaffData' is assigned a value but 
never used.  @typescript-eslint/no-unused-vars
6:22  Warning: Unexpected any. Specify a different 
type.  @typescript-eslint/no-explicit-any

./app/api/admin/cache-management/route.ts
33:21  Warning: Unexpected any. Specify a different 
type.  @typescript-eslint/no-explicit-any
92:17  Warning: Unexpected any. Specify a different 
type.  @typescript-eslint/no-explicit-any

./app/api/admin/monitoring/route.ts
9:7  Warning: 'monitoringQuerySchema' is assigned a 
value but never used.  @typescript-eslint/no-unused-vars
45:21  Warning: Unexpected any. Specify a different 
type.  @typescript-eslint/no-explicit-any
136:17  Warning: Unexpected any. Specify a different 
type.  @typescript-eslint/no-explicit-any
279:11  Warning: 'timeRange' is assigned a value but 
never used.  @typescript-eslint/no-unused-vars
281:17  Warning: Unexpected any. Specify a different 
type.  @typescript-eslint/no-explicit-any
338:17  Warning: Unexpected any. Specify a different 
type.  @typescript-eslint/no-explicit-any

./app/api/analytics/inventory/route.ts
9:5  Warning: Unexpected console statement. Only these 
console methods are allowed: warn, error.  no-console
12:24  Warning: Unexpected any. Specify a different 
type.  @typescript-eslint/no-explicit-any
47:5  Warning: Unexpected console statement. Only these 
console methods are allowed: warn, error.  no-console
136:17  Warning: '_' is defined but never used.  
@typescript-eslint/no-unused-vars
148:17  Warning: '_' is defined but never used.  
@typescript-eslint/no-unused-vars
174:5  Warning: Unexpected console statement. Only 
these console methods are allowed: warn, error.  
no-console

./app/api/appointments/route.ts
19:11  Warning: 'date' is assigned a value but never 
used.  @typescript-eslint/no-unused-vars
22:24  Warning: Unexpected any. Specify a different 
type.  @typescript-eslint/no-explicit-any
86:5  Warning: Unexpected console statement. Only these 
console methods are allowed: warn, error.  no-console
93:7  Warning: Unexpected console statement. Only these 
console methods are allowed: warn, error.  no-console
114:5  Warning: Unexpected console statement. Only 
these console methods are allowed: warn, error.  
no-console

./app/api/auth/[...nextauth]/route.ts
1:8  Warning: 'NextAuth' is defined but never used.  
@typescript-eslint/no-unused-vars

./app/api/cleanup-locations/route.ts
11:5  Warning: Unexpected console statement. Only these 
console methods are allowed: warn, error.  no-console
18:5  Warning: Unexpected console statement. Only these 
console methods are allowed: warn, error.  no-console
43:9  Warning: Unexpected console statement. Only these 
console methods are allowed: warn, error.  no-console
59:13  Warning: Unexpected console statement. Only 
these console methods are allowed: warn, error.  
no-console
98:9  Warning: Unexpected console statement. Only these 
console methods are allowed: warn, error.  no-console
111:5  Warning: Unexpected console statement. Only 
these console methods are allowed: warn, error.  
no-console
112:5  Warning: Unexpected console statement. Only 
these console methods are allowed: warn, error.  
no-console
156:17  Warning: '_' is defined but never used.  
@typescript-eslint/no-unused-vars

./app/api/client-portal/appointments/route.ts
2:24  Warning: 'createAppointment' is defined but never 
used.  @typescript-eslint/no-unused-vars
2:43  Warning: 'Appointment' is defined but never used. 
 @typescript-eslint/no-unused-vars
23:5  Warning: Unexpected console statement. Only these 
console methods are allowed: warn, error.  no-console
28:7  Warning: Unexpected console statement. Only these 
console methods are allowed: warn, error.  no-console
73:5  Warning: Unexpected console statement. Only these 
console methods are allowed: warn, error.  no-console
175:7  Warning: Unexpected console statement. Only 
these console methods are allowed: warn, error.  
no-console
219:7  Warning: Unexpected console statement. Only 
these console methods are allowed: warn, error.  
no-console
226:9  Warning: Unexpected console statement. Only 
these console methods are allowed: warn, error.  
no-console

./app/api/client-portal/loyalty/route.ts
3:10  Warning: 'LoyaltyReward' is defined but never 
used.  @typescript-eslint/no-unused-vars
3:25  Warning: 'PointHistoryItem' is defined but never 
used.  @typescript-eslint/no-unused-vars

./app/api/client-portal/products/route.ts
7:5  Warning: Unexpected console statement. Only these 
console methods are allowed: warn, error.  no-console
15:5  Warning: Unexpected console statement. Only these 
console methods are allowed: warn, error.  no-console
18:18  Warning: Unexpected any. Specify a different 
type.  @typescript-eslint/no-explicit-any
43:5  Warning: Unexpected console statement. Only these 
console methods are allowed: warn, error.  no-console
56:5  Warning: Unexpected console statement. Only these 
console methods are allowed: warn, error.  no-console
128:5  Warning: Unexpected console statement. Only 
these console methods are allowed: warn, error.  
no-console
148:9  Warning: 'updatedProducts' is never reassigned. 
Use 'const' instead.  prefer-const

./app/api/client-portal/reviews/route.ts
4:5  Warning: 'reviews' is never reassigned. Use 
'const' instead.  prefer-const

./app/api/clients/lookup/route.ts
30:5  Warning: Unexpected console statement. Only these 
console methods are allowed: warn, error.  no-console
51:5  Warning: Unexpected console statement. Only these 
console methods are allowed: warn, error.  no-console
58:9  Warning: Unexpected console statement. Only these 
console methods are allowed: warn, error.  no-console
82:7  Warning: Unexpected console statement. Only these 
console methods are allowed: warn, error.  no-console
94:5  Warning: Unexpected console statement. Only these 
console methods are allowed: warn, error.  no-console

./app/api/clients/route.ts
14:35  Warning: Unexpected any. Specify a different 
type.  @typescript-eslint/no-explicit-any
51:18  Warning: Unexpected any. Specify a different 
type.  @typescript-eslint/no-explicit-any
105:5  Warning: Unexpected console statement. Only 
these console methods are allowed: warn, error.  
no-console

./app/api/clients/[id]/history/route.ts
26:5  Warning: Unexpected console statement. Only these 
console methods are allowed: warn, error.  no-console
48:5  Warning: Unexpected console statement. Only these 
console methods are allowed: warn, error.  no-console
66:5  Warning: Unexpected console statement. Only these 
console methods are allowed: warn, error.  no-console
88:5  Warning: Unexpected console statement. Only these 
console methods are allowed: warn, error.  no-console
98:5  Warning: Unexpected console statement. Only these 
console methods are allowed: warn, error.  no-console

./app/api/clients/[id]/route.ts
92:5  Warning: Unexpected console statement. Only these 
console methods are allowed: warn, error.  no-console
107:23  Warning: Unexpected any. Specify a different 
type.  @typescript-eslint/no-explicit-any
131:5  Warning: Unexpected console statement. Only 
these console methods are allowed: warn, error.  
no-console
144:5  Warning: Unexpected console statement. Only 
these console methods are allowed: warn, error.  
no-console

./app/api/db/init/route.ts
202:9  Warning: 'channelsResult' is assigned a value 
but never used.  @typescript-eslint/no-unused-vars

./app/api/deactivate-duplicates/route.ts
11:5  Warning: Unexpected console statement. Only these 
console methods are allowed: warn, error.  no-console
41:11  Warning: Unexpected console statement. Only 
these console methods are allowed: warn, error.  
no-console
43:11  Warning: Unexpected console statement. Only 
these console methods are allowed: warn, error.  
no-console
60:5  Warning: Unexpected console statement. Only these 
console methods are allowed: warn, error.  no-console
61:5  Warning: Unexpected console statement. Only these 
console methods are allowed: warn, error.  no-console

./app/api/debug-auth/route.ts
7:5  Warning: Unexpected console statement. Only these 
console methods are allowed: warn, error.  no-console
17:5  Warning: Unexpected console statement. Only these 
console methods are allowed: warn, error.  no-console
21:5  Warning: Unexpected console statement. Only these 
console methods are allowed: warn, error.  no-console
75:5  Warning: Unexpected console statement. Only these 
console methods are allowed: warn, error.  no-console
94:7  Warning: Unexpected console statement. Only these 
console methods are allowed: warn, error.  no-console
102:7  Warning: Unexpected console statement. Only 
these console methods are allowed: warn, error.  
no-console
110:5  Warning: Unexpected console statement. Only 
these console methods are allowed: warn, error.  
no-console
127:5  Warning: Unexpected console statement. Only 
these console methods are allowed: warn, error.  
no-console

./app/api/debug-staff/route.ts
1:10  Warning: 'NextRequest' is defined but never used. 
 @typescript-eslint/no-unused-vars

./app/api/delete-duplicates/route.ts
20:5  Warning: Unexpected console statement. Only these 
console methods are allowed: warn, error.  no-console
39:11  Warning: Unexpected console statement. Only 
these console methods are allowed: warn, error.  
no-console
41:11  Warning: Unexpected console statement. Only 
these console methods are allowed: warn, error.  
no-console
103:17  Warning: '_' is defined but never used.  
@typescript-eslint/no-unused-vars

./app/api/direct-login/route.ts
17:5  Warning: Unexpected console statement. Only these 
console methods are allowed: warn, error.  no-console
23:7  Warning: Unexpected console statement. Only these 
console methods are allowed: warn, error.  no-console
30:5  Warning: Unexpected console statement. Only these 
console methods are allowed: warn, error.  no-console

./app/api/ensure-admin/route.ts
13:5  Warning: Unexpected console statement. Only these 
console methods are allowed: warn, error.  no-console
14:5  Warning: Unexpected console statement. Only these 
console methods are allowed: warn, error.  no-console
18:5  Warning: Unexpected console statement. Only these 
console methods are allowed: warn, error.  no-console
22:5  Warning: Unexpected console statement. Only these 
console methods are allowed: warn, error.  no-console
54:7  Warning: Unexpected console statement. Only these 
console methods are allowed: warn, error.  no-console
65:7  Warning: Unexpected console statement. Only these 
console methods are allowed: warn, error.  no-console
70:5  Warning: Unexpected console statement. Only these 
console methods are allowed: warn, error.  no-console

./app/api/errors/report/route.ts
1:10  Warning: 'NextRequest' is defined but never used. 
 @typescript-eslint/no-unused-vars

./app/api/fix-locations/route.ts
11:5  Warning: Unexpected console statement. Only these 
console methods are allowed: warn, error.  no-console
107:9  Warning: Unexpected console statement. Only 
these console methods are allowed: warn, error.  
no-console
132:9  Warning: Unexpected console statement. Only 
these console methods are allowed: warn, error.  
no-console
147:5  Warning: Unexpected console statement. Only 
these console methods are allowed: warn, error.  
no-console
148:5  Warning: Unexpected console statement. Only 
these console methods are allowed: warn, error.  
no-console

./app/api/health/route.ts
41:7  Warning: Unexpected console statement. Only these 
console methods are allowed: warn, error.  no-console

./app/api/init/route.ts
4:28  Warning: 'request' is defined but never used.  
@typescript-eslint/no-unused-vars
6:5  Warning: Unexpected console statement. Only these 
console methods are allowed: warn, error.  no-console
10:5  Warning: Unexpected console statement. Only these 
console methods are allowed: warn, error.  no-console
13:7  Warning: Unexpected console statement. Only these 
console methods are allowed: warn, error.  no-console
26:9  Warning: Unexpected console statement. Only these 
console methods are allowed: warn, error.  no-console
32:5  Warning: Unexpected console statement. Only these 
console methods are allowed: warn, error.  no-console

./app/api/inventory/add-stock-all-locations/route.ts
10:5  Warning: Unexpected console statement. Only these 
console methods are allowed: warn, error.  no-console
34:7  Warning: Unexpected console statement. Only these 
console methods are allowed: warn, error.  no-console
45:7  Warning: Unexpected console statement. Only these 
console methods are allowed: warn, error.  no-console
134:7  Warning: Unexpected console statement. Only 
these console methods are allowed: warn, error.  
no-console
148:5  Warning: Unexpected console statement. Only 
these console methods are allowed: warn, error.  
no-console

./app/api/inventory/adjust/route.ts
14:3  Warning: Unexpected console statement. Only these 
console methods are allowed: warn, error.  no-console
21:7  Warning: Unexpected console statement. Only these 
console methods are allowed: warn, error.  no-console
45:9  Warning: 'quantity' is never reassigned. Use 
'const' instead.  prefer-const
47:5  Warning: Unexpected console statement. Only these 
console methods are allowed: warn, error.  no-console
69:5  Warning: Unexpected console statement. Only these 
console methods are allowed: warn, error.  no-console
77:5  Warning: Unexpected console statement. Only these 
console methods are allowed: warn, error.  no-console
86:5  Warning: Unexpected console statement. Only these 
console methods are allowed: warn, error.  no-console
89:5  Warning: Unexpected console statement. Only these 
console methods are allowed: warn, error.  no-console
98:5  Warning: Unexpected console statement. Only these 
console methods are allowed: warn, error.  no-console
101:5  Warning: Unexpected console statement. Only 
these console methods are allowed: warn, error.  
no-console
112:7  Warning: Unexpected console statement. Only 
these console methods are allowed: warn, error.  
no-console
122:7  Warning: Unexpected console statement. Only 
these console methods are allowed: warn, error.  
no-console
124:7  Warning: Unexpected console statement. Only 
these console methods are allowed: warn, error.  
no-console
162:5  Warning: Unexpected console statement. Only 
these console methods are allowed: warn, error.  
no-console
172:5  Warning: Unexpected console statement. Only 
these console methods are allowed: warn, error.  
no-console
205:7  Warning: Unexpected console statement. Only 
these console methods are allowed: warn, error.  
no-console
211:5  Warning: Unexpected console statement. Only 
these console methods are allowed: warn, error.  
no-console

./app/api/inventory/adjust-multi-location/route.ts
30:3  Warning: Unexpected console statement. Only these 
console methods are allowed: warn, error.  no-console
34:5  Warning: Unexpected console statement. Only these 
console methods are allowed: warn, error.  no-console
76:5  Warning: Unexpected console statement. Only these 
console methods are allowed: warn, error.  no-console
89:5  Warning: Unexpected console statement. Only these 
console methods are allowed: warn, error.  no-console
109:5  Warning: Unexpected console statement. Only 
these console methods are allowed: warn, error.  
no-console
116:9  Warning: Unexpected console statement. Only 
these console methods are allowed: warn, error.  
no-console
129:11  Warning: Unexpected console statement. Only 
these console methods are allowed: warn, error.  
no-console
143:9  Warning: Unexpected console statement. Only 
these console methods are allowed: warn, error.  
no-console
191:9  Warning: Unexpected console statement. Only 
these console methods are allowed: warn, error.  
no-console
197:5  Warning: Unexpected console statement. Only 
these console methods are allowed: warn, error.  
no-console

./app/api/inventory/batches/route.ts
13:5  Warning: Unexpected console statement. Only these 
console methods are allowed: warn, error.  no-console
16:24  Warning: Unexpected any. Specify a different 
type.  @typescript-eslint/no-explicit-any
63:5  Warning: Unexpected console statement. Only these 
console methods are allowed: warn, error.  no-console
103:5  Warning: Unexpected console statement. Only 
these console methods are allowed: warn, error.  
no-console
169:5  Warning: Unexpected console statement. Only 
these console methods are allowed: warn, error.  
no-console

./app/api/inventory/batches/[id]/route.ts
1:10  Warning: 'NextRequest' is defined but never used. 
 @typescript-eslint/no-unused-vars
20:5  Warning: Unexpected console statement. Only these 
console methods are allowed: warn, error.  no-console
62:5  Warning: Unexpected console statement. Only these 
console methods are allowed: warn, error.  no-console
90:5  Warning: Unexpected console statement. Only these 
console methods are allowed: warn, error.  no-console
102:11  Warning: 'batch' is assigned a value but never 
used.  @typescript-eslint/no-unused-vars
110:5  Warning: Unexpected console statement. Only 
these console methods are allowed: warn, error.  
no-console

./app/api/inventory/dispose/route.ts
25:5  Warning: Unexpected console statement. Only these 
console methods are allowed: warn, error.  no-console
139:5  Warning: Unexpected console statement. Only 
these console methods are allowed: warn, error.  
no-console
173:5  Warning: Unexpected console statement. Only 
these console methods are allowed: warn, error.  
no-console
176:24  Warning: Unexpected any. Specify a different 
type.  @typescript-eslint/no-explicit-any
213:5  Warning: Unexpected console statement. Only 
these console methods are allowed: warn, error.  
no-console

./app/api/inventory/reorder/route.ts
25:5  Warning: Unexpected console statement. Only these 
console methods are allowed: warn, error.  no-console
109:5  Warning: Unexpected console statement. Only 
these console methods are allowed: warn, error.  
no-console
144:11  Warning: 'status' is assigned a value but never 
used.  @typescript-eslint/no-unused-vars
147:5  Warning: Unexpected console statement. Only 
these console methods are allowed: warn, error.  
no-console
150:24  Warning: Unexpected any. Specify a different 
type.  @typescript-eslint/no-explicit-any
210:5  Warning: Unexpected console statement. Only 
these console methods are allowed: warn, error.  
no-console

./app/api/inventory/route.ts
4:10  Warning: 'Prisma' is defined but never used.  
@typescript-eslint/no-unused-vars
11:11  Warning: 'session' is assigned a value but never 
used.  @typescript-eslint/no-unused-vars
19:5  Warning: Unexpected console statement. Only these 
console methods are allowed: warn, error.  no-console
53:5  Warning: Unexpected console statement. Only these 
console methods are allowed: warn, error.  no-console
78:5  Warning: Unexpected console statement. Only these 
console methods are allowed: warn, error.  no-console
106:5  Warning: Unexpected console statement. Only 
these console methods are allowed: warn, error.  
no-console

./app/api/inventory/transfer/route.ts
152:7  Warning: Unexpected console statement. Only 
these console methods are allowed: warn, error.  
no-console
199:5  Warning: Unexpected console statement. Only 
these console methods are allowed: warn, error.  
no-console
242:18  Warning: Unexpected any. Specify a different 
type.  @typescript-eslint/no-explicit-any
273:5  Warning: Unexpected console statement. Only 
these console methods are allowed: warn, error.  
no-console
275:7  Warning: Unexpected console statement. Only 
these console methods are allowed: warn, error.  
no-console

./app/api/locations/route.ts
7:5  Warning: Unexpected console statement. Only these 
console methods are allowed: warn, error.  no-console
39:7  Warning: Unexpected console statement. Only these 
console methods are allowed: warn, error.  no-console
41:7  Warning: Unexpected console statement. Only these 
console methods are allowed: warn, error.  no-console
42:7  Warning: Unexpected console statement. Only these 
console methods are allowed: warn, error.  no-console
44:7  Warning: Unexpected console statement. Only these 
console methods are allowed: warn, error.  no-console
47:5  Warning: Unexpected console statement. Only these 
console methods are allowed: warn, error.  no-console
66:5  Warning: Unexpected console statement. Only these 
console methods are allowed: warn, error.  no-console
105:5  Warning: Unexpected console statement. Only 
these console methods are allowed: warn, error.  
no-console

./app/api/locations/[id]/route.ts
9:5  Warning: Unexpected console statement. Only these 
console methods are allowed: warn, error.  no-console
37:5  Warning: Unexpected console statement. Only these 
console methods are allowed: warn, error.  no-console
50:5  Warning: Unexpected console statement. Only these 
console methods are allowed: warn, error.  no-console
92:5  Warning: Unexpected console statement. Only these 
console methods are allowed: warn, error.  no-console
108:5  Warning: Unexpected console statement. Only 
these console methods are allowed: warn, error.  
no-console
147:7  Warning: Unexpected console statement. Only 
these console methods are allowed: warn, error.  
no-console
161:5  Warning: Unexpected console statement. Only 
these console methods are allowed: warn, error.  
no-console

./app/api/migrate-data/route.ts
60:11  Warning: Unexpected console statement. Only 
these console methods are allowed: warn, error.  
no-console
75:11  Warning: Unexpected console statement. Only 
these console methods are allowed: warn, error.  
no-console

./app/api/migrate-location-refs/route.ts
11:5  Warning: Unexpected console statement. Only these 
console methods are allowed: warn, error.  no-console
42:9  Warning: Unexpected console statement. Only these 
console methods are allowed: warn, error.  no-console
49:11  Warning: Unexpected console statement. Only 
these console methods are allowed: warn, error.  
no-console
54:11  Warning: Unexpected console statement. Only 
these console methods are allowed: warn, error.  
no-console
64:9  Warning: Unexpected console statement. Only these 
console methods are allowed: warn, error.  no-console
73:11  Warning: Unexpected console statement. Only 
these console methods are allowed: warn, error.  
no-console
75:11  Warning: Unexpected console statement. Only 
these console methods are allowed: warn, error.  
no-console
85:11  Warning: Unexpected console statement. Only 
these console methods are allowed: warn, error.  
no-console
87:11  Warning: Unexpected console statement. Only 
these console methods are allowed: warn, error.  
no-console
99:11  Warning: Unexpected console statement. Only 
these console methods are allowed: warn, error.  
no-console
122:5  Warning: Unexpected console statement. Only 
these console methods are allowed: warn, error.  
no-console
123:5  Warning: Unexpected console statement. Only 
these console methods are allowed: warn, error.  
no-console

./app/api/products/categories/route.ts
8:5  Warning: Unexpected console statement. Only these 
console methods are allowed: warn, error.  no-console
55:5  Warning: Unexpected console statement. Only these 
console methods are allowed: warn, error.  no-console
67:5  Warning: Unexpected console statement. Only these 
console methods are allowed: warn, error.  no-console
102:5  Warning: Unexpected console statement. Only 
these console methods are allowed: warn, error.  
no-console

./app/api/products/categories/[id]/route.ts
2:10  Warning: 'prisma' is defined but never used.  
@typescript-eslint/no-unused-vars
9:3  Warning: 'request' is defined but never used.  
@typescript-eslint/no-unused-vars
10:5  Warning: 'params' is defined but never used.  
@typescript-eslint/no-unused-vars
63:3  Warning: 'request' is defined but never used.  
@typescript-eslint/no-unused-vars
64:5  Warning: 'params' is defined but never used.  
@typescript-eslint/no-unused-vars
115:3  Warning: 'request' is defined but never used.  
@typescript-eslint/no-unused-vars
116:5  Warning: 'params' is defined but never used.  
@typescript-eslint/no-unused-vars

./app/api/products/route.ts
15:18  Warning: Unexpected any. Specify a different 
type.  @typescript-eslint/no-explicit-any
45:20  Warning: Unexpected any. Specify a different 
type.  @typescript-eslint/no-explicit-any
59:67  Warning: Unexpected any. Specify a different 
type.  @typescript-eslint/no-explicit-any
78:5  Warning: Unexpected console statement. Only these 
console methods are allowed: warn, error.  no-console
142:34  Warning: Unexpected any. Specify a different 
type.  @typescript-eslint/no-explicit-any
146:15  Warning: Unexpected console statement. Only 
these console methods are allowed: warn, error.  
no-console
150:31  Warning: Unexpected any. Specify a different 
type.  @typescript-eslint/no-explicit-any

./app/api/products/seed/route.ts
4:28  Warning: 'request' is defined but never used.  
@typescript-eslint/no-unused-vars
6:5  Warning: Unexpected console statement. Only these 
console methods are allowed: warn, error.  no-console
10:5  Warning: Unexpected console statement. Only these 
console methods are allowed: warn, error.  no-console

./app/api/products/seed-categories/route.ts
2:10  Warning: 'prisma' is defined but never used.  
@typescript-eslint/no-unused-vars
9:28  Warning: 'request' is defined but never used.  
@typescript-eslint/no-unused-vars
11:11  Warning: 'session' is assigned a value but never 
used.  @typescript-eslint/no-unused-vars
13:5  Warning: Unexpected console statement. Only these 
console methods are allowed: warn, error.  no-console
17:5  Warning: Unexpected console statement. Only these 
console methods are allowed: warn, error.  no-console

./app/api/products/seed-comprehensive/route.ts
2:10  Warning: 'prisma' is defined but never used.  
@typescript-eslint/no-unused-vars
9:28  Warning: 'request' is defined but never used.  
@typescript-eslint/no-unused-vars
11:11  Warning: 'session' is assigned a value but never 
used.  @typescript-eslint/no-unused-vars
13:5  Warning: Unexpected console statement. Only these 
console methods are allowed: warn, error.  no-console
17:5  Warning: Unexpected console statement. Only these 
console methods are allowed: warn, error.  no-console

./app/api/products/types/route.ts
7:5  Warning: Unexpected console statement. Only these 
console methods are allowed: warn, error.  no-console
13:24  Warning: Unexpected any. Specify a different 
type.  @typescript-eslint/no-explicit-any
79:5  Warning: Unexpected console statement. Only these 
console methods are allowed: warn, error.  no-console
90:5  Warning: Unexpected console statement. Only these 
console methods are allowed: warn, error.  no-console
130:5  Warning: Unexpected console statement. Only 
these console methods are allowed: warn, error.  
no-console

./app/api/products/types/[id]/route.ts
2:10  Warning: 'prisma' is defined but never used.  
@typescript-eslint/no-unused-vars
9:3  Warning: 'request' is defined but never used.  
@typescript-eslint/no-unused-vars
10:5  Warning: 'params' is defined but never used.  
@typescript-eslint/no-unused-vars
20:3  Warning: 'request' is defined but never used.  
@typescript-eslint/no-unused-vars
21:5  Warning: 'params' is defined but never used.  
@typescript-eslint/no-unused-vars
31:3  Warning: 'request' is defined but never used.  
@typescript-eslint/no-unused-vars
32:5  Warning: 'params' is defined but never used.  
@typescript-eslint/no-unused-vars

./app/api/products/[id]/route.ts
35:5  Warning: Unexpected console statement. Only these 
console methods are allowed: warn, error.  no-console
98:5  Warning: Unexpected console statement. Only these 
console methods are allowed: warn, error.  no-console
119:5  Warning: Unexpected console statement. Only 
these console methods are allowed: warn, error.  
no-console

./app/api/refresh-locations/route.ts
10:5  Warning: Unexpected console statement. Only these 
console methods are allowed: warn, error.  no-console

./app/api/reset-locations/route.ts
11:5  Warning: Unexpected console statement. Only these 
console methods are allowed: warn, error.  no-console
18:7  Warning: Unexpected console statement. Only these 
console methods are allowed: warn, error.  no-console
20:7  Warning: Unexpected console statement. Only these 
console methods are allowed: warn, error.  no-console
98:9  Warning: Unexpected console statement. Only these 
console methods are allowed: warn, error.  no-console
111:5  Warning: Unexpected console statement. Only 
these console methods are allowed: warn, error.  
no-console
112:5  Warning: Unexpected console statement. Only 
these console methods are allowed: warn, error.  
no-console

./app/api/sales/route.ts
4:10  Warning: 'Prisma' is defined but never used.  
@typescript-eslint/no-unused-vars
24:5  Warning: Unexpected console statement. Only these 
console methods are allowed: warn, error.  no-console
46:5  Warning: Unexpected console statement. Only these 
console methods are allowed: warn, error.  no-console
68:60  Warning: Unexpected any. Specify a different 
type.  @typescript-eslint/no-explicit-any
89:41  Warning: Unexpected any. Specify a different 
type.  @typescript-eslint/no-explicit-any

./app/api/seed-locations/route.ts
1:10  Warning: 'NextRequest' is defined but never used. 
 @typescript-eslint/no-unused-vars
110:11  Warning: Unexpected console statement. Only 
these console methods are allowed: warn, error.  
no-console

./app/api/seed-production/route.ts
29:5  Warning: Unexpected console statement. Only these 
console methods are allowed: warn, error.  no-console
36:22  Warning: Unexpected any. Specify a different 
type.  @typescript-eslint/no-explicit-any
37:24  Warning: Unexpected any. Specify a different 
type.  @typescript-eslint/no-explicit-any
38:23  Warning: Unexpected any. Specify a different 
type.  @typescript-eslint/no-explicit-any
39:20  Warning: Unexpected any. Specify a different 
type.  @typescript-eslint/no-explicit-any
40:22  Warning: Unexpected any. Specify a different 
type.  @typescript-eslint/no-explicit-any
41:27  Warning: Unexpected any. Specify a different 
type.  @typescript-eslint/no-explicit-any
42:21  Warning: Unexpected any. Specify a different 
type.  @typescript-eslint/no-explicit-any
64:9  Warning: Unexpected console statement. Only these 
console methods are allowed: warn, error.  no-console
74:9  Warning: Unexpected console statement. Only these 
console methods are allowed: warn, error.  no-console
77:9  Warning: Unexpected console statement. Only these 
console methods are allowed: warn, error.  no-console
88:7  Warning: Unexpected console statement. Only these 
console methods are allowed: warn, error.  no-console
156:11  Warning: Unexpected console statement. Only 
these console methods are allowed: warn, error.  
no-console
159:11  Warning: Unexpected console statement. Only 
these console methods are allowed: warn, error.  
no-console
171:7  Warning: Unexpected console statement. Only 
these console methods are allowed: warn, error.  
no-console
209:11  Warning: Unexpected console statement. Only 
these console methods are allowed: warn, error.  
no-console
215:7  Warning: Unexpected console statement. Only 
these console methods are allowed: warn, error.  
no-console
246:5  Warning: Unexpected console statement. Only 
these console methods are allowed: warn, error.  
no-console
247:5  Warning: Unexpected console statement. Only 
these console methods are allowed: warn, error.  
no-console

./app/api/seed-services/route.ts
6:5  Warning: Unexpected console statement. Only these 
console methods are allowed: warn, error.  no-console
43:5  Warning: Unexpected console statement. Only these 
console methods are allowed: warn, error.  no-console
159:5  Warning: Unexpected console statement. Only 
these console methods are allowed: warn, error.  
no-console

./app/api/seed-staff/route.ts
1:10  Warning: 'NextRequest' is defined but never used. 
 @typescript-eslint/no-unused-vars
6:10  Warning: 'mapStaffRoleToUserRole' is defined but 
never used.  @typescript-eslint/no-unused-vars

./app/api/service-categories/route.ts
20:9  Warning: Unexpected console statement. Only these 
console methods are allowed: warn, error.  no-console
33:5  Warning: Unexpected console statement. Only these 
console methods are allowed: warn, error.  no-console
59:78  Warning: 'index' is defined but never used.  
@typescript-eslint/no-unused-vars
88:5  Warning: Unexpected console statement. Only these 
console methods are allowed: warn, error.  no-console
89:5  Warning: Unexpected console statement. Only these 
console methods are allowed: warn, error.  no-console
116:5  Warning: Unexpected console statement. Only 
these console methods are allowed: warn, error.  
no-console
136:5  Warning: Unexpected console statement. Only 
these console methods are allowed: warn, error.  
no-console

./app/api/service-categories/[id]/route.ts
9:5  Warning: Unexpected console statement. Only these 
console methods are allowed: warn, error.  no-console
49:5  Warning: Unexpected console statement. Only these 
console methods are allowed: warn, error.  no-console
62:5  Warning: Unexpected console statement. Only these 
console methods are allowed: warn, error.  no-console
97:5  Warning: Unexpected console statement. Only these 
console methods are allowed: warn, error.  no-console
110:5  Warning: Unexpected console statement. Only 
these console methods are allowed: warn, error.  
no-console
133:5  Warning: Unexpected console statement. Only 
these console methods are allowed: warn, error.  
no-console

./app/api/services/route.ts
3:10  Warning: 'getUserFromHeaders' is defined but 
never used.  @typescript-eslint/no-unused-vars
5:27  Warning: 'request' is defined but never used.  
@typescript-eslint/no-unused-vars
7:5  Warning: Unexpected console statement. Only these 
console methods are allowed: warn, error.  no-console
35:5  Warning: Unexpected console statement. Only these 
console methods are allowed: warn, error.  no-console
52:5  Warning: Unexpected console statement. Only these 
console methods are allowed: warn, error.  no-console
62:5  Warning: Unexpected console statement. Only these 
console methods are allowed: warn, error.  no-console
73:7  Warning: Unexpected console statement. Only these 
console methods are allowed: warn, error.  no-console
79:7  Warning: Unexpected console statement. Only these 
console methods are allowed: warn, error.  no-console
141:5  Warning: Unexpected console statement. Only 
these console methods are allowed: warn, error.  
no-console

./app/api/services/[id]/route.ts
9:5  Warning: Unexpected console statement. Only these 
console methods are allowed: warn, error.  no-console
51:5  Warning: Unexpected console statement. Only these 
console methods are allowed: warn, error.  no-console
64:5  Warning: Unexpected console statement. Only these 
console methods are allowed: warn, error.  no-console
122:5  Warning: Unexpected console statement. Only 
these console methods are allowed: warn, error.  
no-console
135:5  Warning: Unexpected console statement. Only 
these console methods are allowed: warn, error.  
no-console
158:5  Warning: Unexpected console statement. Only 
these console methods are allowed: warn, error.  
no-console

./app/api/shop/products/route.ts
39:47  Warning: Unexpected any. Specify a different 
type.  @typescript-eslint/no-explicit-any
101:18  Warning: Unexpected any. Specify a different 
type.  @typescript-eslint/no-explicit-any
149:5  Warning: Unexpected console statement. Only 
these console methods are allowed: warn, error.  
no-console

./app/api/staff/credentials/generate-test/route.ts
3:10  Warning: 'generateTemporaryPassword' is defined 
but never used.  @typescript-eslint/no-unused-vars
3:37  Warning: 'generateUsername' is defined but never 
used.  @typescript-eslint/no-unused-vars
3:55  Warning: 'hashPassword' is defined but never 
used.  @typescript-eslint/no-unused-vars
3:69  Warning: 'mapStaffRoleToUserRole' is defined but 
never used.  @typescript-eslint/no-unused-vars
12:5  Warning: Unexpected console statement. Only these 
console methods are allowed: warn, error.  no-console
27:7  Warning: Unexpected console statement. Only these 
console methods are allowed: warn, error.  no-console
54:9  Warning: Unexpected console statement. Only these 
console methods are allowed: warn, error.  no-console
95:7  Warning: Unexpected console statement. Only these 
console methods are allowed: warn, error.  no-console
103:5  Warning: Unexpected console statement. Only 
these console methods are allowed: warn, error.  
no-console

./app/api/staff/credentials/route.ts
12:5  Warning: Unexpected console statement. Only these 
console methods are allowed: warn, error.  no-console
66:5  Warning: Unexpected console statement. Only these 
console methods are allowed: warn, error.  no-console
84:5  Warning: Unexpected console statement. Only these 
console methods are allowed: warn, error.  no-console
189:5  Warning: Unexpected console statement. Only 
these console methods are allowed: warn, error.  
no-console

./app/api/staff/credentials/[staffId]/route.ts
19:5  Warning: Unexpected console statement. Only these 
console methods are allowed: warn, error.  no-console
42:9  Warning: 'result' is never reassigned. Use 
'const' instead.  prefer-const
42:17  Warning: Unexpected any. Specify a different 
type.  @typescript-eslint/no-explicit-any
55:9  Warning: Unexpected console statement. Only these 
console methods are allowed: warn, error.  no-console
80:9  Warning: Unexpected console statement. Only these 
console methods are allowed: warn, error.  no-console
109:9  Warning: Unexpected console statement. Only 
these console methods are allowed: warn, error.  
no-console
120:9  Warning: Unexpected console statement. Only 
these console methods are allowed: warn, error.  
no-console
148:5  Warning: Unexpected console statement. Only 
these console methods are allowed: warn, error.  
no-console
169:5  Warning: Unexpected console statement. Only 
these console methods are allowed: warn, error.  
no-console

./app/api/staff/route.ts
17:16  Warning: Unexpected any. Specify a different 
type.  @typescript-eslint/no-explicit-any
30:10  Warning: 'mapStaffRoleToUserRole' is defined but 
never used.  @typescript-eslint/no-unused-vars
112:7  Warning: Unexpected console statement. Only 
these console methods are allowed: warn, error.  
no-console
115:9  Warning: Unexpected console statement. Only 
these console methods are allowed: warn, error.  
no-console
165:9  Warning: Unexpected console statement. Only 
these console methods are allowed: warn, error.  
no-console
276:11  Warning: Unexpected console statement. Only 
these console methods are allowed: warn, error.  
no-console
282:11  Warning: Unexpected console statement. Only 
these console methods are allowed: warn, error.  
no-console

./app/api/staff/without-credentials/route.ts
11:5  Warning: Unexpected console statement. Only these 
console methods are allowed: warn, error.  no-console
50:5  Warning: Unexpected console statement. Only these 
console methods are allowed: warn, error.  no-console

./app/api/staff/[id]/route.ts
3:10  Warning: 'updateStaffServices' is defined but 
never used.  @typescript-eslint/no-unused-vars
47:5  Warning: Unexpected console statement. Only these 
console methods are allowed: warn, error.  no-console
48:5  Warning: Unexpected console statement. Only these 
console methods are allowed: warn, error.  no-console
58:7  Warning: Unexpected console statement. Only these 
console methods are allowed: warn, error.  no-console
61:9  Warning: Unexpected console statement. Only these 
console methods are allowed: warn, error.  no-console
80:13  Warning: 'updatedStaff' is assigned a value but 
never used.  @typescript-eslint/no-unused-vars
214:5  Warning: Unexpected console statement. Only 
these console methods are allowed: warn, error.  
no-console
225:9  Warning: Unexpected console statement. Only 
these console methods are allowed: warn, error.  
no-console
238:9  Warning: Unexpected console statement. Only 
these console methods are allowed: warn, error.  
no-console
247:7  Warning: Unexpected console statement. Only 
these console methods are allowed: warn, error.  
no-console
254:7  Warning: Unexpected console statement. Only 
these console methods are allowed: warn, error.  
no-console
260:7  Warning: Unexpected console statement. Only 
these console methods are allowed: warn, error.  
no-console
266:7  Warning: Unexpected console statement. Only 
these console methods are allowed: warn, error.  
no-console
272:7  Warning: Unexpected console statement. Only 
these console methods are allowed: warn, error.  
no-console
278:7  Warning: Unexpected console statement. Only 
these console methods are allowed: warn, error.  
no-console
280:7  Warning: Unexpected console statement. Only 
these console methods are allowed: warn, error.  
no-console

./app/api/staff/[id]/services/route.ts
17:5  Warning: Unexpected console statement. Only these 
console methods are allowed: warn, error.  no-console
39:5  Warning: Unexpected console statement. Only these 
console methods are allowed: warn, error.  no-console
64:5  Warning: Unexpected console statement. Only these 
console methods are allowed: warn, error.  no-console
65:5  Warning: Unexpected console statement. Only these 
console methods are allowed: warn, error.  no-console
104:5  Warning: Unexpected console statement. Only 
these console methods are allowed: warn, error.  
no-console
129:5  Warning: Unexpected console statement. Only 
these console methods are allowed: warn, error.  
no-console
199:5  Warning: Unexpected console statement. Only 
these console methods are allowed: warn, error.  
no-console
224:5  Warning: Unexpected console statement. Only 
these console methods are allowed: warn, error.  
no-console
275:5  Warning: Unexpected console statement. Only 
these console methods are allowed: warn, error.  
no-console

./app/api/status/route.ts
6:5  Warning: Unexpected console statement. Only these 
console methods are allowed: warn, error.  no-console
58:5  Warning: Unexpected console statement. Only these 
console methods are allowed: warn, error.  no-console

./app/api/sync-service-locations/route.ts
12:5  Warning: Unexpected console statement. Only these 
console methods are allowed: warn, error.  no-console
27:5  Warning: Unexpected console statement. Only these 
console methods are allowed: warn, error.  no-console
49:13  Warning: Unexpected console statement. Only 
these console methods are allowed: warn, error.  
no-console
52:13  Warning: Unexpected console statement. Only 
these console methods are allowed: warn, error.  
no-console
61:5  Warning: Unexpected console statement. Only these 
console methods are allowed: warn, error.  no-console
93:5  Warning: Unexpected console statement. Only these 
console methods are allowed: warn, error.  no-console

./app/api/sync-staff-locations/route.ts
12:5  Warning: Unexpected console statement. Only these 
console methods are allowed: warn, error.  no-console
62:5  Warning: Unexpected console statement. Only these 
console methods are allowed: warn, error.  no-console
91:5  Warning: Unexpected console statement. Only these 
console methods are allowed: warn, error.  no-console
110:13  Warning: Unexpected console statement. Only 
these console methods are allowed: warn, error.  
no-console
113:13  Warning: Unexpected console statement. Only 
these console methods are allowed: warn, error.  
no-console
122:5  Warning: Unexpected console statement. Only 
these console methods are allowed: warn, error.  
no-console
148:5  Warning: Unexpected console statement. Only 
these console methods are allowed: warn, error.  
no-console

./app/api/sync-user-locations/route.ts
14:5  Warning: Unexpected console statement. Only these 
console methods are allowed: warn, error.  no-console
17:5  Warning: Unexpected console statement. Only these 
console methods are allowed: warn, error.  no-console
51:5  Warning: Unexpected console statement. Only these 
console methods are allowed: warn, error.  no-console

./app/api/test-admin-login/route.ts
13:5  Warning: Unexpected console statement. Only these 
console methods are allowed: warn, error.  no-console
14:5  Warning: Unexpected console statement. Only these 
console methods are allowed: warn, error.  no-console

./app/api/test-auth/route.ts
9:5  Warning: Unexpected console statement. Only these 
console methods are allowed: warn, error.  no-console

./app/api/test-db/route.ts
6:5  Warning: Unexpected console statement. Only these 
console methods are allowed: warn, error.  no-console
10:5  Warning: Unexpected console statement. Only these 
console methods are allowed: warn, error.  no-console
14:5  Warning: Unexpected console statement. Only these 
console methods are allowed: warn, error.  no-console
18:5  Warning: Unexpected console statement. Only these 
console methods are allowed: warn, error.  no-console

./app/api/test-inventory-adjust/route.ts
6:5  Warning: Unexpected console statement. Only these 
console methods are allowed: warn, error.  no-console
24:5  Warning: Unexpected console statement. Only these 
console methods are allowed: warn, error.  no-console
25:5  Warning: Unexpected console statement. Only these 
console methods are allowed: warn, error.  no-console
38:7  Warning: Unexpected console statement. Only these 
console methods are allowed: warn, error.  no-console
49:5  Warning: Unexpected console statement. Only these 
console methods are allowed: warn, error.  no-console
90:5  Warning: Unexpected console statement. Only these 
console methods are allowed: warn, error.  no-console
101:5  Warning: Unexpected console statement. Only 
these console methods are allowed: warn, error.  
no-console
112:5  Warning: Unexpected console statement. Only 
these console methods are allowed: warn, error.  
no-console
115:5  Warning: Unexpected console statement. Only 
these console methods are allowed: warn, error.  
no-console

./app/api/test-inventory-alerts/route.ts
5:28  Warning: 'request' is defined but never used.  
@typescript-eslint/no-unused-vars
7:5  Warning: Unexpected console statement. Only these 
console methods are allowed: warn, error.  no-console
19:5  Warning: Unexpected console statement. Only these 
console methods are allowed: warn, error.  no-console
66:7  Warning: Unexpected console statement. Only these 
console methods are allowed: warn, error.  no-console
91:9  Warning: Unexpected console statement. Only these 
console methods are allowed: warn, error.  no-console
102:5  Warning: Unexpected console statement. Only 
these console methods are allowed: warn, error.  
no-console
165:5  Warning: Unexpected console statement. Only 
these console methods are allowed: warn, error.  
no-console
176:5  Warning: Unexpected console statement. Only 
these console methods are allowed: warn, error.  
no-console

./app/api/test-login-detailed/route.ts
9:5  Warning: Unexpected console statement. Only these 
console methods are allowed: warn, error.  no-console

./app/api/transactions/route.ts
13:11  Warning: 'clientId' is assigned a value but 
never used.  @typescript-eslint/no-unused-vars
17:18  Warning: Unexpected any. Specify a different 
type.  @typescript-eslint/no-explicit-any
25:5  Warning: Unexpected console statement. Only these 
console methods are allowed: warn, error.  no-console
54:5  Warning: Unexpected console statement. Only these 
console methods are allowed: warn, error.  no-console
82:5  Warning: Unexpected console statement. Only these 
console methods are allowed: warn, error.  no-console
132:5  Warning: Unexpected console statement. Only 
these console methods are allowed: warn, error.  
no-console

./app/client-portal/appointments/book/page.tsx
10:10  Warning: 'MockImage' is defined but never used.  
@typescript-eslint/no-unused-vars
11:10  Warning: 'Calendar' is defined but never used.  
@typescript-eslint/no-unused-vars
12:10  Warning: 'CustomCalendar' is defined but never 
used.  @typescript-eslint/no-unused-vars
13:10  Warning: 'DayPicker' is defined but never used.  
@typescript-eslint/no-unused-vars
16:10  Warning: 'Popover' is defined but never used.  
@typescript-eslint/no-unused-vars
16:19  Warning: 'PopoverContent' is defined but never 
used.  @typescript-eslint/no-unused-vars
16:35  Warning: 'PopoverTrigger' is defined but never 
used.  @typescript-eslint/no-unused-vars
18:18  Warning: 'addDays' is defined but never used.  
@typescript-eslint/no-unused-vars
18:39  Warning: 'addHours' is defined but never used.  
@typescript-eslint/no-unused-vars
22:10  Warning: 'SettingsStorage' is defined but never 
used.  @typescript-eslint/no-unused-vars
54:12  Warning: 'BadgeIcon' is defined but never used.  
@typescript-eslint/no-unused-vars
60:11  Warning: 'formatCurrency' is assigned a value 
but never used.  @typescript-eslint/no-unused-vars
65:40  Warning: Unexpected any. Specify a different 
type.  @typescript-eslint/no-explicit-any
78:7  Warning: Unexpected console statement. Only these 
console methods are allowed: warn, error.  no-console
131:56  Warning: Unexpected any. Specify a different 
type.  @typescript-eslint/no-explicit-any
219:9  Warning: Unexpected console statement. Only 
these console methods are allowed: warn, error.  
no-console
229:11  Warning: Unexpected console statement. Only 
these console methods are allowed: warn, error.  
no-console
238:5  Warning: Unexpected console statement. Only 
these console methods are allowed: warn, error.  
no-console
239:5  Warning: Unexpected console statement. Only 
these console methods are allowed: warn, error.  
no-console
240:5  Warning: Unexpected console statement. Only 
these console methods are allowed: warn, error.  
no-console
241:5  Warning: Unexpected console statement. Only 
these console methods are allowed: warn, error.  
no-console
242:5  Warning: Unexpected console statement. Only 
these console methods are allowed: warn, error.  
no-console
245:7  Warning: Unexpected console statement. Only 
these console methods are allowed: warn, error.  
no-console
272:7  Warning: Unexpected console statement. Only 
these console methods are allowed: warn, error.  
no-console
273:7  Warning: Unexpected console statement. Only 
these console methods are allowed: warn, error.  
no-console
280:9  Warning: 'serviceCategories' is assigned a value 
but never used.  @typescript-eslint/no-unused-vars
293:28  Warning: 'isHomeServiceEnabled' is assigned a 
value but never used.  @typescript-eslint/no-unused-vars
333:7  Warning: Unexpected console statement. Only 
these console methods are allowed: warn, error.  
no-console
334:7  Warning: Unexpected console statement. Only 
these console methods are allowed: warn, error.  
no-console
335:7  Warning: Unexpected console statement. Only 
these console methods are allowed: warn, error.  
no-console
336:7  Warning: Unexpected console statement. Only 
these console methods are allowed: warn, error.  
no-console
393:5  Warning: Unexpected console statement. Only 
these console methods are allowed: warn, error.  
no-console
394:5  Warning: Unexpected console statement. Only 
these console methods are allowed: warn, error.  
no-console
395:5  Warning: Unexpected console statement. Only 
these console methods are allowed: warn, error.  
no-console
396:5  Warning: Unexpected console statement. Only 
these console methods are allowed: warn, error.  
no-console
397:5  Warning: Unexpected console statement. Only 
these console methods are allowed: warn, error.  
no-console
416:42  Warning: Unexpected any. Specify a different 
type.  @typescript-eslint/no-explicit-any
448:5  Warning: Unexpected console statement. Only 
these console methods are allowed: warn, error.  
no-console
453:5  Warning: Unexpected console statement. Only 
these console methods are allowed: warn, error.  
no-console
454:5  Warning: Unexpected console statement. Only 
these console methods are allowed: warn, error.  
no-console
455:5  Warning: Unexpected console statement. Only 
these console methods are allowed: warn, error.  
no-console
473:11  Warning: Unexpected console statement. Only 
these console methods are allowed: warn, error.  
no-console
474:11  Warning: Unexpected console statement. Only 
these console methods are allowed: warn, error.  
no-console
475:11  Warning: Unexpected console statement. Only 
these console methods are allowed: warn, error.  
no-console
476:11  Warning: Unexpected console statement. Only 
these console methods are allowed: warn, error.  
no-console
479:13  Warning: Unexpected console statement. Only 
these console methods are allowed: warn, error.  
no-console
483:11  Warning: Unexpected console statement. Only 
these console methods are allowed: warn, error.  
no-console
485:11  Warning: Unexpected console statement. Only 
these console methods are allowed: warn, error.  
no-console
497:5  Warning: Unexpected console statement. Only 
these console methods are allowed: warn, error.  
no-console
498:5  Warning: Unexpected console statement. Only 
these console methods are allowed: warn, error.  
no-console
500:7  Warning: Unexpected console statement. Only 
these console methods are allowed: warn, error.  
no-console
502:5  Warning: Unexpected console statement. Only 
these console methods are allowed: warn, error.  
no-console
531:7  Warning: Unexpected console statement. Only 
these console methods are allowed: warn, error.  
no-console
532:7  Warning: Unexpected console statement. Only 
these console methods are allowed: warn, error.  
no-console
533:7  Warning: Unexpected console statement. Only 
these console methods are allowed: warn, error.  
no-console
534:7  Warning: Unexpected console statement. Only 
these console methods are allowed: warn, error.  
no-console
535:7  Warning: Unexpected console statement. Only 
these console methods are allowed: warn, error.  
no-console
554:11  Warning: Unexpected console statement. Only 
these console methods are allowed: warn, error.  
no-console
559:7  Warning: Unexpected console statement. Only 
these console methods are allowed: warn, error.  
no-console
560:7  Warning: Unexpected console statement. Only 
these console methods are allowed: warn, error.  
no-console
586:9  Warning: Unexpected console statement. Only 
these console methods are allowed: warn, error.  
no-console
625:40  Warning: Unexpected any. Specify a different 
type.  @typescript-eslint/no-explicit-any
642:7  Warning: Unexpected console statement. Only 
these console methods are allowed: warn, error.  
no-console
646:9  Warning: Unexpected console statement. Only 
these console methods are allowed: warn, error.  
no-console
667:7  Warning: Unexpected console statement. Only 
these console methods are allowed: warn, error.  
no-console
720:9  Warning: Unexpected console statement. Only 
these console methods are allowed: warn, error.  
no-console
852:5  Warning: Unexpected console statement. Only 
these console methods are allowed: warn, error.  
no-console
870:9  Warning: Unexpected console statement. Only 
these console methods are allowed: warn, error.  
no-console
878:9  Warning: Unexpected console statement. Only 
these console methods are allowed: warn, error.  
no-console
896:11  Warning: Unexpected console statement. Only 
these console methods are allowed: warn, error.  
no-console
906:11  Warning: Unexpected console statement. Only 
these console methods are allowed: warn, error.  
no-console
933:5  Warning: Unexpected console statement. Only 
these console methods are allowed: warn, error.  
no-console
943:7  Warning: Unexpected console statement. Only 
these console methods are allowed: warn, error.  
no-console
951:7  Warning: Unexpected console statement. Only 
these console methods are allowed: warn, error.  
no-console
1017:7  Warning: Unexpected console statement. Only 
these console methods are allowed: warn, error.  
no-console
1074:11  Warning: Unexpected console statement. Only 
these console methods are allowed: warn, error.  
no-console
1077:11  Warning: Unexpected console statement. Only 
these console methods are allowed: warn, error.  
no-console
1088:13  Warning: Unexpected console statement. Only 
these console methods are allowed: warn, error.  
no-console
1090:13  Warning: Unexpected console statement. Only 
these console methods are allowed: warn, error.  
no-console
1177:9  Warning: Unexpected console statement. Only 
these console methods are allowed: warn, error.  
no-console
1187:11  Warning: Unexpected console statement. Only 
these console methods are allowed: warn, error.  
no-console
1200:9  Warning: Unexpected console statement. Only 
these console methods are allowed: warn, error.  
no-console
1253:9  Warning: Unexpected console statement. Only 
these console methods are allowed: warn, error.  
no-console
1258:7  Warning: Unexpected console statement. Only 
these console methods are allowed: warn, error.  
no-console
1281:13  Warning: Unexpected console statement. Only 
these console methods are allowed: warn, error.  
no-console
1361:9  Warning: Unexpected console statement. Only 
these console methods are allowed: warn, error.  
no-console
1367:7  Warning: Unexpected console statement. Only 
these console methods are allowed: warn, error.  
no-console
1385:7  Warning: Unexpected console statement. Only 
these console methods are allowed: warn, error.  
no-console
1767:35  Warning: Unexpected console statement. Only 
these console methods are allowed: warn, error.  
no-console
1771:31  Warning: Unexpected console statement. Only 
these console methods are allowed: warn, error.  
no-console
2224:41  Warning: Using `<img>` could result in slower 
LCP and higher bandwidth. Consider using `<Image />` 
from `next/image` or a custom image loader to 
automatically optimize images. This may incur 
additional usage or cost from your provider. See: 
https://nextjs.org/docs/messages/no-img-element  
@next/next/no-img-element

./app/client-portal/appointments/page.tsx
6:29  Warning: 'CardDescription' is defined but never 
used.  @typescript-eslint/no-unused-vars
6:46  Warning: 'CardHeader' is defined but never used.  
@typescript-eslint/no-unused-vars
6:58  Warning: 'CardTitle' is defined but never used.  
@typescript-eslint/no-unused-vars
14:3  Warning: 'User' is defined but never used.  
@typescript-eslint/no-unused-vars
18:3  Warning: 'Edit' is defined but never used.  
@typescript-eslint/no-unused-vars
19:3  Warning: 'AlertCircle' is defined but never used. 
 @typescript-eslint/no-unused-vars
29:3  Warning: 'PauseCircle' is defined but never used. 
 @typescript-eslint/no-unused-vars
32:20  Warning: 'subDays' is defined but never used.  
@typescript-eslint/no-unused-vars
57:11  Warning: 'getServiceById' is assigned a value 
but never used.  @typescript-eslint/no-unused-vars
58:11  Warning: 'formatCurrency' is assigned a value 
but never used.  @typescript-eslint/no-unused-vars
77:5  Warning: Unexpected console statement. Only these 
console methods are allowed: warn, error.  no-console
114:11  Warning: Unexpected console statement. Only 
these console methods are allowed: warn, error.  
no-console
125:7  Warning: Unexpected console statement. Only 
these console methods are allowed: warn, error.  
no-console
126:7  Warning: Unexpected console statement. Only 
these console methods are allowed: warn, error.  
no-console
212:3  Warning: Unexpected console statement. Only 
these console methods are allowed: warn, error.  
no-console
219:9  Warning: 'appointmentToCancel' is assigned a 
value but never used.  @typescript-eslint/no-unused-vars
632:19  Warning: Unexpected console statement. Only 
these console methods are allowed: warn, error.  
no-console

./app/client-portal/dashboard/page.tsx
6:8  Warning: 'Image' is defined but never used.  
@typescript-eslint/no-unused-vars
21:10  Warning: 'EnhancedStylistCard' is defined but 
never used.  @typescript-eslint/no-unused-vars
22:10  Warning: 'EnhancedProductCard' is defined but 
never used.  @typescript-eslint/no-unused-vars
38:3  Warning: 'CreditCard' is defined but never used.  
@typescript-eslint/no-unused-vars
39:3  Warning: 'Heart' is defined but never used.  
@typescript-eslint/no-unused-vars
42:3  Warning: 'Bell' is defined but never used.  
@typescript-eslint/no-unused-vars
44:3  Warning: 'ChevronRight' is defined but never 
used.  @typescript-eslint/no-unused-vars
45:3  Warning: 'ArrowRight' is defined but never used.  
@typescript-eslint/no-unused-vars
52:3  Warning: 'Eye' is defined but never used.  
@typescript-eslint/no-unused-vars
62:21  Warning: 'categories' is assigned a value but 
never used.  @typescript-eslint/no-unused-vars
63:11  Warning: 'products' is assigned a value but 
never used.  @typescript-eslint/no-unused-vars
64:11  Warning: 'currencyCode' is assigned a value but 
never used.  @typescript-eslint/no-unused-vars
64:25  Warning: 'formatCurrency' is assigned a value 
but never used.  @typescript-eslint/no-unused-vars
67:40  Warning: Unexpected any. Specify a different 
type.  @typescript-eslint/no-explicit-any
69:10  Warning: 'forceUpdate' is assigned a value but 
never used.  @typescript-eslint/no-unused-vars
76:10  Warning: 'lastUpdated' is assigned a value but 
never used.  @typescript-eslint/no-unused-vars
118:24  Warning: Unexpected any. Specify a different 
type.  @typescript-eslint/no-explicit-any
128:29  Warning: Unexpected any. Specify a different 
type.  @typescript-eslint/no-explicit-any
129:28  Warning: Unexpected any. Specify a different 
type.  @typescript-eslint/no-explicit-any
130:29  Warning: Unexpected any. Specify a different 
type.  @typescript-eslint/no-explicit-any
132:9  Warning: 'realTimeStaff' is assigned a value but 
never used.  @typescript-eslint/no-unused-vars
145:5  Warning: Unexpected console statement. Only 
these console methods are allowed: warn, error.  
no-console
195:31  Warning: Unexpected any. Specify a different 
type.  @typescript-eslint/no-explicit-any
209:9  Warning: 'recentOrders' is assigned a value but 
never used.  @typescript-eslint/no-unused-vars
228:9  Warning: 'getOrderStatusBadgeVariant' is 
assigned a value but never used.  
@typescript-eslint/no-unused-vars
246:9  Warning: 'getOrderStatusIcon' is assigned a 
value but never used.  @typescript-eslint/no-unused-vars
263:9  Warning: 'recommendedServices' is assigned a 
value but never used.  @typescript-eslint/no-unused-vars

./app/client-portal/favorites/page.tsx
9:10  Warning: 'ClientPortalLayout' is defined but 
never used.  @typescript-eslint/no-unused-vars
14:3  Warning: 'ChevronRight' is defined but never 
used.  @typescript-eslint/no-unused-vars
17:3  Warning: 'Filter' is defined but never used.  
@typescript-eslint/no-unused-vars
22:16  Warning: 'TabsContent' is defined but never 
used.  @typescript-eslint/no-unused-vars
85:11  Warning: 'formatCurrency' is assigned a value 
but never used.  @typescript-eslint/no-unused-vars
125:28  Warning: Unexpected any. Specify a different 
type.  @typescript-eslint/no-explicit-any

./app/client-portal/loyalty/page.tsx
11:37  Warning: 'History' is defined but never used.  
@typescript-eslint/no-unused-vars
11:60  Warning: 'Calendar' is defined but never used.  
@typescript-eslint/no-unused-vars
11:93  Warning: 'Plus' is defined but never used.  
@typescript-eslint/no-unused-vars
11:99  Warning: 'Minus' is defined but never used.  
@typescript-eslint/no-unused-vars
11:106  Warning: 'Edit' is defined but never used.  
@typescript-eslint/no-unused-vars
17:10  Warning: 'Avatar' is defined but never used.  
@typescript-eslint/no-unused-vars
17:18  Warning: 'AvatarFallback' is defined but never 
used.  @typescript-eslint/no-unused-vars
32:3  Warning: 'DialogTrigger' is defined but never 
used.  @typescript-eslint/no-unused-vars
42:11  Warning: 'formatCurrency' is assigned a value 
but never used.  @typescript-eslint/no-unused-vars
44:40  Warning: Unexpected any. Specify a different 
type.  @typescript-eslint/no-explicit-any
319:9  Warning: 'getTierColor' is assigned a value but 
never used.  @typescript-eslint/no-unused-vars

./app/client-portal/orders/page.tsx
7:29  Warning: 'CardHeader' is defined but never used.  
@typescript-eslint/no-unused-vars
7:41  Warning: 'CardTitle' is defined but never used.  
@typescript-eslint/no-unused-vars
14:30  Warning: 'getClientInfo' is defined but never 
used.  @typescript-eslint/no-unused-vars
20:3  Warning: 'ArrowRight' is defined but never used.  
@typescript-eslint/no-unused-vars
31:9  Warning: 'router' is assigned a value but never 
used.  @typescript-eslint/no-unused-vars
46:5  Warning: Unexpected console statement. Only these 
console methods are allowed: warn, error.  no-console
57:7  Warning: Unexpected console statement. Only these 
console methods are allowed: warn, error.  no-console
70:5  Warning: Unexpected console statement. Only these 
console methods are allowed: warn, error.  no-console

./app/client-portal/orders/[orderId]/page.tsx
23:3  Warning: 'Calendar' is defined but never used.  
@typescript-eslint/no-unused-vars
25:3  Warning: 'User' is defined but never used.  
@typescript-eslint/no-unused-vars

./app/client-portal/page.tsx
7:43  Warning: 'Star' is defined but never used.  
@typescript-eslint/no-unused-vars
7:55  Warning: 'UserPlus' is defined but never used.  
@typescript-eslint/no-unused-vars

./app/client-portal/profile/page.tsx
8:10  Warning: 'Tabs' is defined but never used.  
@typescript-eslint/no-unused-vars
8:16  Warning: 'TabsContent' is defined but never used. 
 @typescript-eslint/no-unused-vars
8:29  Warning: 'TabsList' is defined but never used.  
@typescript-eslint/no-unused-vars
8:39  Warning: 'TabsTrigger' is defined but never used. 
 @typescript-eslint/no-unused-vars
11:10  Warning: 'Textarea' is defined but never used.  
@typescript-eslint/no-unused-vars
13:10  Warning: 'StaffAvatar' is defined but never 
used.  @typescript-eslint/no-unused-vars
16:10  Warning: 'ClientPortalLayout' is defined but 
never used.  @typescript-eslint/no-unused-vars
25:3  Warning: 'MapPin' is defined but never used.  
@typescript-eslint/no-unused-vars
29:3  Warning: 'Check' is defined but never used.  
@typescript-eslint/no-unused-vars
36:37  Warning: 'getLocationName' is assigned a value 
but never used.  @typescript-eslint/no-unused-vars
37:40  Warning: Unexpected any. Specify a different 
type.  @typescript-eslint/no-explicit-any
145:47  Warning: Unexpected any. Specify a different 
type.  @typescript-eslint/no-explicit-any

./app/client-portal/reviews/page.tsx
11:24  Warning: 'Filter' is defined but never used.  
@typescript-eslint/no-unused-vars
11:32  Warning: 'ChevronRight' is defined but never 
used.  @typescript-eslint/no-unused-vars
11:46  Warning: 'Edit' is defined but never used.  
@typescript-eslint/no-unused-vars
11:52  Warning: 'Trash2' is defined but never used.  
@typescript-eslint/no-unused-vars
16:3  Warning: 'AlertDialog' is defined but never used. 
 @typescript-eslint/no-unused-vars
17:3  Warning: 'AlertDialogAction' is defined but never 
used.  @typescript-eslint/no-unused-vars
18:3  Warning: 'AlertDialogCancel' is defined but never 
used.  @typescript-eslint/no-unused-vars
19:3  Warning: 'AlertDialogContent' is defined but 
never used.  @typescript-eslint/no-unused-vars
20:3  Warning: 'AlertDialogDescription' is defined but 
never used.  @typescript-eslint/no-unused-vars
21:3  Warning: 'AlertDialogFooter' is defined but never 
used.  @typescript-eslint/no-unused-vars
22:3  Warning: 'AlertDialogHeader' is defined but never 
used.  @typescript-eslint/no-unused-vars
23:3  Warning: 'AlertDialogTitle' is defined but never 
used.  @typescript-eslint/no-unused-vars
24:3  Warning: 'AlertDialogTrigger' is defined but 
never used.  @typescript-eslint/no-unused-vars
67:10  Warning: 'client' is assigned a value but never 
used.  @typescript-eslint/no-unused-vars
67:40  Warning: Unexpected any. Specify a different 
type.  @typescript-eslint/no-explicit-any
72:54  Warning: Unexpected any. Specify a different 
type.  @typescript-eslint/no-explicit-any
374:11  Warning: Unexpected any. Specify a different 
type.  @typescript-eslint/no-explicit-any

./app/client-portal/services/page.tsx
5:29  Warning: 'CardDescription' is defined but never 
used.  @typescript-eslint/no-unused-vars
9:10  Warning: 'Tabs' is defined but never used.  
@typescript-eslint/no-unused-vars
9:16  Warning: 'TabsContent' is defined but never used. 
 @typescript-eslint/no-unused-vars
9:29  Warning: 'TabsList' is defined but never used.  
@typescript-eslint/no-unused-vars
9:39  Warning: 'TabsTrigger' is defined but never used. 
 @typescript-eslint/no-unused-vars
14:67  Warning: 'Home' is defined but never used.  
@typescript-eslint/no-unused-vars
28:39  Warning: 'isHomeServiceLocation' is assigned a 
value but never used.  @typescript-eslint/no-unused-vars
29:11  Warning: 'formatCurrency' is assigned a value 
but never used.  @typescript-eslint/no-unused-vars
73:9  Warning: 'filtered' is never reassigned. Use 
'const' instead.  prefer-const
117:37  Warning: Unexpected any. Specify a different 
type.  @typescript-eslint/no-explicit-any

./app/client-portal/shop/cart/page.tsx
26:11  Warning: 'toast' is assigned a value but never 
used.  @typescript-eslint/no-unused-vars
79:49  Warning: Unexpected any. Specify a different 
type.  @typescript-eslint/no-explicit-any

./app/client-portal/shop/checkout/page.tsx
10:10  Warning: 'Checkbox' is defined but never used.  
@typescript-eslint/no-unused-vars
30:10  Warning: 'OrderManagementService' is defined but 
never used.  @typescript-eslint/no-unused-vars
31:27  Warning: 'RealTimeEventType' is defined but 
never used.  @typescript-eslint/no-unused-vars
73:11  Warning: 'updateProduct' is assigned a value but 
never used.  @typescript-eslint/no-unused-vars
93:10  Warning: 'geoLoading' is assigned a value but 
never used.  @typescript-eslint/no-unused-vars
200:7  Warning: Unexpected console statement. Only 
these console methods are allowed: warn, error.  
no-console
216:13  Warning: Unexpected console statement. Only 
these console methods are allowed: warn, error.  
no-console
219:25  Warning: Unexpected any. Specify a different 
type.  @typescript-eslint/no-explicit-any
225:13  Warning: Unexpected console statement. Only 
these console methods are allowed: warn, error.  
no-console
228:53  Warning: Unexpected any. Specify a different 
type.  @typescript-eslint/no-explicit-any
246:7  Warning: Unexpected console statement. Only 
these console methods are allowed: warn, error.  
no-console
287:7  Warning: Unexpected console statement. Only 
these console methods are allowed: warn, error.  
no-console
300:74  Warning: Unexpected any. Specify a different 
type.  @typescript-eslint/no-explicit-any
304:13  Warning: Unexpected console statement. Only 
these console methods are allowed: warn, error.  
no-console
305:13  Warning: Unexpected console statement. Only 
these console methods are allowed: warn, error.  
no-console
307:64  Warning: Unexpected any. Specify a different 
type.  @typescript-eslint/no-explicit-any
313:13  Warning: Unexpected console statement. Only 
these console methods are allowed: warn, error.  
no-console
320:7  Warning: Unexpected console statement. Only 
these console methods are allowed: warn, error.  
no-console
382:11  Warning: Unexpected console statement. Only 
these console methods are allowed: warn, error.  
no-console
433:7  Warning: Unexpected console statement. Only 
these console methods are allowed: warn, error.  
no-console
444:20  Warning: Unexpected any. Specify a different 
type.  @typescript-eslint/no-explicit-any
445:11  Warning: Unexpected console statement. Only 
these console methods are allowed: warn, error.  
no-console
447:11  Warning: Unexpected console statement. Only 
these console methods are allowed: warn, error.  
no-console
459:9  Warning: Unexpected console statement. Only 
these console methods are allowed: warn, error.  
no-console
483:31  Warning: Unexpected any. Specify a different 
type.  @typescript-eslint/no-explicit-any
486:22  Warning: Unexpected any. Specify a different 
type.  @typescript-eslint/no-explicit-any
501:7  Warning: Unexpected console statement. Only 
these console methods are allowed: warn, error.  
no-console
521:9  Warning: Unexpected console statement. Only 
these console methods are allowed: warn, error.  
no-console

./app/client-portal/shop/order-success/page.tsx
24:50  Warning: Unexpected any. Specify a different 
type.  @typescript-eslint/no-explicit-any
87:13  Warning: Unexpected console statement. Only 
these console methods are allowed: warn, error.  
no-console

./app/client-portal/shop/page.tsx
3:53  Warning: 'useRef' is defined but never used.  
@typescript-eslint/no-unused-vars
87:5  Warning: Unexpected console statement. Only these 
console methods are allowed: warn, error.  no-console
92:7  Warning: Unexpected console statement. Only these 
console methods are allowed: warn, error.  no-console
102:7  Warning: Unexpected console statement. Only 
these console methods are allowed: warn, error.  
no-console

./app/client-portal/shop/[id]/page.tsx
11:10  Warning: 'Separator' is defined but never used.  
@typescript-eslint/no-unused-vars
12:10  Warning: 'ClientPortalLayout' is defined but 
never used.  @typescript-eslint/no-unused-vars
29:19  Warning: 'ProductReview' is defined but never 
used.  @typescript-eslint/no-unused-vars
32:9  Warning: 'router' is assigned a value but never 
used.  @typescript-eslint/no-unused-vars

./app/client-portal/wishlist/page.tsx
7:29  Warning: 'CardHeader' is defined but never used.  
@typescript-eslint/no-unused-vars
7:41  Warning: 'CardTitle' is defined but never used.  
@typescript-eslint/no-unused-vars
20:11  Warning: 'toast' is assigned a value but never 
used.  @typescript-eslint/no-unused-vars
32:49  Warning: Unexpected any. Specify a different 
type.  @typescript-eslint/no-explicit-any

./app/dashboard/accounting/page.tsx
14:10  Warning: 'Transactions' is defined but never 
used.  @typescript-eslint/no-unused-vars
24:33  Warning: 'BulkExportOptions' is defined but 
never used.  @typescript-eslint/no-unused-vars
26:43  Warning: 'CalendarIcon' is defined but never 
used.  @typescript-eslint/no-unused-vars
62:28  Warning: 'getActiveLocations' is assigned a 
value but never used.  @typescript-eslint/no-unused-vars
63:11  Warning: 'transactions' is assigned a value but 
never used.  @typescript-eslint/no-unused-vars
204:3  Warning: Unexpected console statement. Only 
these console methods are allowed: warn, error.  
no-console
211:3  Warning: Unexpected console statement. Only 
these console methods are allowed: warn, error.  
no-console
212:3  Warning: Unexpected console statement. Only 
these console methods are allowed: warn, error.  
no-console
213:3  Warning: Unexpected console statement. Only 
these console methods are allowed: warn, error.  
no-console
214:3  Warning: Unexpected console statement. Only 
these console methods are allowed: warn, error.  
no-console
215:3  Warning: Unexpected console statement. Only 
these console methods are allowed: warn, error.  
no-console
228:11  Warning: 'financialSummary' is assigned a value 
but never used.  @typescript-eslint/no-unused-vars
230:11  Warning: 'transactionSummary' is assigned a 
value but never used.  @typescript-eslint/no-unused-vars
292:13  Error: Unexpected lexical declaration in case 
block.  no-case-declarations
296:13  Error: Unexpected lexical declaration in case 
block.  no-case-declarations
303:13  Error: Unexpected lexical declaration in case 
block.  no-case-declarations
307:13  Error: Unexpected lexical declaration in case 
block.  no-case-declarations
466:36  Warning: Unexpected any. Specify a different 
type.  @typescript-eslint/no-explicit-any

./app/dashboard/appointments/page.tsx
14:23  Warning: 'TransactionType' is defined but never 
used.  @typescript-eslint/no-unused-vars
14:40  Warning: 'TransactionSource' is defined but 
never used.  @typescript-eslint/no-unused-vars
14:59  Warning: 'TransactionStatus' is defined but 
never used.  @typescript-eslint/no-unused-vars
17:10  Warning: 'getCleanClientName' is defined but 
never used.  @typescript-eslint/no-unused-vars
35:66  Warning: Unexpected any. Specify a different 
type.  @typescript-eslint/no-explicit-any
37:52  Warning: Unexpected any. Specify a different 
type.  @typescript-eslint/no-explicit-any
38:44  Warning: Unexpected any. Specify a different 
type.  @typescript-eslint/no-explicit-any
49:9  Warning: 'inventoryService' is assigned a value 
but never used.  @typescript-eslint/no-unused-vars
54:51  Warning: Unexpected any. Specify a different 
type.  @typescript-eslint/no-explicit-any
64:56  Warning: Unexpected any. Specify a different 
type.  @typescript-eslint/no-explicit-any
73:46  Warning: Unexpected any. Specify a different 
type.  @typescript-eslint/no-explicit-any
84:54  Warning: Unexpected any. Specify a different 
type.  @typescript-eslint/no-explicit-any
86:7  Warning: Unexpected console statement. Only these 
console methods are allowed: warn, error.  no-console
87:7  Warning: Unexpected console statement. Only these 
console methods are allowed: warn, error.  no-console
88:7  Warning: Unexpected console statement. Only these 
console methods are allowed: warn, error.  no-console
95:11  Warning: Unexpected console statement. Only 
these console methods are allowed: warn, error.  
no-console
103:9  Warning: Unexpected console statement. Only 
these console methods are allowed: warn, error.  
no-console
116:7  Warning: Unexpected console statement. Only 
these console methods are allowed: warn, error.  
no-console
125:7  Warning: Unexpected console statement. Only 
these console methods are allowed: warn, error.  
no-console
130:9  Warning: Unexpected console statement. Only 
these console methods are allowed: warn, error.  
no-console
141:9  Warning: Unexpected console statement. Only 
these console methods are allowed: warn, error.  
no-console
143:9  Warning: Unexpected console statement. Only 
these console methods are allowed: warn, error.  
no-console
151:11  Warning: Unexpected console statement. Only 
these console methods are allowed: warn, error.  
no-console
157:11  Warning: Unexpected console statement. Only 
these console methods are allowed: warn, error.  
no-console
160:11  Warning: Unexpected console statement. Only 
these console methods are allowed: warn, error.  
no-console
173:7  Warning: Unexpected console statement. Only 
these console methods are allowed: warn, error.  
no-console
185:64  Warning: Unexpected any. Specify a different 
type.  @typescript-eslint/no-explicit-any
186:5  Warning: Unexpected console statement. Only 
these console methods are allowed: warn, error.  
no-console
189:5  Warning: Unexpected console statement. Only 
these console methods are allowed: warn, error.  
no-console
193:7  Warning: Unexpected console statement. Only 
these console methods are allowed: warn, error.  
no-console
203:11  Warning: Unexpected console statement. Only 
these console methods are allowed: warn, error.  
no-console
206:11  Warning: Unexpected console statement. Only 
these console methods are allowed: warn, error.  
no-console
207:11  Warning: Unexpected console statement. Only 
these console methods are allowed: warn, error.  
no-console
209:13  Warning: Unexpected console statement. Only 
these console methods are allowed: warn, error.  
no-console
220:7  Warning: Unexpected console statement. Only 
these console methods are allowed: warn, error.  
no-console
227:7  Warning: Unexpected console statement. Only 
these console methods are allowed: warn, error.  
no-console
242:11  Warning: Unexpected console statement. Only 
these console methods are allowed: warn, error.  
no-console
246:13  Warning: Unexpected console statement. Only 
these console methods are allowed: warn, error.  
no-console
268:7  Warning: Unexpected console statement. Only 
these console methods are allowed: warn, error.  
no-console
276:48  Warning: Unexpected any. Specify a different 
type.  @typescript-eslint/no-explicit-any
321:7  Warning: Unexpected console statement. Only 
these console methods are allowed: warn, error.  
no-console
382:13  Warning: Unexpected console statement. Only 
these console methods are allowed: warn, error.  
no-console
394:11  Warning: Unexpected console statement. Only 
these console methods are allowed: warn, error.  
no-console
395:11  Warning: Unexpected console statement. Only 
these console methods are allowed: warn, error.  
no-console
396:11  Warning: Unexpected console statement. Only 
these console methods are allowed: warn, error.  
no-console
397:11  Warning: Unexpected console statement. Only 
these console methods are allowed: warn, error.  
no-console
398:11  Warning: Unexpected console statement. Only 
these console methods are allowed: warn, error.  
no-console
403:11  Warning: Unexpected console statement. Only 
these console methods are allowed: warn, error.  
no-console
412:17  Warning: 'appointmentRef' is assigned a value 
but never used.  @typescript-eslint/no-unused-vars
427:13  Warning: Unexpected console statement. Only 
these console methods are allowed: warn, error.  
no-console
428:13  Warning: Unexpected console statement. Only 
these console methods are allowed: warn, error.  
no-console
438:13  Warning: Unexpected console statement. Only 
these console methods are allowed: warn, error.  
no-console
439:13  Warning: Unexpected console statement. Only 
these console methods are allowed: warn, error.  
no-console
448:11  Warning: Unexpected console statement. Only 
these console methods are allowed: warn, error.  
no-console
453:13  Warning: Unexpected console statement. Only 
these console methods are allowed: warn, error.  
no-console
455:13  Warning: Unexpected console statement. Only 
these console methods are allowed: warn, error.  
no-console
483:7  Warning: Unexpected console statement. Only 
these console methods are allowed: warn, error.  
no-console
508:59  Warning: Unexpected any. Specify a different 
type.  @typescript-eslint/no-explicit-any
509:5  Warning: Unexpected console statement. Only 
these console methods are allowed: warn, error.  
no-console
544:5  Warning: Unexpected console statement. Only 
these console methods are allowed: warn, error.  
no-console
564:61  Warning: Unexpected any. Specify a different 
type.  @typescript-eslint/no-explicit-any
567:7  Warning: Unexpected console statement. Only 
these console methods are allowed: warn, error.  
no-console
591:5  Warning: Unexpected console statement. Only 
these console methods are allowed: warn, error.  
no-console
627:7  Warning: Unexpected console statement. Only 
these console methods are allowed: warn, error.  
no-console

./app/dashboard/clients/page.tsx
18:11  Warning: 'user' is assigned a value but never 
used.  @typescript-eslint/no-unused-vars
39:7  Warning: Unexpected console statement. Only these 
console methods are allowed: warn, error.  no-console

./app/dashboard/clients/[id]/page.tsx
19:3  Warning: 'User' is defined but never used.  
@typescript-eslint/no-unused-vars
51:11  Warning: 'currentLocation' is assigned a value 
but never used.  @typescript-eslint/no-unused-vars
54:11  Warning: 'formatCurrency' is assigned a value 
but never used.  @typescript-eslint/no-unused-vars
63:52  Warning: Unexpected any. Specify a different 
type.  @typescript-eslint/no-explicit-any
64:46  Warning: Unexpected any. Specify a different 
type.  @typescript-eslint/no-explicit-any
65:56  Warning: Unexpected any. Specify a different 
type.  @typescript-eslint/no-explicit-any
87:5  Warning: Unexpected console statement. Only these 
console methods are allowed: warn, error.  no-console
88:5  Warning: Unexpected console statement. Only these 
console methods are allowed: warn, error.  no-console
94:9  Warning: Unexpected console statement. Only these 
console methods are allowed: warn, error.  no-console
100:9  Warning: Unexpected console statement. Only 
these console methods are allowed: warn, error.  
no-console
109:13  Warning: Unexpected console statement. Only 
these console methods are allowed: warn, error.  
no-console
118:11  Warning: Unexpected console statement. Only 
these console methods are allowed: warn, error.  
no-console
126:5  Warning: Unexpected console statement. Only 
these console methods are allowed: warn, error.  
no-console
231:11  Warning: Unexpected console statement. Only 
these console methods are allowed: warn, error.  
no-console
234:9  Warning: Unexpected console statement. Only 
these console methods are allowed: warn, error.  
no-console
262:35  Warning: 'clientId' is defined but never used.  
@typescript-eslint/no-unused-vars
264:31  Warning: Unexpected any. Specify a different 
type.  @typescript-eslint/no-explicit-any
658:68  Warning: Unexpected any. Specify a different 
type.  @typescript-eslint/no-explicit-any

./app/dashboard/feedback/page.tsx
22:3  Warning: 'Users' is defined but never used.  
@typescript-eslint/no-unused-vars
25:3  Warning: 'AlertCircle' is defined but never used. 
 @typescript-eslint/no-unused-vars
27:3  Warning: 'ThumbsDown' is defined but never used.  
@typescript-eslint/no-unused-vars
28:3  Warning: 'Filter' is defined but never used.  
@typescript-eslint/no-unused-vars

./app/dashboard/gift-cards-memberships/page.tsx
25:3  Warning: 'CreditCard' is defined but never used.  
@typescript-eslint/no-unused-vars
26:3  Warning: 'Calendar' is defined but never used.  
@typescript-eslint/no-unused-vars
57:50  Warning: Unexpected any. Specify a different 
type.  @typescript-eslint/no-explicit-any
62:15  Warning: 'giftCardSettings' is assigned a value 
but never used.  @typescript-eslint/no-unused-vars
63:16  Warning: 'giftCardsLoading' is assigned a value 
but never used.  @typescript-eslint/no-unused-vars
70:15  Warning: 'membershipSettings' is assigned a 
value but never used.  @typescript-eslint/no-unused-vars
71:16  Warning: 'membershipsLoading' is assigned a 
value but never used.  @typescript-eslint/no-unused-vars
127:33  Warning: Unexpected any. Specify a different 
type.  @typescript-eslint/no-explicit-any
139:21  Warning: Unexpected any. Specify a different 
type.  @typescript-eslint/no-explicit-any
148:47  Warning: Unexpected any. Specify a different 
type.  @typescript-eslint/no-explicit-any
155:21  Warning: Unexpected any. Specify a different 
type.  @typescript-eslint/no-explicit-any
164:43  Warning: Unexpected any. Specify a different 
type.  @typescript-eslint/no-explicit-any
181:21  Warning: Unexpected any. Specify a different 
type.  @typescript-eslint/no-explicit-any
541:23  Warning: 'memberCount' is assigned a value but 
never used.  @typescript-eslint/no-unused-vars
698:72  Warning: Unexpected any. Specify a different 
type.  @typescript-eslint/no-explicit-any
699:72  Warning: Unexpected any. Specify a different 
type.  @typescript-eslint/no-explicit-any

./app/dashboard/help/page.tsx
19:3  Warning: 'Clock' is defined but never used.  
@typescript-eslint/no-unused-vars

./app/dashboard/hr/page.tsx
3:20  Warning: 'useEffect' is defined but never used.  
@typescript-eslint/no-unused-vars
5:10  Warning: 'useRouter' is defined but never used.  
@typescript-eslint/no-unused-vars
5:21  Warning: 'useSearchParams' is defined but never 
used.  @typescript-eslint/no-unused-vars
6:10  Warning: 'Card' is defined but never used.  
@typescript-eslint/no-unused-vars
6:16  Warning: 'CardHeader' is defined but never used.  
@typescript-eslint/no-unused-vars
6:28  Warning: 'CardTitle' is defined but never used.  
@typescript-eslint/no-unused-vars

./app/dashboard/inventory/page.tsx
13:10  Warning: 'Switch' is defined but never used.  
@typescript-eslint/no-unused-vars
22:10  Warning: 'LocationStockDisplay' is defined but 
never used.  @typescript-eslint/no-unused-vars
22:32  Warning: 'LocationStockHorizontal' is defined 
but never used.  @typescript-eslint/no-unused-vars
26:161  Warning: 'Filter' is defined but never used.  
@typescript-eslint/no-unused-vars
26:169  Warning: 'BarChart3' is defined but never used. 
 @typescript-eslint/no-unused-vars
26:215  Warning: 'FileText' is defined but never used.  
@typescript-eslint/no-unused-vars
34:6  Warning: 'Product' is defined but never used.  
@typescript-eslint/no-unused-vars
36:11  Warning: 'ProductLocation' is defined but never 
used.  @typescript-eslint/no-unused-vars
61:11  Warning: 'formatCurrency' is assigned a value 
but never used.  @typescript-eslint/no-unused-vars
62:32  Warning: 'getTransferById' is assigned a value 
but never used.  @typescript-eslint/no-unused-vars
76:58  Warning: Unexpected any. Specify a different 
type.  @typescript-eslint/no-explicit-any
83:10  Warning: 'transferProductFilter' is assigned a 
value but never used.  @typescript-eslint/no-unused-vars
84:60  Warning: Unexpected any. Specify a different 
type.  @typescript-eslint/no-explicit-any
92:9  Warning: 'fetchProducts' is assigned a value but 
never used.  @typescript-eslint/no-unused-vars
110:7  Warning: Unexpected console statement. Only 
these console methods are allowed: warn, error.  
no-console
140:7  Warning: Unexpected console statement. Only 
these console methods are allowed: warn, error.  
no-console
143:163  Warning: Unexpected any. Specify a different 
type.  @typescript-eslint/no-explicit-any
218:9  Warning: Unexpected console statement. Only 
these console methods are allowed: warn, error.  
no-console
225:39  Warning: Unexpected any. Specify a different 
type.  @typescript-eslint/no-explicit-any
227:7  Warning: Unexpected console statement. Only 
these console methods are allowed: warn, error.  
no-console
234:24  Warning: Unexpected any. Specify a different 
type.  @typescript-eslint/no-explicit-any
245:9  Warning: 'issuesFound' is never reassigned. Use 
'const' instead.  prefer-const
245:9  Warning: 'issuesFound' is assigned a value but 
never used.  @typescript-eslint/no-unused-vars
280:7  Warning: Unexpected console statement. Only 
these console methods are allowed: warn, error.  
no-console
282:7  Warning: Unexpected console statement. Only 
these console methods are allowed: warn, error.  
no-console
328:39  Warning: Unexpected any. Specify a different 
type.  @typescript-eslint/no-explicit-any
333:39  Warning: Unexpected any. Specify a different 
type.  @typescript-eslint/no-explicit-any
346:43  Warning: Unexpected any. Specify a different 
type.  @typescript-eslint/no-explicit-any
351:50  Warning: Unexpected any. Specify a different 
type.  @typescript-eslint/no-explicit-any
357:5  Warning: Unexpected console statement. Only 
these console methods are allowed: warn, error.  
no-console
368:11  Warning: Unexpected console statement. Only 
these console methods are allowed: warn, error.  
no-console
370:11  Warning: Unexpected console statement. Only 
these console methods are allowed: warn, error.  
no-console
392:7  Warning: Unexpected console statement. Only 
these console methods are allowed: warn, error.  
no-console
440:19  Warning: Unexpected any. Specify a different 
type.  @typescript-eslint/no-explicit-any
852:31  Warning: 'stock' is assigned a value but never 
used.  @typescript-eslint/no-unused-vars
858:33  Warning: Using `<img>` could result in slower 
LCP and higher bandwidth. Consider using `<Image />` 
from `next/image` or a custom image loader to 
automatically optimize images. This may incur 
additional usage or cost from your provider. See: 
https://nextjs.org/docs/messages/no-img-element  
@next/next/no-img-element
1058:31  Warning: 'usageInfo' is assigned a value but 
never used.  @typescript-eslint/no-unused-vars
1059:31  Warning: 'safetyInfo' is assigned a value but 
never used.  @typescript-eslint/no-unused-vars
1064:40  Warning: Unexpected any. Specify a different 
type.  @typescript-eslint/no-explicit-any
1548:33  Error: Unexpected lexical declaration in case 
block.  no-case-declarations
1552:33  Error: Unexpected lexical declaration in case 
block.  no-case-declarations

./app/dashboard/layout.tsx
7:8  Warning: 'Link' is defined but never used.  
@typescript-eslint/no-unused-vars
8:8  Warning: 'Image' is defined but never used.  
@typescript-eslint/no-unused-vars

./app/dashboard/notifications/page.tsx
13:10  Warning: 'RealTimeEventType' is defined but 
never used.  @typescript-eslint/no-unused-vars
29:3  Warning: 'Filter' is defined but never used.  
@typescript-eslint/no-unused-vars
33:3  Warning: 'Zap' is defined but never used.  
@typescript-eslint/no-unused-vars
46:10  Warning: Unexpected any. Specify a different 
type.  @typescript-eslint/no-explicit-any
133:26  Warning: 'setCategoryFilter' is assigned a 
value but never used.  @typescript-eslint/no-unused-vars
146:11  Warning: 'emitEvent' is assigned a value but 
never used.  @typescript-eslint/no-unused-vars

./app/dashboard/orders/page.tsx
3:20  Warning: 'useEffect' is defined but never used.  
@typescript-eslint/no-unused-vars
4:29  Warning: 'CardDescription' is defined but never 
used.  @typescript-eslint/no-unused-vars
4:46  Warning: 'CardHeader' is defined but never used.  
@typescript-eslint/no-unused-vars
4:58  Warning: 'CardTitle' is defined but never used.  
@typescript-eslint/no-unused-vars
17:10  Warning: 'printOrderReceipt' is defined but 
never used.  @typescript-eslint/no-unused-vars
17:29  Warning: 'exportOrderToPdf' is defined but never 
used.  @typescript-eslint/no-unused-vars
137:85  Warning: Unexpected any. Specify a different 
type.  @typescript-eslint/no-explicit-any

./app/dashboard/page.tsx
11:10  Warning: 'AccessDenied' is defined but never 
used.  @typescript-eslint/no-unused-vars
70:7  Warning: Unexpected console statement. Only these 
console methods are allowed: warn, error.  no-console

./app/dashboard/pos/page.tsx
7:23  Warning: 'ButtonProps' is defined but never used. 
 @typescript-eslint/no-unused-vars
21:10  Warning: 'ConsolidatedTransactionService' is 
defined but never used.  
@typescript-eslint/no-unused-vars
26:10  Warning: 'generateTransactionIdWithPrefix' is 
defined but never used.  
@typescript-eslint/no-unused-vars
56:3  Warning: Unexpected console statement. Only these 
console methods are allowed: warn, error.  no-console
57:3  Warning: Unexpected console statement. Only these 
console methods are allowed: warn, error.  no-console
58:3  Warning: Unexpected console statement. Only these 
console methods are allowed: warn, error.  no-console
62:5  Warning: Unexpected console statement. Only these 
console methods are allowed: warn, error.  no-console
75:46  Warning: Unexpected any. Specify a different 
type.  @typescript-eslint/no-explicit-any
76:56  Warning: Unexpected any. Specify a different 
type.  @typescript-eslint/no-explicit-any
98:7  Warning: Unexpected console statement. Only these 
console methods are allowed: warn, error.  no-console
115:7  Warning: Unexpected console statement. Only 
these console methods are allowed: warn, error.  
no-console
118:77  Warning: Unexpected any. Specify a different 
type.  @typescript-eslint/no-explicit-any
125:63  Warning: Unexpected any. Specify a different 
type.  @typescript-eslint/no-explicit-any
225:28  Warning: Unexpected any. Specify a different 
type.  @typescript-eslint/no-explicit-any
293:7  Warning: Unexpected console statement. Only 
these console methods are allowed: warn, error.  
no-console
294:13  Warning: 'items' is assigned a value but never 
used.  @typescript-eslint/no-unused-vars
313:13  Warning: 'mockAppointment' is assigned a value 
but never used.  @typescript-eslint/no-unused-vars
386:9  Warning: Unexpected console statement. Only 
these console methods are allowed: warn, error.  
no-console
421:9  Warning: Unexpected console statement. Only 
these console methods are allowed: warn, error.  
no-console
425:7  Warning: Unexpected console statement. Only 
these console methods are allowed: warn, error.  
no-console
437:9  Warning: Unexpected console statement. Only 
these console methods are allowed: warn, error.  
no-console
441:11  Warning: Unexpected console statement. Only 
these console methods are allowed: warn, error.  
no-console
445:11  Warning: Unexpected console statement. Only 
these console methods are allowed: warn, error.  
no-console
474:11  Warning: Unexpected console statement. Only 
these console methods are allowed: warn, error.  
no-console
477:13  Warning: Unexpected console statement. Only 
these console methods are allowed: warn, error.  
no-console
488:13  Warning: Unexpected console statement. Only 
these console methods are allowed: warn, error.  
no-console
498:13  Warning: Unexpected console statement. Only 
these console methods are allowed: warn, error.  
no-console
499:13  Warning: Unexpected console statement. Only 
these console methods are allowed: warn, error.  
no-console
523:13  Warning: Unexpected console statement. Only 
these console methods are allowed: warn, error.  
no-console
540:11  Warning: Unexpected console statement. Only 
these console methods are allowed: warn, error.  
no-console
544:7  Warning: Unexpected console statement. Only 
these console methods are allowed: warn, error.  
no-console
566:39  Warning: Unexpected any. Specify a different 
type.  @typescript-eslint/no-explicit-any
658:72  Warning: Unexpected any. Specify a different 
type.  @typescript-eslint/no-explicit-any
732:87  Warning: Unexpected any. Specify a different 
type.  @typescript-eslint/no-explicit-any
740:83  Warning: Unexpected any. Specify a different 
type.  @typescript-eslint/no-explicit-any

./app/dashboard/profile/page.tsx
3:27  Warning: 'useEffect' is defined but never used.  
@typescript-eslint/no-unused-vars
17:3  Warning: 'User' is defined but never used.  
@typescript-eslint/no-unused-vars
18:3  Warning: 'Mail' is defined but never used.  
@typescript-eslint/no-unused-vars
19:3  Warning: 'Phone' is defined but never used.  
@typescript-eslint/no-unused-vars
22:3  Warning: 'Shield' is defined but never used.  
@typescript-eslint/no-unused-vars
23:3  Warning: 'Bell' is defined but never used.  
@typescript-eslint/no-unused-vars
29:3  Warning: 'Settings' is defined but never used.  
@typescript-eslint/no-unused-vars
30:3  Warning: 'Activity' is defined but never used.  
@typescript-eslint/no-unused-vars

./app/dashboard/reports/page.tsx
27:41  Warning: 'TrendingDown' is defined but never 
used.  @typescript-eslint/no-unused-vars
27:135  Warning: 'Users' is defined but never used.  
@typescript-eslint/no-unused-vars
27:142  Warning: 'DollarSign' is defined but never 
used.  @typescript-eslint/no-unused-vars
29:29  Warning: 'TransactionType' is defined but never 
used.  @typescript-eslint/no-unused-vars
35:3  Warning: 'prepareChartDataForExport' is defined 
but never used.  @typescript-eslint/no-unused-vars
70:46  Warning: Unexpected any. Specify a different 
type.  @typescript-eslint/no-explicit-any
183:13  Error: Unexpected lexical declaration in case 
block.  no-case-declarations
187:13  Error: Unexpected lexical declaration in case 
block.  no-case-declarations
191:13  Error: Unexpected lexical declaration in case 
block.  no-case-declarations
195:13  Error: Unexpected lexical declaration in case 
block.  no-case-declarations
199:13  Error: Unexpected lexical declaration in case 
block.  no-case-declarations
203:13  Error: Unexpected lexical declaration in case 
block.  no-case-declarations
357:36  Warning: Unexpected any. Specify a different 
type.  @typescript-eslint/no-explicit-any
384:15  Error: Unexpected lexical declaration in case 
block.  no-case-declarations
388:15  Error: Unexpected lexical declaration in case 
block.  no-case-declarations
392:15  Error: Unexpected lexical declaration in case 
block.  no-case-declarations
404:15  Error: Unexpected lexical declaration in case 
block.  no-case-declarations
477:5  Warning: Unexpected console statement. Only 
these console methods are allowed: warn, error.  
no-console
494:22  Warning: Unexpected any. Specify a different 
type.  @typescript-eslint/no-explicit-any
536:7  Warning: Unexpected console statement. Only 
these console methods are allowed: warn, error.  
no-console
551:3  Warning: Unexpected console statement. Only 
these console methods are allowed: warn, error.  
no-console
552:3  Warning: Unexpected console statement. Only 
these console methods are allowed: warn, error.  
no-console
553:3  Warning: Unexpected console statement. Only 
these console methods are allowed: warn, error.  
no-console
554:3  Warning: Unexpected console statement. Only 
these console methods are allowed: warn, error.  
no-console
555:3  Warning: Unexpected console statement. Only 
these console methods are allowed: warn, error.  
no-console

./app/dashboard/settings/page.tsx
2:27  Warning: 'useMemo' is defined but never used.  
@typescript-eslint/no-unused-vars
8:10  Warning: 'Button' is defined but never used.  
@typescript-eslint/no-unused-vars
27:3  Warning: 'Shield' is defined but never used.  
@typescript-eslint/no-unused-vars
28:3  Warning: 'Database' is defined but never used.  
@typescript-eslint/no-unused-vars
29:3  Warning: 'Globe' is defined but never used.  
@typescript-eslint/no-unused-vars
30:3  Warning: 'Smartphone' is defined but never used.  
@typescript-eslint/no-unused-vars
130:9  Warning: 'tabs' is never reassigned. Use 'const' 
instead.  prefer-const
269:12  Warning: Unexpected console statement. Only 
these console methods are allowed: warn, error.  
no-console

./app/dashboard/staff/page.tsx
3:20  Warning: 'useEffect' is defined but never used.  
@typescript-eslint/no-unused-vars
3:31  Warning: 'useCallback' is defined but never used. 
 @typescript-eslint/no-unused-vars
8:10  Warning: 'Card' is defined but never used.  
@typescript-eslint/no-unused-vars
8:16  Warning: 'CardHeader' is defined but never used.  
@typescript-eslint/no-unused-vars
8:28  Warning: 'CardTitle' is defined but never used.  
@typescript-eslint/no-unused-vars
17:10  Warning: 'StaffStorage' is defined but never 
used.  @typescript-eslint/no-unused-vars
20:11  Warning: 'user' is assigned a value but never 
used.  @typescript-eslint/no-unused-vars
21:18  Warning: 'realStaff' is assigned a value but 
never used.  @typescript-eslint/no-unused-vars
25:45  Warning: Unexpected any. Specify a different 
type.  @typescript-eslint/no-explicit-any
27:5  Warning: Unexpected console statement. Only these 
console methods are allowed: warn, error.  no-console
32:5  Warning: Unexpected console statement. Only these 
console methods are allowed: warn, error.  no-console
37:5  Warning: Unexpected console statement. Only these 
console methods are allowed: warn, error.  no-console

./components/accounting/daily-sales.tsx
3:20  Warning: 'useEffect' is defined but never used.  
@typescript-eslint/no-unused-vars
8:102  Warning: 'Printer' is defined but never used.  
@typescript-eslint/no-unused-vars
17:8  Warning: 'ReportData' is defined but never used.  
@typescript-eslint/no-unused-vars
19:10  Warning: 'aggregateDailySalesData' is defined 
but never used.  @typescript-eslint/no-unused-vars
20:10  Warning: 'ReportPrintService' is defined but 
never used.  @typescript-eslint/no-unused-vars
20:35  Warning: 'PrintSection' is defined but never 
used.  @typescript-eslint/no-unused-vars
56:3  Warning: 'dateRange' is defined but never used.  
@typescript-eslint/no-unused-vars
58:3  Warning: 'dateMode' is assigned a value but never 
used.  @typescript-eslint/no-unused-vars
61:11  Warning: 'transactions' is assigned a value but 
never used.  @typescript-eslint/no-unused-vars
67:10  Warning: 'isPrinting' is assigned a value but 
never used.  @typescript-eslint/no-unused-vars
67:22  Warning: 'setIsPrinting' is assigned a value but 
never used.  @typescript-eslint/no-unused-vars
71:20  Warning: Unexpected any. Specify a different 
type.  @typescript-eslint/no-explicit-any
330:29  Warning: Unexpected any. Specify a different 
type.  @typescript-eslint/no-explicit-any

./components/accounting/duplicate-cleanup.tsx
9:44  Warning: 'CheckCircle' is defined but never used. 
 @typescript-eslint/no-unused-vars
28:49  Warning: Unexpected any. Specify a different 
type.  @typescript-eslint/no-explicit-any
29:45  Warning: Unexpected any. Specify a different 
type.  @typescript-eslint/no-explicit-any

./components/accounting/expenses.tsx
4:16  Warning: 'CardContent' is defined but never used. 
 @typescript-eslint/no-unused-vars
13:90  Warning: 'Printer' is defined but never used.  
@typescript-eslint/no-unused-vars
20:8  Warning: 'ReportData' is defined but never used.  
@typescript-eslint/no-unused-vars
22:10  Warning: 'aggregateExpenseData' is defined but 
never used.  @typescript-eslint/no-unused-vars
23:10  Warning: 'ReportPrintService' is defined but 
never used.  @typescript-eslint/no-unused-vars
23:35  Warning: 'PrintSection' is defined but never 
used.  @typescript-eslint/no-unused-vars
32:11  Warning: 'formatCurrency' is assigned a value 
but never used.  @typescript-eslint/no-unused-vars
36:10  Warning: 'isPrinting' is assigned a value but 
never used.  @typescript-eslint/no-unused-vars
36:22  Warning: 'setIsPrinting' is assigned a value but 
never used.  @typescript-eslint/no-unused-vars
197:29  Warning: Unexpected any. Specify a different 
type.  @typescript-eslint/no-explicit-any
205:13  Error: Unexpected lexical declaration in case 
block.  no-case-declarations

./components/accounting/financial-overview.tsx
17:25  Warning: 'setFinancialData' is assigned a value 
but never used.  @typescript-eslint/no-unused-vars
29:28  Warning: 'setRevenueBreakdown' is assigned a 
value but never used.  @typescript-eslint/no-unused-vars
34:28  Warning: 'setExpenseBreakdown' is assigned a 
value but never used.  @typescript-eslint/no-unused-vars

./components/accounting/hr-management.tsx
22:33  Warning: 'BulkExportOptions' is defined but 
never used.  @typescript-eslint/no-unused-vars
25:92  Warning: 'Printer' is defined but never used.  
@typescript-eslint/no-unused-vars
27:10  Warning: 'CurrencyDisplay' is defined but never 
used.  @typescript-eslint/no-unused-vars
34:8  Warning: 'ReportData' is defined but never used.  
@typescript-eslint/no-unused-vars
43:10  Warning: 'ReportPrintService' is defined but 
never used.  @typescript-eslint/no-unused-vars
43:35  Warning: 'PrintSection' is defined but never 
used.  @typescript-eslint/no-unused-vars
66:11  Warning: 'formatCurrency' is assigned a value 
but never used.  @typescript-eslint/no-unused-vars
72:10  Warning: 'isPrinting' is assigned a value but 
never used.  @typescript-eslint/no-unused-vars
72:22  Warning: 'setIsPrinting' is assigned a value but 
never used.  @typescript-eslint/no-unused-vars
106:7  Warning: Unexpected console statement. Only 
these console methods are allowed: warn, error.  
no-console
110:45  Warning: Unexpected any. Specify a different 
type.  @typescript-eslint/no-explicit-any
111:5  Warning: Unexpected console statement. Only 
these console methods are allowed: warn, error.  
no-console
115:5  Warning: Unexpected console statement. Only 
these console methods are allowed: warn, error.  
no-console
179:29  Warning: Unexpected any. Specify a different 
type.  @typescript-eslint/no-explicit-any
184:13  Error: Unexpected lexical declaration in case 
block.  no-case-declarations
185:13  Error: Unexpected lexical declaration in case 
block.  no-case-declarations
186:13  Error: Unexpected lexical declaration in case 
block.  no-case-declarations
187:13  Error: Unexpected lexical declaration in case 
block.  no-case-declarations
188:13  Error: Unexpected lexical declaration in case 
block.  no-case-declarations
192:13  Error: Unexpected lexical declaration in case 
block.  no-case-declarations
196:13  Error: Unexpected lexical declaration in case 
block.  no-case-declarations
200:13  Error: Unexpected lexical declaration in case 
block.  no-case-declarations
204:13  Error: Unexpected lexical declaration in case 
block.  no-case-declarations

./components/accounting/new-expense-dialog.tsx
24:10  Warning: 'CurrencyDisplay' is defined but never 
used.  @typescript-eslint/no-unused-vars
65:5  Warning: Unexpected console statement. Only these 
console methods are allowed: warn, error.  no-console

./components/accounting/new-transaction-dialog.tsx
79:11  Warning: 'newTransaction' is assigned a value 
but never used.  @typescript-eslint/no-unused-vars

./components/accounting/reports.tsx
18:27  Warning: 'dateRange' is defined but never used.  
@typescript-eslint/no-unused-vars
19:11  Warning: 'formatCurrency' is assigned a value 
but never used.  @typescript-eslint/no-unused-vars

./components/accounting/staff-costs.tsx
16:3  Warning: 'Download' is defined but never used.  
@typescript-eslint/no-unused-vars
36:8  Warning: 'ReportData' is defined but never used.  
@typescript-eslint/no-unused-vars
38:10  Warning: 'aggregateStaffCostsData' is defined 
but never used.  @typescript-eslint/no-unused-vars
127:15  Warning: Unexpected any. Specify a different 
type.  @typescript-eslint/no-explicit-any
132:11  Warning: 'formatCurrency' is assigned a value 
but never used.  @typescript-eslint/no-unused-vars
136:10  Warning: 'isAddCostDialogOpen' is assigned a 
value but never used.  @typescript-eslint/no-unused-vars
222:29  Warning: Unexpected any. Specify a different 
type.  @typescript-eslint/no-explicit-any
230:13  Error: Unexpected lexical declaration in case 
block.  no-case-declarations
368:36  Warning: Unexpected any. Specify a different 
type.  @typescript-eslint/no-explicit-any

./components/accounting/transaction-details-dialog.tsx
3:10  Warning: 'useState' is defined but never used.  
@typescript-eslint/no-unused-vars
29:3  Warning: 'Clock' is defined but never used.  
@typescript-eslint/no-unused-vars
30:3  Warning: 'Hash' is defined but never used.  
@typescript-eslint/no-unused-vars
80:11  Warning: 'serviceSubtotal' is assigned a value 
but never used.  @typescript-eslint/no-unused-vars
80:28  Warning: 'productSubtotal' is assigned a value 
but never used.  @typescript-eslint/no-unused-vars
80:45  Warning: 'serviceOriginal' is assigned a value 
but never used.  @typescript-eslint/no-unused-vars
80:62  Warning: 'serviceDiscount' is assigned a value 
but never used.  @typescript-eslint/no-unused-vars
80:79  Warning: 'discountPercentage' is assigned a 
value but never used.  @typescript-eslint/no-unused-vars

./components/accounting/transactions.tsx
4:16  Warning: 'CardContent' is defined but never used. 
 @typescript-eslint/no-unused-vars
38:10  Warning: 'Tooltip' is defined but never used.  
@typescript-eslint/no-unused-vars
38:19  Warning: 'TooltipContent' is defined but never 
used.  @typescript-eslint/no-unused-vars
38:35  Warning: 'TooltipProvider' is defined but never 
used.  @typescript-eslint/no-unused-vars
38:52  Warning: 'TooltipTrigger' is defined but never 
used.  @typescript-eslint/no-unused-vars
70:54  Warning: Unexpected any. Specify a different 
type.  @typescript-eslint/no-explicit-any
80:5  Warning: Unexpected console statement. Only these 
console methods are allowed: warn, error.  no-console
90:20  Warning: Unexpected any. Specify a different 
type.  @typescript-eslint/no-explicit-any
109:5  Warning: Unexpected console statement. Only 
these console methods are allowed: warn, error.  
no-console
184:9  Warning: 'calculateOriginalAmount' is assigned a 
value but never used.  @typescript-eslint/no-unused-vars
251:29  Warning: Unexpected any. Specify a different 
type.  @typescript-eslint/no-explicit-any
259:13  Error: Unexpected lexical declaration in case 
block.  no-case-declarations
437:61  Warning: Unexpected any. Specify a different 
type.  @typescript-eslint/no-explicit-any
437:77  Warning: Unexpected any. Specify a different 
type.  @typescript-eslint/no-explicit-any
438:5  Warning: Unexpected console statement. Only 
these console methods are allowed: warn, error.  
no-console
442:7  Warning: Unexpected console statement. Only 
these console methods are allowed: warn, error.  
no-console

./components/appointments-chart.tsx
11:37  Warning: 'dateRange' is defined but never used.  
@typescript-eslint/no-unused-vars
12:11  Warning: 'currentLocation' is assigned a value 
but never used.  @typescript-eslint/no-unused-vars

./components/appointments-list.tsx
30:9  Warning: 'isCorrectLocation' is never reassigned. 
Use 'const' instead.  prefer-const

./components/auth-error-handler.tsx
13:37  Warning: Unexpected any. Specify a different 
type.  @typescript-eslint/no-explicit-any
91:9  Warning: Unexpected console statement. Only these 
console methods are allowed: warn, error.  no-console
98:7  Warning: Unexpected console statement. Only these 
console methods are allowed: warn, error.  no-console

./components/chat/activity-feed.tsx
7:16  Warning: 'TabsContent' is defined but never used. 
 @typescript-eslint/no-unused-vars
15:3  Warning: 'Users' is defined but never used.  
@typescript-eslint/no-unused-vars
18:3  Warning: 'ShoppingCart' is defined but never 
used.  @typescript-eslint/no-unused-vars
31:29  Warning: Unexpected any. Specify a different 
type.  @typescript-eslint/no-explicit-any

./components/chat/chat-interface.tsx
19:3  Warning: 'Users' is defined but never used.  
@typescript-eslint/no-unused-vars
20:3  Warning: 'Bell' is defined but never used.  
@typescript-eslint/no-unused-vars
26:3  Warning: 'Plus' is defined but never used.  
@typescript-eslint/no-unused-vars
27:3  Warning: 'MoreHorizontal' is defined but never 
used.  @typescript-eslint/no-unused-vars
42:10  Warning: 'notifications' is assigned a value but 
never used.  @typescript-eslint/no-unused-vars

./components/chat/help-request-dialog.tsx
110:9  Warning: 'getPriorityColor' is assigned a value 
but never used.  @typescript-eslint/no-unused-vars
185:65  Warning: Unexpected any. Specify a different 
type.  @typescript-eslint/no-explicit-any

./components/chat/product-request-dialog.tsx
244:70  Warning: Unexpected any. Specify a different 
type.  @typescript-eslint/no-explicit-any
259:67  Warning: Unexpected any. Specify a different 
type.  @typescript-eslint/no-explicit-any

./components/client-error-handler.tsx
5:10  Warning: 'clientErrorHandler' is defined but 
never used.  @typescript-eslint/no-unused-vars

./components/client-portal/client-portal-header.tsx
22:3  Warning: 'Trash2' is defined but never used.  
@typescript-eslint/no-unused-vars
30:10  Warning: 'CurrencyDisplay' is defined but never 
used.  @typescript-eslint/no-unused-vars
47:11  Warning: 'currencyCode' is assigned a value but 
never used.  @typescript-eslint/no-unused-vars
47:25  Warning: 'formatCurrency' is assigned a value 
but never used.  @typescript-eslint/no-unused-vars
48:40  Warning: Unexpected any. Specify a different 
type.  @typescript-eslint/no-explicit-any
50:10  Warning: 'forceUpdate' is assigned a value but 
never used.  @typescript-eslint/no-unused-vars
51:10  Warning: 'businessSettings' is assigned a value 
but never used.  @typescript-eslint/no-unused-vars
61:5  Warning: Unexpected console statement. Only these 
console methods are allowed: warn, error.  no-console
68:10  Warning: 'favoriteCount' is assigned a value but 
never used.  @typescript-eslint/no-unused-vars
69:10  Warning: 'cartItemCount' is assigned a value but 
never used.  @typescript-eslint/no-unused-vars
71:10  Warning: 'showFavorites' is assigned a value but 
never used.  @typescript-eslint/no-unused-vars
71:25  Warning: 'setShowFavorites' is assigned a value 
but never used.  @typescript-eslint/no-unused-vars
72:10  Warning: 'showCartPreview' is assigned a value 
but never used.  @typescript-eslint/no-unused-vars
72:27  Warning: 'setShowCartPreview' is assigned a 
value but never used.  @typescript-eslint/no-unused-vars
145:9  Warning: 'addToCart' is assigned a value but 
never used.  @typescript-eslint/no-unused-vars
145:28  Warning: Unexpected any. Specify a different 
type.  @typescript-eslint/no-explicit-any
153:9  Warning: 'addToFavorites' is assigned a value 
but never used.  @typescript-eslint/no-unused-vars
153:33  Warning: Unexpected any. Specify a different 
type.  @typescript-eslint/no-explicit-any
161:9  Warning: 'removeFromFavorites' is assigned a 
value but never used.  @typescript-eslint/no-unused-vars
161:38  Warning: Unexpected any. Specify a different 
type.  @typescript-eslint/no-explicit-any
169:9  Warning: 'clearAllFavorites' is assigned a value 
but never used.  @typescript-eslint/no-unused-vars
177:35  Warning: 'id' is defined but never used.  
@typescript-eslint/no-unused-vars

./components/client-portal/client-portal-layout.tsx
5:8  Warning: 'Link' is defined but never used.  
@typescript-eslint/no-unused-vars
6:8  Warning: 'Image' is defined but never used.  
@typescript-eslint/no-unused-vars
7:10  Warning: 'Button' is defined but never used.  
@typescript-eslint/no-unused-vars
8:10  Warning: 'Avatar' is defined but never used.  
@typescript-eslint/no-unused-vars
8:18  Warning: 'AvatarFallback' is defined but never 
used.  @typescript-eslint/no-unused-vars
9:10  Warning: 'Badge' is defined but never used.  
@typescript-eslint/no-unused-vars
16:3  Warning: 'LogOut' is defined but never used.  
@typescript-eslint/no-unused-vars
17:3  Warning: 'Menu' is defined but never used.  
@typescript-eslint/no-unused-vars
18:3  Warning: 'X' is defined but never used.  
@typescript-eslint/no-unused-vars
23:3  Warning: 'Trash2' is defined but never used.  
@typescript-eslint/no-unused-vars
28:10  Warning: 'Sheet' is defined but never used.  
@typescript-eslint/no-unused-vars
28:17  Warning: 'SheetContent' is defined but never 
used.  @typescript-eslint/no-unused-vars
28:31  Warning: 'SheetTrigger' is defined but never 
used.  @typescript-eslint/no-unused-vars
32:10  Warning: 'CurrencyDisplay' is defined but never 
used.  @typescript-eslint/no-unused-vars
34:3  Warning: 'DropdownMenu' is defined but never 
used.  @typescript-eslint/no-unused-vars
35:3  Warning: 'DropdownMenuContent' is defined but 
never used.  @typescript-eslint/no-unused-vars
36:3  Warning: 'DropdownMenuItem' is defined but never 
used.  @typescript-eslint/no-unused-vars
37:3  Warning: 'DropdownMenuLabel' is defined but never 
used.  @typescript-eslint/no-unused-vars
38:3  Warning: 'DropdownMenuSeparator' is defined but 
never used.  @typescript-eslint/no-unused-vars
39:3  Warning: 'DropdownMenuTrigger' is defined but 
never used.  @typescript-eslint/no-unused-vars
51:11  Warning: 'currencyCode' is assigned a value but 
never used.  @typescript-eslint/no-unused-vars
51:25  Warning: 'formatCurrency' is assigned a value 
but never used.  @typescript-eslint/no-unused-vars
52:10  Warning: 'client' is assigned a value but never 
used.  @typescript-eslint/no-unused-vars
52:40  Warning: Unexpected any. Specify a different 
type.  @typescript-eslint/no-explicit-any
53:10  Warning: 'isMobileMenuOpen' is assigned a value 
but never used.  @typescript-eslint/no-unused-vars
53:28  Warning: 'setIsMobileMenuOpen' is assigned a 
value but never used.  @typescript-eslint/no-unused-vars
54:10  Warning: 'forceUpdate' is assigned a value but 
never used.  @typescript-eslint/no-unused-vars
58:5  Warning: Unexpected console statement. Only these 
console methods are allowed: warn, error.  no-console
65:10  Warning: 'favoriteCount' is assigned a value but 
never used.  @typescript-eslint/no-unused-vars
66:10  Warning: 'cartItemCount' is assigned a value but 
never used.  @typescript-eslint/no-unused-vars
67:10  Warning: 'showNotifications' is assigned a value 
but never used.  @typescript-eslint/no-unused-vars
68:10  Warning: 'showFavorites' is assigned a value but 
never used.  @typescript-eslint/no-unused-vars
68:25  Warning: 'setShowFavorites' is assigned a value 
but never used.  @typescript-eslint/no-unused-vars
69:10  Warning: 'showCartPreview' is assigned a value 
but never used.  @typescript-eslint/no-unused-vars
69:27  Warning: 'setShowCartPreview' is assigned a 
value but never used.  @typescript-eslint/no-unused-vars
70:10  Warning: 'hasNewNotification' is assigned a 
value but never used.  @typescript-eslint/no-unused-vars
135:9  Warning: 'handleLogout' is assigned a value but 
never used.  @typescript-eslint/no-unused-vars
149:9  Warning: 'addToCart' is assigned a value but 
never used.  @typescript-eslint/no-unused-vars
149:28  Warning: Unexpected any. Specify a different 
type.  @typescript-eslint/no-explicit-any
157:9  Warning: 'addToFavorites' is assigned a value 
but never used.  @typescript-eslint/no-unused-vars
157:33  Warning: Unexpected any. Specify a different 
type.  @typescript-eslint/no-explicit-any
165:9  Warning: 'removeFromFavorites' is assigned a 
value but never used.  @typescript-eslint/no-unused-vars
165:38  Warning: Unexpected any. Specify a different 
type.  @typescript-eslint/no-explicit-any
173:9  Warning: 'clearAllFavorites' is assigned a value 
but never used.  @typescript-eslint/no-unused-vars
181:9  Warning: 'markNotificationAsRead' is assigned a 
value but never used.  @typescript-eslint/no-unused-vars
181:35  Warning: 'id' is defined but never used.  
@typescript-eslint/no-unused-vars
189:9  Warning: 'markAllNotificationsAsRead' is 
assigned a value but never used.  
@typescript-eslint/no-unused-vars
199:9  Warning: 'navItems' is assigned a value but 
never used.  @typescript-eslint/no-unused-vars

./components/client-portal/client-signup-form.tsx
17:11  Warning: 'addClient' is assigned a value but 
never used.  @typescript-eslint/no-unused-vars
30:47  Warning: Unexpected any. Specify a different 
type.  @typescript-eslint/no-explicit-any

./components/client-portal/custom-calendar.tsx
9:10  Warning: 'buttonVariants' is defined but never 
used.  @typescript-eslint/no-unused-vars
19:3  Warning: 'classNames' is defined but never used.  
@typescript-eslint/no-unused-vars
25:5  Warning: Unexpected console statement. Only these 
console methods are allowed: warn, error.  no-console
40:7  Warning: Unexpected console statement. Only these 
console methods are allowed: warn, error.  no-console

./components/client-portal/enhanced-product-card.tsx
217:45  Warning: 'index' is defined but never used.  
@typescript-eslint/no-unused-vars

./components/client-portal/enhanced-review-form.tsx
18:12  Warning: Unexpected any. Specify a different 
type.  @typescript-eslint/no-explicit-any

./components/client-portal/enhanced-stylist-card.tsx
8:10  Warning: 'Avatar' is defined but never used.  
@typescript-eslint/no-unused-vars
8:18  Warning: 'AvatarFallback' is defined but never 
used.  @typescript-eslint/no-unused-vars
8:34  Warning: 'AvatarImage' is defined but never used. 
 @typescript-eslint/no-unused-vars
15:3  Warning: 'MapPin' is defined but never used.  
@typescript-eslint/no-unused-vars

./components/client-portal/gift-card-balance.tsx
13:29  Warning: 'Calendar' is defined but never used.  
@typescript-eslint/no-unused-vars
13:39  Warning: 'CreditCard' is defined but never used. 
 @typescript-eslint/no-unused-vars
15:26  Warning: 'isGiftCardValid' is defined but never 
used.  @typescript-eslint/no-unused-vars
29:16  Warning: Unexpected any. Specify a different 
type.  @typescript-eslint/no-explicit-any

./components/client-portal/gift-card-purchase-dialog.tsx
12:29  Warning: 'CardDescription' is defined but never 
used.  @typescript-eslint/no-unused-vars
34:3  Warning: Unexpected console statement. Only these 
console methods are allowed: warn, error.  no-console

./components/client-portal/membership-plan-selection-dia
log.tsx
34:23  Warning: Unexpected any. Specify a different 
type.  @typescript-eslint/no-explicit-any
123:13  Warning: 'membership' is assigned a value but 
never used.  @typescript-eslint/no-unused-vars

./components/client-portal/membership-status.tsx
22:3  Warning: 'Plus' is defined but never used.  
@typescript-eslint/no-unused-vars
23:3  Warning: 'Zap' is defined but never used.  
@typescript-eslint/no-unused-vars
26:38  Warning: 'isMembershipActive' is defined but 
never used.  @typescript-eslint/no-unused-vars

./components/client-portal/personalized-recommendations.
tsx
9:8  Warning: 'Image' is defined but never used.  
@typescript-eslint/no-unused-vars
16:35  Warning: 'ServiceCategory' is defined but never 
used.  @typescript-eslint/no-unused-vars
27:22  Warning: Unexpected any. Specify a different 
type.  @typescript-eslint/no-explicit-any
28:19  Warning: Unexpected any. Specify a different 
type.  @typescript-eslint/no-explicit-any
33:3  Warning: 'clientPreferences' is assigned a value 
but never used.  @typescript-eslint/no-unused-vars
34:3  Warning: 'pastAppointments' is assigned a value 
but never used.  @typescript-eslint/no-unused-vars
35:3  Warning: 'pastPurchases' is assigned a value but 
never used.  @typescript-eslint/no-unused-vars
38:11  Warning: 'formatCurrency' is assigned a value 
but never used.  @typescript-eslint/no-unused-vars
41:69  Warning: 'productCategories' is assigned a value 
but never used.  @typescript-eslint/no-unused-vars
46:66  Warning: Unexpected any. Specify a different 
type.  @typescript-eslint/no-explicit-any
47:66  Warning: Unexpected any. Specify a different 
type.  @typescript-eslint/no-explicit-any
48:66  Warning: Unexpected any. Specify a different 
type.  @typescript-eslint/no-explicit-any
213:26  Warning: Unexpected any. Specify a different 
type.  @typescript-eslint/no-explicit-any
304:45  Warning: Unexpected any. Specify a different 
type.  @typescript-eslint/no-explicit-any
351:33  Warning: Unexpected any. Specify a different 
type.  @typescript-eslint/no-explicit-any
351:38  Warning: 'type' is defined but never used.  
@typescript-eslint/no-unused-vars
358:31  Warning: Unexpected any. Specify a different 
type.  @typescript-eslint/no-explicit-any

./components/clients/client-communication.tsx
24:26  Warning: Unexpected any. Specify a different 
type.  @typescript-eslint/no-explicit-any

./components/clients/client-directory.tsx
7:10  Warning: 'useCurrency' is defined but never used. 
 @typescript-eslint/no-unused-vars
12:37  Warning: 'Star' is defined but never used.  
@typescript-eslint/no-unused-vars
24:20  Warning: 'updateClient' is assigned a value but 
never used.  @typescript-eslint/no-unused-vars
27:56  Warning: Unexpected any. Specify a different 
type.  @typescript-eslint/no-explicit-any
60:38  Warning: Unexpected any. Specify a different 
type.  @typescript-eslint/no-explicit-any
69:37  Warning: Unexpected any. Specify a different 
type.  @typescript-eslint/no-explicit-any
74:32  Warning: 'updatedClient' is defined but never 
used.  @typescript-eslint/no-unused-vars
74:47  Warning: Unexpected any. Specify a different 
type.  @typescript-eslint/no-explicit-any

./components/clients/client-loyalty-card.tsx
27:3  Warning: 'clientId' is defined but never used.  
@typescript-eslint/no-unused-vars
28:3  Warning: 'clientName' is defined but never used.  
@typescript-eslint/no-unused-vars

./components/clients/client-preferences-card.tsx
21:41  Warning: 'clientId' is defined but never used.  
@typescript-eslint/no-unused-vars

./components/clients/client-preferences-form.tsx
25:11  Warning: 'staff' is assigned a value but never 
used.  @typescript-eslint/no-unused-vars
105:39  Warning: Unexpected any. Specify a different 
type.  @typescript-eslint/no-explicit-any
105:54  Warning: Unexpected any. Specify a different 
type.  @typescript-eslint/no-explicit-any
145:9  Warning: 'handleProductToggle' is assigned a 
value but never used.  @typescript-eslint/no-unused-vars

./components/clients/client-segments.tsx
15:37  Warning: 'UserRound' is defined but never used.  
@typescript-eslint/no-unused-vars
15:56  Warning: 'Filter' is defined but never used.  
@typescript-eslint/no-unused-vars
29:54  Warning: Unexpected any. Specify a different 
type.  @typescript-eslint/no-explicit-any
39:44  Warning: Unexpected any. Specify a different 
type.  @typescript-eslint/no-explicit-any
63:38  Warning: Unexpected any. Specify a different 
type.  @typescript-eslint/no-explicit-any
89:69  Warning: Unexpected any. Specify a different 
type.  @typescript-eslint/no-explicit-any
89:82  Warning: Unexpected any. Specify a different 
type.  @typescript-eslint/no-explicit-any
162:39  Warning: Unexpected any. Specify a different 
type.  @typescript-eslint/no-explicit-any

./components/clients/client-timeline.tsx
7:3  Warning: 'Scissors' is defined but never used.  
@typescript-eslint/no-unused-vars
8:3  Warning: 'ShoppingBag' is defined but never used.  
@typescript-eslint/no-unused-vars
9:3  Warning: 'MessageSquare' is defined but never 
used.  @typescript-eslint/no-unused-vars
10:3  Warning: 'AlertCircle' is defined but never used. 
 @typescript-eslint/no-unused-vars
11:3  Warning: 'Calendar' is defined but never used.  
@typescript-eslint/no-unused-vars
15:18  Warning: 'parseISO' is defined but never used.  
@typescript-eslint/no-unused-vars
18:60  Warning: 'SelectValue' is defined but never 
used.  @typescript-eslint/no-unused-vars
40:34  Warning: 'clientId' is defined but never used.  
@typescript-eslint/no-unused-vars
172:33  Warning: 'appointmentId' is defined but never 
used.  @typescript-eslint/no-unused-vars

./components/clients/edit-client-dialog.tsx
12:3  Warning: 'DialogFooter' is defined but never 
used.  @typescript-eslint/no-unused-vars
106:47  Warning: Unexpected any. Specify a different 
type.  @typescript-eslint/no-explicit-any
118:5  Warning: Unexpected console statement. Only 
these console methods are allowed: warn, error.  
no-console
129:9  Warning: Unexpected console statement. Only 
these console methods are allowed: warn, error.  
no-console

./components/clients/enhanced-client-communication.tsx
12:10  Warning: 'Checkbox' is defined but never used.  
@typescript-eslint/no-unused-vars
21:18  Warning: 'addDays' is defined but never used.  
@typescript-eslint/no-unused-vars
28:3  Warning: 'Clock' is defined but never used.  
@typescript-eslint/no-unused-vars
31:3  Warning: 'Edit' is defined but never used.  
@typescript-eslint/no-unused-vars
32:3  Warning: 'Trash2' is defined but never used.  
@typescript-eslint/no-unused-vars
35:3  Warning: 'Filter' is defined but never used.  
@typescript-eslint/no-unused-vars
40:3  Warning: 'Upload' is defined but never used.  
@typescript-eslint/no-unused-vars
41:3  Warning: 'Star' is defined but never used.  
@typescript-eslint/no-unused-vars
45:3  Warning: 'CheckCircle2' is defined but never 
used.  @typescript-eslint/no-unused-vars
46:3  Warning: 'XCircle' is defined but never used.  
@typescript-eslint/no-unused-vars
47:3  Warning: 'AlertCircle' is defined but never used. 
 @typescript-eslint/no-unused-vars
51:11  Warning: 'CommunicationTemplate' is defined but 
never used.  @typescript-eslint/no-unused-vars
89:15  Warning: Unexpected any. Specify a different 
type.  @typescript-eslint/no-explicit-any
97:31  Warning: 'templatesLoading' is assigned a value 
but never used.  @typescript-eslint/no-unused-vars
111:10  Warning: 'isAnalyticsDialogOpen' is assigned a 
value but never used.  @typescript-eslint/no-unused-vars
111:33  Warning: 'setIsAnalyticsDialogOpen' is assigned 
a value but never used.  
@typescript-eslint/no-unused-vars
112:10  Warning: 'isAutomationDialogOpen' is assigned a 
value but never used.  @typescript-eslint/no-unused-vars
116:10  Warning: 'automationRules' is assigned a value 
but never used.  @typescript-eslint/no-unused-vars
116:27  Warning: 'setAutomationRules' is assigned a 
value but never used.  @typescript-eslint/no-unused-vars

./components/clients/enhanced-client-details-dialog.tsx
17:3  Warning: 'Calendar' is defined but never used.  
@typescript-eslint/no-unused-vars
19:3  Warning: 'MapPin' is defined but never used.  
@typescript-eslint/no-unused-vars
22:3  Warning: 'Clock' is defined but never used.  
@typescript-eslint/no-unused-vars
23:3  Warning: 'Heart' is defined but never used.  
@typescript-eslint/no-unused-vars
63:64  Warning: Unexpected any. Specify a different 
type.  @typescript-eslint/no-explicit-any
64:58  Warning: Unexpected any. Specify a different 
type.  @typescript-eslint/no-explicit-any
65:10  Warning: 'loading' is assigned a value but never 
used.  @typescript-eslint/no-unused-vars
85:9  Warning: Unexpected console statement. Only these 
console methods are allowed: warn, error.  no-console
342:70  Warning: Unexpected any. Specify a different 
type.  @typescript-eslint/no-explicit-any
641:33  Warning: 'appointmentId' is defined but never 
used.  @typescript-eslint/no-unused-vars

./components/clients/enhanced-new-client-dialog.tsx
17:3  Warning: 'DialogFooter' is defined but never 
used.  @typescript-eslint/no-unused-vars
114:50  Warning: Unexpected any. Specify a different 
type.  @typescript-eslint/no-explicit-any

./components/clients/individual-client-communication.tsx
19:3  Warning: 'Calendar' is defined but never used.  
@typescript-eslint/no-unused-vars

./components/currency/currency-integration.tsx
33:7  Warning: Unexpected console statement. Only these 
console methods are allowed: warn, error.  no-console
81:9  Warning: 'formattedAmount' is assigned a value 
but never used.  @typescript-eslint/no-unused-vars
102:42  Warning: 'fromCurrency' is defined but never 
used.  @typescript-eslint/no-unused-vars
102:65  Warning: 'toCurrency' is defined but never 
used.  @typescript-eslint/no-unused-vars
140:27  Warning: Unexpected any. Specify a different 
type.  @typescript-eslint/no-explicit-any

./components/dashboard/dashboard-filters.tsx
5:10  Warning: 'formatAppDate' is defined but never 
used.  @typescript-eslint/no-unused-vars
24:11  Warning: 'currentLocation' is assigned a value 
but never used.  @typescript-eslint/no-unused-vars
54:9  Error: Unexpected lexical declaration in case 
block.  no-case-declarations

./components/dashboard/document-alerts.tsx
9:10  Warning: 'Table' is defined but never used.  
@typescript-eslint/no-unused-vars
9:17  Warning: 'TableBody' is defined but never used.  
@typescript-eslint/no-unused-vars
9:28  Warning: 'TableCell' is defined but never used.  
@typescript-eslint/no-unused-vars
9:39  Warning: 'TableHead' is defined but never used.  
@typescript-eslint/no-unused-vars
9:50  Warning: 'TableHeader' is defined but never used. 
 @typescript-eslint/no-unused-vars
9:63  Warning: 'TableRow' is defined but never used.  
@typescript-eslint/no-unused-vars
10:26  Warning: 'AlertTriangle' is defined but never 
used.  @typescript-eslint/no-unused-vars
10:41  Warning: 'AlertCircle' is defined but never 
used.  @typescript-eslint/no-unused-vars
10:54  Warning: 'Calendar' is defined but never used.  
@typescript-eslint/no-unused-vars
11:18  Warning: 'parseISO' is defined but never used.  
@typescript-eslint/no-unused-vars
11:28  Warning: 'differenceInDays' is defined but never 
used.  @typescript-eslint/no-unused-vars

./components/dashboard/inventory-alerts.tsx
12:38  Warning: 'addDays' is defined but never used.  
@typescript-eslint/no-unused-vars
62:25  Warning: 'setUrgencyFilter' is assigned a value 
but never used.  @typescript-eslint/no-unused-vars
94:34  Warning: Unexpected any. Specify a different 
type.  @typescript-eslint/no-explicit-any
206:9  Warning: 'getStockStatusClass' is assigned a 
value but never used.  @typescript-eslint/no-unused-vars
270:20  Warning: Unexpected any. Specify a different 
type.  @typescript-eslint/no-explicit-any
354:9  Warning: Unexpected console statement. Only 
these console methods are allowed: warn, error.  
no-console
382:7  Warning: Unexpected console statement. Only 
these console methods are allowed: warn, error.  
no-console
460:20  Warning: Unexpected any. Specify a different 
type.  @typescript-eslint/no-explicit-any
461:21  Warning: Unexpected any. Specify a different 
type.  @typescript-eslint/no-explicit-any
541:7  Warning: Unexpected console statement. Only 
these console methods are allowed: warn, error.  
no-console
572:7  Warning: Unexpected console statement. Only 
these console methods are allowed: warn, error.  
no-console

./components/dashboard/location-performance.tsx
15:25  Warning: 'filterTransactions' is assigned a 
value but never used.  @typescript-eslint/no-unused-vars
122:5  Warning: Unexpected console statement. Only 
these console methods are allowed: warn, error.  
no-console

./components/dashboard/optimized-clients-list.tsx
6:29  Warning: 'CardDescription' is defined but never 
used.  @typescript-eslint/no-unused-vars
6:46  Warning: 'CardFooter' is defined but never used.  
@typescript-eslint/no-unused-vars
6:58  Warning: 'CardHeader' is defined but never used.  
@typescript-eslint/no-unused-vars
6:70  Warning: 'CardTitle' is defined but never used.  
@typescript-eslint/no-unused-vars
9:10  Warning: 'Badge' is defined but never used.  
@typescript-eslint/no-unused-vars

./components/dashboard/recent-sales.tsx
9:11  Warning: 'formatCurrency' is assigned a value but 
never used.  @typescript-eslint/no-unused-vars

./components/dashboard/revenue-chart.tsx
6:78  Warning: 'isSameDay' is defined but never used.  
@typescript-eslint/no-unused-vars
6:89  Warning: 'isSameMonth' is defined but never used. 
 @typescript-eslint/no-unused-vars
18:11  Warning: 'currentLocation' is assigned a value 
but never used.  @typescript-eslint/no-unused-vars
19:21  Warning: 'formatCurrency' is assigned a value 
but never used.  @typescript-eslint/no-unused-vars

./components/dashboard/sales-analytics.tsx
5:16  Warning: 'TabsContent' is defined but never used. 
 @typescript-eslint/no-unused-vars
28:11  Warning: 'transactions' is assigned a value but 
never used.  @typescript-eslint/no-unused-vars
46:36  Warning: Unexpected any. Specify a different 
type.  @typescript-eslint/no-explicit-any
137:54  Warning: Unexpected any. Specify a different 
type.  @typescript-eslint/no-explicit-any
142:32  Warning: Unexpected any. Specify a different 
type.  @typescript-eslint/no-explicit-any

./components/dashboard/stats-cards.tsx
5:22  Warning: 'Calendar' is defined but never used.  
@typescript-eslint/no-unused-vars
5:32  Warning: 'Users' is defined but never used.  
@typescript-eslint/no-unused-vars
9:10  Warning: 'format' is defined but never used.  
@typescript-eslint/no-unused-vars
11:10  Warning: 'TransactionType' is defined but never 
used.  @typescript-eslint/no-unused-vars
15:30  Warning: 'saveAppointments' is defined but never 
used.  @typescript-eslint/no-unused-vars
30:11  Warning: 'currency' is assigned a value but 
never used.  @typescript-eslint/no-unused-vars
77:5  Warning: Unexpected console statement. Only these 
console methods are allowed: warn, error.  no-console
78:5  Warning: Unexpected console statement. Only these 
console methods are allowed: warn, error.  no-console
85:22  Warning: Unexpected any. Specify a different 
type.  @typescript-eslint/no-explicit-any
159:7  Warning: Unexpected console statement. Only 
these console methods are allowed: warn, error.  
no-console
183:5  Warning: Unexpected console statement. Only 
these console methods are allowed: warn, error.  
no-console
188:5  Warning: Unexpected console statement. Only 
these console methods are allowed: warn, error.  
no-console
194:5  Warning: Unexpected console statement. Only 
these console methods are allowed: warn, error.  
no-console
200:5  Warning: Unexpected console statement. Only 
these console methods are allowed: warn, error.  
no-console
205:5  Warning: Unexpected console statement. Only 
these console methods are allowed: warn, error.  
no-console
207:20  Warning: Unexpected any. Specify a different 
type.  @typescript-eslint/no-explicit-any
244:5  Warning: Unexpected console statement. Only 
these console methods are allowed: warn, error.  
no-console
249:5  Warning: Unexpected console statement. Only 
these console methods are allowed: warn, error.  
no-console
257:5  Warning: Unexpected console statement. Only 
these console methods are allowed: warn, error.  
no-console
271:7  Warning: Unexpected console statement. Only 
these console methods are allowed: warn, error.  
no-console
279:22  Warning: Unexpected any. Specify a different 
type.  @typescript-eslint/no-explicit-any
344:7  Warning: Unexpected console statement. Only 
these console methods are allowed: warn, error.  
no-console
355:7  Warning: Unexpected console statement. Only 
these console methods are allowed: warn, error.  
no-console
356:7  Warning: Unexpected console statement. Only 
these console methods are allowed: warn, error.  
no-console
357:7  Warning: Unexpected console statement. Only 
these console methods are allowed: warn, error.  
no-console
365:7  Warning: Unexpected console statement. Only 
these console methods are allowed: warn, error.  
no-console
378:7  Warning: Unexpected console statement. Only 
these console methods are allowed: warn, error.  
no-console
379:7  Warning: Unexpected console statement. Only 
these console methods are allowed: warn, error.  
no-console
393:9  Warning: Unexpected console statement. Only 
these console methods are allowed: warn, error.  
no-console
404:7  Warning: Unexpected console statement. Only 
these console methods are allowed: warn, error.  
no-console
405:7  Warning: Unexpected console statement. Only 
these console methods are allowed: warn, error.  
no-console
406:7  Warning: Unexpected console statement. Only 
these console methods are allowed: warn, error.  
no-console
407:7  Warning: Unexpected console statement. Only 
these console methods are allowed: warn, error.  
no-console
408:7  Warning: Unexpected console statement. Only 
these console methods are allowed: warn, error.  
no-console
412:9  Warning: Unexpected console statement. Only 
these console methods are allowed: warn, error.  
no-console
414:36  Warning: Unexpected any. Specify a different 
type.  @typescript-eslint/no-explicit-any
437:9  Warning: Unexpected console statement. Only 
these console methods are allowed: warn, error.  
no-console
443:9  Warning: Unexpected console statement. Only 
these console methods are allowed: warn, error.  
no-console
446:7  Warning: Unexpected console statement. Only 
these console methods are allowed: warn, error.  
no-console
478:53  Warning: Unexpected any. Specify a different 
type.  @typescript-eslint/no-explicit-any
479:5  Warning: Unexpected console statement. Only 
these console methods are allowed: warn, error.  
no-console
486:5  Warning: Unexpected console statement. Only 
these console methods are allowed: warn, error.  
no-console
496:7  Warning: Unexpected console statement. Only 
these console methods are allowed: warn, error.  
no-console
499:7  Warning: Unexpected console statement. Only 
these console methods are allowed: warn, error.  
no-console
502:7  Warning: Unexpected console statement. Only 
these console methods are allowed: warn, error.  
no-console
505:9  Warning: Unexpected console statement. Only 
these console methods are allowed: warn, error.  
no-console
513:11  Warning: Unexpected console statement. Only 
these console methods are allowed: warn, error.  
no-console
519:11  Warning: Unexpected console statement. Only 
these console methods are allowed: warn, error.  
no-console
525:11  Warning: Unexpected console statement. Only 
these console methods are allowed: warn, error.  
no-console
534:11  Warning: Unexpected console statement. Only 
these console methods are allowed: warn, error.  
no-console
539:11  Warning: Unexpected console statement. Only 
these console methods are allowed: warn, error.  
no-console
541:11  Warning: Unexpected console statement. Only 
these console methods are allowed: warn, error.  
no-console
547:13  Warning: Unexpected console statement. Only 
these console methods are allowed: warn, error.  
no-console
550:13  Warning: Unexpected console statement. Only 
these console methods are allowed: warn, error.  
no-console
553:13  Warning: Unexpected console statement. Only 
these console methods are allowed: warn, error.  
no-console
556:13  Warning: Unexpected console statement. Only 
these console methods are allowed: warn, error.  
no-console
560:9  Warning: Unexpected console statement. Only 
these console methods are allowed: warn, error.  
no-console
563:9  Warning: Unexpected console statement. Only 
these console methods are allowed: warn, error.  
no-console
570:7  Warning: Unexpected console statement. Only 
these console methods are allowed: warn, error.  
no-console
572:7  Warning: Unexpected console statement. Only 
these console methods are allowed: warn, error.  
no-console
577:56  Warning: Unexpected any. Specify a different 
type.  @typescript-eslint/no-explicit-any
594:46  Warning: Unexpected any. Specify a different 
type.  @typescript-eslint/no-explicit-any
611:5  Warning: Unexpected console statement. Only 
these console methods are allowed: warn, error.  
no-console
617:5  Warning: Unexpected console statement. Only 
these console methods are allowed: warn, error.  
no-console
622:7  Warning: Unexpected console statement. Only 
these console methods are allowed: warn, error.  
no-console
635:9  Warning: Unexpected console statement. Only 
these console methods are allowed: warn, error.  
no-console
690:11  Warning: Unexpected console statement. Only 
these console methods are allowed: warn, error.  
no-console
725:13  Warning: Unexpected console statement. Only 
these console methods are allowed: warn, error.  
no-console
728:11  Warning: Unexpected console statement. Only 
these console methods are allowed: warn, error.  
no-console
736:13  Warning: Unexpected console statement. Only 
these console methods are allowed: warn, error.  
no-console
739:13  Warning: Unexpected console statement. Only 
these console methods are allowed: warn, error.  
no-console
742:13  Warning: Unexpected console statement. Only 
these console methods are allowed: warn, error.  
no-console
745:13  Warning: Unexpected console statement. Only 
these console methods are allowed: warn, error.  
no-console
784:7  Warning: Unexpected console statement. Only 
these console methods are allowed: warn, error.  
no-console
792:7  Warning: Unexpected console statement. Only 
these console methods are allowed: warn, error.  
no-console
794:9  Warning: Unexpected console statement. Only 
these console methods are allowed: warn, error.  
no-console
811:9  Warning: Unexpected console statement. Only 
these console methods are allowed: warn, error.  
no-console
828:11  Warning: Unexpected console statement. Only 
these console methods are allowed: warn, error.  
no-console
829:11  Warning: Unexpected console statement. Only 
these console methods are allowed: warn, error.  
no-console
841:11  Warning: Unexpected console statement. Only 
these console methods are allowed: warn, error.  
no-console
847:11  Warning: Unexpected console statement. Only 
these console methods are allowed: warn, error.  
no-console
853:11  Warning: Unexpected console statement. Only 
these console methods are allowed: warn, error.  
no-console
855:11  Warning: Unexpected console statement. Only 
these console methods are allowed: warn, error.  
no-console
872:7  Warning: Unexpected console statement. Only 
these console methods are allowed: warn, error.  
no-console
880:7  Warning: Unexpected console statement. Only 
these console methods are allowed: warn, error.  
no-console
908:9  Warning: Unexpected console statement. Only 
these console methods are allowed: warn, error.  
no-console
929:11  Warning: Unexpected console statement. Only 
these console methods are allowed: warn, error.  
no-console

./components/dashboard/transaction-overview.tsx
3:20  Warning: 'useEffect' is defined but never used.  
@typescript-eslint/no-unused-vars
6:10  Warning: 'Button' is defined but never used.  
@typescript-eslint/no-unused-vars
7:16  Warning: 'TabsContent' is defined but never used. 
 @typescript-eslint/no-unused-vars
17:3  Warning: 'TrendingUp' is defined but never used.  
@typescript-eslint/no-unused-vars
19:3  Warning: 'Package' is defined but never used.  
@typescript-eslint/no-unused-vars
20:3  Warning: 'Users' is defined but never used.  
@typescript-eslint/no-unused-vars
29:11  Warning: 'transactions' is assigned a value but 
never used.  @typescript-eslint/no-unused-vars
41:9  Error: Unexpected lexical declaration in case 
block.  no-case-declarations
44:9  Error: Unexpected lexical declaration in case 
block.  no-case-declarations
55:34  Warning: Unexpected any. Specify a different 
type.  @typescript-eslint/no-explicit-any

./components/date-range-picker.tsx
6:24  Warning: 'ChevronDown' is defined but never used. 
 @typescript-eslint/no-unused-vars
14:10  Warning: 'Select' is defined but never used.  
@typescript-eslint/no-unused-vars
14:18  Warning: 'SelectContent' is defined but never 
used.  @typescript-eslint/no-unused-vars
14:33  Warning: 'SelectItem' is defined but never used. 
 @typescript-eslint/no-unused-vars
14:45  Warning: 'SelectTrigger' is defined but never 
used.  @typescript-eslint/no-unused-vars
14:60  Warning: 'SelectValue' is defined but never 
used.  @typescript-eslint/no-unused-vars
85:9  Error: Unexpected lexical declaration in case 
block.  no-case-declarations
99:9  Error: Unexpected lexical declaration in case 
block.  no-case-declarations
113:9  Error: Unexpected lexical declaration in case 
block.  no-case-declarations

./components/gift-cards/gift-card-issue-dialog.tsx
18:16  Warning: 'Mail' is defined but never used.  
@typescript-eslint/no-unused-vars
18:22  Warning: 'User' is defined but never used.  
@typescript-eslint/no-unused-vars
18:28  Warning: 'Calendar' is defined but never used.  
@typescript-eslint/no-unused-vars
18:38  Warning: 'CreditCard' is defined but never used. 
 @typescript-eslint/no-unused-vars

./components/global-currency-enforcer.tsx
3:49  Warning: 'useState' is defined but never used.  
@typescript-eslint/no-unused-vars
5:10  Warning: 'currencies' is defined but never used.  
@typescript-eslint/no-unused-vars
144:24  Warning: Unexpected any. Specify a different 
type.  @typescript-eslint/no-explicit-any
212:20  Warning: Unexpected any. Specify a different 
type.  @typescript-eslint/no-explicit-any

./components/hr/benefits-management.tsx
4:46  Warning: 'CardFooter' is defined but never used.  
@typescript-eslint/no-unused-vars
161:11  Warning: 'formatCurrency' is assigned a value 
but never used.  @typescript-eslint/no-unused-vars
170:64  Warning: Unexpected any. Specify a different 
type.  @typescript-eslint/no-explicit-any
171:10  Warning: 'selectedPlan' is assigned a value but 
never used.  @typescript-eslint/no-unused-vars
171:24  Warning: 'setSelectedPlan' is assigned a value 
but never used.  @typescript-eslint/no-unused-vars
171:52  Warning: Unexpected any. Specify a different 
type.  @typescript-eslint/no-explicit-any
252:45  Warning: Unexpected any. Specify a different 
type.  @typescript-eslint/no-explicit-any
257:45  Warning: Unexpected any. Specify a different 
type.  @typescript-eslint/no-explicit-any
303:50  Warning: Unexpected any. Specify a different 
type.  @typescript-eslint/no-explicit-any
318:47  Warning: Unexpected any. Specify a different 
type.  @typescript-eslint/no-explicit-any
328:33  Warning: Unexpected any. Specify a different 
type.  @typescript-eslint/no-explicit-any
394:35  Warning: Unexpected any. Specify a different 
type.  @typescript-eslint/no-explicit-any

./components/hr/company-documents.tsx
9:10  Warning: 'Tabs' is defined but never used.  
@typescript-eslint/no-unused-vars
9:16  Warning: 'TabsContent' is defined but never used. 
 @typescript-eslint/no-unused-vars
9:29  Warning: 'TabsList' is defined but never used.  
@typescript-eslint/no-unused-vars
9:39  Warning: 'TabsTrigger' is defined but never used. 
 @typescript-eslint/no-unused-vars
14:25  Warning: 'Calendar' is defined but never used.  
@typescript-eslint/no-unused-vars
14:35  Warning: 'Download' is defined but never used.  
@typescript-eslint/no-unused-vars
14:56  Warning: 'FileText' is defined but never used.  
@typescript-eslint/no-unused-vars
14:88  Warning: 'Upload' is defined but never used.  
@typescript-eslint/no-unused-vars
105:13  Warning: 'newDocument' is assigned a value but 
never used.  @typescript-eslint/no-unused-vars

./components/hr/document-expiry-counter.tsx
8:27  Warning: 'DocumentStatus' is defined but never 
used.  @typescript-eslint/no-unused-vars
9:10  Warning: 'NotificationService' is defined but 
never used.  @typescript-eslint/no-unused-vars

./components/hr/document-management.tsx
142:60  Warning: Unexpected any. Specify a different 
type.  @typescript-eslint/no-explicit-any
218:9  Warning: 'handleViewDocument' is assigned a 
value but never used.  @typescript-eslint/no-unused-vars
218:41  Warning: Unexpected any. Specify a different 
type.  @typescript-eslint/no-explicit-any

./components/hr/hr-payroll-management.tsx
17:18  Warning: 'startOfMonth' is defined but never 
used.  @typescript-eslint/no-unused-vars
17:32  Warning: 'endOfMonth' is defined but never used. 
 @typescript-eslint/no-unused-vars
27:3  Warning: 'Plus' is defined but never used.  
@typescript-eslint/no-unused-vars
29:3  Warning: 'DollarSign' is defined but never used.  
@typescript-eslint/no-unused-vars
32:3  Warning: 'FileSpreadsheet' is defined but never 
used.  @typescript-eslint/no-unused-vars
36:3  Warning: 'Calculator' is defined but never used.  
@typescript-eslint/no-unused-vars
95:11  Warning: 'formatCurrency' is assigned a value 
but never used.  @typescript-eslint/no-unused-vars
106:10  Warning: 'isExportDialogOpen' is assigned a 
value but never used.  @typescript-eslint/no-unused-vars
364:9  Warning: 'getNextStatus' is assigned a value but 
never used.  @typescript-eslint/no-unused-vars
418:9  Warning: 'exportPayroll' is assigned a value but 
never used.  @typescript-eslint/no-unused-vars

./components/hr/hr-staff-management.tsx
17:38  Warning: 'Search' is defined but never used.  
@typescript-eslint/no-unused-vars
17:46  Warning: 'Filter' is defined but never used.  
@typescript-eslint/no-unused-vars
20:10  Warning: 'Avatar' is defined but never used.  
@typescript-eslint/no-unused-vars
20:18  Warning: 'AvatarFallback' is defined but never 
used.  @typescript-eslint/no-unused-vars
20:34  Warning: 'AvatarImage' is defined but never 
used.  @typescript-eslint/no-unused-vars
33:11  Warning: 'user' is assigned a value but never 
used.  @typescript-eslint/no-unused-vars
48:5  Warning: 'isLoading' is assigned a value but 
never used.  @typescript-eslint/no-unused-vars
49:5  Warning: 'error' is assigned a value but never 
used.  @typescript-eslint/no-unused-vars
96:9  Warning: 'filtered' is never reassigned. Use 
'const' instead.  prefer-const
189:80  Warning: Unexpected any. Specify a different 
type.  @typescript-eslint/no-explicit-any

./components/hr/onboarding-offboarding.tsx
12:10  Warning: 'Tabs' is defined but never used.  
@typescript-eslint/no-unused-vars
12:16  Warning: 'TabsContent' is defined but never 
used.  @typescript-eslint/no-unused-vars
12:29  Warning: 'TabsList' is defined but never used.  
@typescript-eslint/no-unused-vars
12:39  Warning: 'TabsTrigger' is defined but never 
used.  @typescript-eslint/no-unused-vars
14:24  Warning: 'Check' is defined but never used.  
@typescript-eslint/no-unused-vars
121:27  Warning: 'setOnboardingTasks' is assigned a 
value but never used.  @typescript-eslint/no-unused-vars
122:28  Warning: 'setOffboardingTasks' is assigned a 
value but never used.  @typescript-eslint/no-unused-vars
125:58  Warning: Unexpected any. Specify a different 
type.  @typescript-eslint/no-explicit-any
190:39  Warning: Unexpected any. Specify a different 
type.  @typescript-eslint/no-explicit-any
480:53  Warning: Unexpected any. Specify a different 
type.  @typescript-eslint/no-explicit-any
540:72  Warning: Unexpected any. Specify a different 
type.  @typescript-eslint/no-explicit-any

./components/hr/performance-reviews.tsx
10:10  Warning: 'Input' is defined but never used.  
@typescript-eslint/no-unused-vars
143:10  Warning: 'isEditReviewDialogOpen' is assigned a 
value but never used.  @typescript-eslint/no-unused-vars
144:56  Warning: Unexpected any. Specify a different 
type.  @typescript-eslint/no-explicit-any
207:37  Warning: Unexpected any. Specify a different 
type.  @typescript-eslint/no-explicit-any
212:37  Warning: Unexpected any. Specify a different 
type.  @typescript-eslint/no-explicit-any
217:9  Warning: 'handleUpdateReview' is assigned a 
value but never used.  @typescript-eslint/no-unused-vars

./components/hr/staff-documents-tab.tsx
48:3  Warning: 'FileText' is defined but never used.  
@typescript-eslint/no-unused-vars
51:3  Warning: 'Plus' is defined but never used.  
@typescript-eslint/no-unused-vars

./components/hr/time-off-management.tsx
10:10  Warning: 'Input' is defined but never used.  
@typescript-eslint/no-unused-vars
92:58  Warning: Unexpected any. Specify a different 
type.  @typescript-eslint/no-explicit-any
134:39  Warning: Unexpected any. Specify a different 
type.  @typescript-eslint/no-explicit-any

./components/hr/training-management.tsx
12:10  Warning: 'Textarea' is defined but never used.  
@typescript-eslint/no-unused-vars
159:10  Warning: 'isNewCourseDialogOpen' is assigned a 
value but never used.  @typescript-eslint/no-unused-vars
160:64  Warning: Unexpected any. Specify a different 
type.  @typescript-eslint/no-explicit-any
167:21  Warning: 'setNewCourse' is assigned a value but 
never used.  @typescript-eslint/no-unused-vars
223:9  Warning: 'handleCreateCourse' is assigned a 
value but never used.  @typescript-eslint/no-unused-vars
245:45  Warning: Unexpected any. Specify a different 
type.  @typescript-eslint/no-explicit-any
289:29  Warning: 'course' is defined but never used.  
@typescript-eslint/no-unused-vars

./components/inventory/category-management-dialog.tsx
9:3  Warning: 'DialogFooter' is defined but never used. 
 @typescript-eslint/no-unused-vars
19:29  Warning: 'CardHeader' is defined but never used. 
 @typescript-eslint/no-unused-vars
19:41  Warning: 'CardTitle' is defined but never used.  
@typescript-eslint/no-unused-vars
43:5  Warning: 'getCategoryName' is assigned a value 
but never used.  @typescript-eslint/no-unused-vars
118:9  Warning: Unexpected console statement. Only 
these console methods are allowed: warn, error.  
no-console
245:7  Warning: Unexpected console statement. Only 
these console methods are allowed: warn, error.  
no-console

./components/inventory/location-stock-display.tsx
190:17  Warning: 'shortName' is assigned a value but 
never used.  @typescript-eslint/no-unused-vars

./components/inventory/multi-location-stock-dialog.tsx
17:10  Warning: 'Textarea' is defined but never used.  
@typescript-eslint/no-unused-vars
22:10  Warning: 'Plus' is defined but never used.  
@typescript-eslint/no-unused-vars
22:16  Warning: 'Minus' is defined but never used.  
@typescript-eslint/no-unused-vars
27:12  Warning: Unexpected any. Specify a different 
type.  @typescript-eslint/no-explicit-any
60:7  Warning: Unexpected console statement. Only these 
console methods are allowed: warn, error.  no-console
64:55  Warning: Unexpected any. Specify a different 
type.  @typescript-eslint/no-explicit-any
68:62  Warning: Unexpected any. Specify a different 
type.  @typescript-eslint/no-explicit-any
71:9  Warning: Unexpected console statement. Only these 
console methods are allowed: warn, error.  no-console
93:91  Warning: Unexpected any. Specify a different 
type.  @typescript-eslint/no-explicit-any
204:7  Warning: Unexpected console statement. Only 
these console methods are allowed: warn, error.  
no-console
237:7  Warning: Unexpected console statement. Only 
these console methods are allowed: warn, error.  
no-console
245:9  Warning: Unexpected console statement. Only 
these console methods are allowed: warn, error.  
no-console
248:9  Warning: Unexpected console statement. Only 
these console methods are allowed: warn, error.  
no-console

./components/inventory/new-product-dialog.tsx
26:16  Warning: 'CardContent' is defined but never 
used.  @typescript-eslint/no-unused-vars
39:11  Warning: 'formatCurrency' is assigned a value 
but never used.  @typescript-eslint/no-unused-vars
404:7  Warning: Unexpected console statement. Only 
these console methods are allowed: warn, error.  
no-console
408:9  Warning: Unexpected console statement. Only 
these console methods are allowed: warn, error.  
no-console
862:29  Warning: Using `<img>` could result in slower 
LCP and higher bandwidth. Consider using `<Image />` 
from `next/image` or a custom image loader to 
automatically optimize images. This may incur 
additional usage or cost from your provider. See: 
https://nextjs.org/docs/messages/no-img-element  
@next/next/no-img-element

./components/inventory/new-professional-product-dialog.t
sx
22:10  Warning: 'Badge' is defined but never used.  
@typescript-eslint/no-unused-vars
34:31  Warning: Unexpected any. Specify a different 
type.  @typescript-eslint/no-explicit-any
46:11  Warning: 'formatCurrency' is assigned a value 
but never used.  @typescript-eslint/no-unused-vars
438:9  Warning: Unexpected console statement. Only 
these console methods are allowed: warn, error.  
no-console
447:9  Warning: Unexpected console statement. Only 
these console methods are allowed: warn, error.  
no-console

./components/inventory/product-edit-dialog.tsx
30:12  Warning: Unexpected any. Specify a different 
type.  @typescript-eslint/no-explicit-any
34:11  Warning: 'currentLocation' is assigned a value 
but never used.  @typescript-eslint/no-unused-vars
35:11  Warning: 'formatCurrency' is assigned a value 
but never used.  @typescript-eslint/no-unused-vars
318:9  Warning: Unexpected console statement. Only 
these console methods are allowed: warn, error.  
no-console
358:19  Warning: Using `<img>` could result in slower 
LCP and higher bandwidth. Consider using `<Image />` 
from `next/image` or a custom image loader to 
automatically optimize images. This may incur 
additional usage or cost from your provider. See: 
https://nextjs.org/docs/messages/no-img-element  
@next/next/no-img-element

./components/inventory/product-transfer-dialog.tsx
81:7  Warning: Unexpected console statement. Only these 
console methods are allowed: warn, error.  no-console
82:7  Warning: Unexpected console statement. Only these 
console methods are allowed: warn, error.  no-console
91:11  Warning: Unexpected console statement. Only 
these console methods are allowed: warn, error.  
no-console
100:15  Warning: Unexpected console statement. Only 
these console methods are allowed: warn, error.  
no-console
108:7  Warning: Unexpected console statement. Only 
these console methods are allowed: warn, error.  
no-console
110:7  Warning: Unexpected console statement. Only 
these console methods are allowed: warn, error.  
no-console
113:5  Warning: Unexpected console statement. Only 
these console methods are allowed: warn, error.  
no-console
165:13  Warning: 'transfer' is assigned a value but 
never used.  @typescript-eslint/no-unused-vars
203:5  Warning: Unexpected console statement. Only 
these console methods are allowed: warn, error.  
no-console
225:5  Warning: Unexpected console statement. Only 
these console methods are allowed: warn, error.  
no-console
226:5  Warning: Unexpected console statement. Only 
these console methods are allowed: warn, error.  
no-console
231:5  Warning: Unexpected console statement. Only 
these console methods are allowed: warn, error.  
no-console
232:5  Warning: Unexpected console statement. Only 
these console methods are allowed: warn, error.  
no-console

./components/inventory/stock-adjustment-dialog.tsx
25:12  Warning: Unexpected any. Specify a different 
type.  @typescript-eslint/no-explicit-any
33:64  Warning: Unexpected any. Specify a different 
type.  @typescript-eslint/no-explicit-any
67:9  Warning: Unexpected console statement. Only these 
console methods are allowed: warn, error.  no-console
91:11  Warning: Unexpected console statement. Only 
these console methods are allowed: warn, error.  
no-console
113:7  Warning: Unexpected console statement. Only 
these console methods are allowed: warn, error.  
no-console
114:7  Warning: Unexpected console statement. Only 
these console methods are allowed: warn, error.  
no-console
115:7  Warning: Unexpected console statement. Only 
these console methods are allowed: warn, error.  
no-console
116:7  Warning: Unexpected console statement. Only 
these console methods are allowed: warn, error.  
no-console
126:7  Warning: Unexpected console statement. Only 
these console methods are allowed: warn, error.  
no-console
127:7  Warning: Unexpected console statement. Only 
these console methods are allowed: warn, error.  
no-console
146:7  Warning: Unexpected console statement. Only 
these console methods are allowed: warn, error.  
no-console
155:9  Warning: Unexpected console statement. Only 
these console methods are allowed: warn, error.  
no-console
157:9  Warning: Unexpected console statement. Only 
these console methods are allowed: warn, error.  
no-console

./components/inventory/transfer-details-dialog.tsx
7:43  Warning: 'User' is defined but never used.  
@typescript-eslint/no-unused-vars
7:69  Warning: 'Clock' is defined but never used.  
@typescript-eslint/no-unused-vars

./components/location-aware.tsx
32:9  Warning: Unexpected console statement. Only these 
console methods are allowed: warn, error.  no-console
52:26  Warning: Unexpected any. Specify a different 
type.  @typescript-eslint/no-explicit-any

./components/location-buttons.tsx
17:11  Warning: 'getLocationById' is assigned a value 
but never used.  @typescript-eslint/no-unused-vars
22:5  Warning: Unexpected console statement. Only these 
console methods are allowed: warn, error.  no-console
23:5  Warning: Unexpected console statement. Only these 
console methods are allowed: warn, error.  no-console
33:5  Warning: Unexpected console statement. Only these 
console methods are allowed: warn, error.  no-console
37:7  Warning: Unexpected console statement. Only these 
console methods are allowed: warn, error.  no-console

./components/location-selector.tsx
11:22  Warning: 'getLocationName' is assigned a value 
but never used.  @typescript-eslint/no-unused-vars
12:37  Warning: 'userLocations' is assigned a value but 
never used.  @typescript-eslint/no-unused-vars
15:9  Warning: 'filteredLocations' is assigned a value 
but never used.  @typescript-eslint/no-unused-vars

./components/loyalty/referral-management.tsx
13:55  Warning: 'Eye' is defined but never used.  
@typescript-eslint/no-unused-vars
27:3  Warning: 'clientId' is defined but never used.  
@typescript-eslint/no-unused-vars
28:3  Warning: 'clientName' is defined but never used.  
@typescript-eslint/no-unused-vars
133:9  Warning: 'pendingReferrals' is assigned a value 
but never used.  @typescript-eslint/no-unused-vars

./components/loyalty/reward-management-dialog.tsx
17:24  Warning: 'Upload' is defined but never used.  
@typescript-eslint/no-unused-vars
17:32  Warning: 'X' is defined but never used.  
@typescript-eslint/no-unused-vars
35:21  Warning: 'formatCurrency' is assigned a value 
but never used.  @typescript-eslint/no-unused-vars
212:108  Warning: Unexpected any. Specify a different 
type.  @typescript-eslint/no-explicit-any

./components/memberships/membership-enrollment-dialog.ts
x
19:35  Warning: 'CreditCard' is defined but never used. 
 @typescript-eslint/no-unused-vars
65:13  Warning: 'membership' is assigned a value but 
never used.  @typescript-eslint/no-unused-vars

./components/memberships/membership-tier-dialog.tsx
13:19  Warning: 'Star' is defined but never used.  
@typescript-eslint/no-unused-vars
13:25  Warning: 'Crown' is defined but never used.  
@typescript-eslint/no-unused-vars
13:32  Warning: 'Gem' is defined but never used.  
@typescript-eslint/no-unused-vars
13:37  Warning: 'Diamond' is defined but never used.  
@typescript-eslint/no-unused-vars
13:46  Warning: 'Award' is defined but never used.  
@typescript-eslint/no-unused-vars
215:52  Warning: Unexpected any. Specify a different 
type.  @typescript-eslint/no-explicit-any

./components/migration/location-migration-runner.tsx
11:10  Warning: 'migrationStatus' is assigned a value 
but never used.  @typescript-eslint/no-unused-vars
17:9  Warning: Unexpected console statement. Only these 
console methods are allowed: warn, error.  no-console
22:7  Warning: Unexpected console statement. Only these 
console methods are allowed: warn, error.  no-console
28:11  Warning: Unexpected console statement. Only 
these console methods are allowed: warn, error.  
no-console

./components/mock-calendar.tsx
8:10  Warning: 'view' is assigned a value but never 
used.  @typescript-eslint/no-unused-vars
8:16  Warning: 'setView' is assigned a value but never 
used.  @typescript-eslint/no-unused-vars
139:29  Warning: 'i' is defined but never used.  
@typescript-eslint/no-unused-vars

./components/mock-image.tsx
4:8  Warning: 'Image' is defined but never used.  
@typescript-eslint/no-unused-vars

./components/monitoring/monitoring-dashboard.tsx
8:10  Warning: 'Alert' is defined but never used.  
@typescript-eslint/no-unused-vars
8:17  Warning: 'AlertDescription' is defined but never 
used.  @typescript-eslint/no-unused-vars
15:3  Warning: 'TrendingUp' is defined but never used.  
@typescript-eslint/no-unused-vars
17:3  Warning: 'Zap' is defined but never used.  
@typescript-eslint/no-unused-vars
18:3  Warning: 'Database' is defined but never used.  
@typescript-eslint/no-unused-vars
19:3  Warning: 'Server' is defined but never used.  
@typescript-eslint/no-unused-vars
20:3  Warning: 'Users' is defined but never used.  
@typescript-eslint/no-unused-vars
62:29  Warning: Unexpected any. Specify a different 
type.  @typescript-eslint/no-explicit-any
81:71  Warning: Unexpected any. Specify a different 
type.  @typescript-eslint/no-explicit-any

./components/new-appointment-dialog.tsx
39:21  Warning: 'categories' is assigned a value but 
never used.  @typescript-eslint/no-unused-vars
52:5  Warning: Unexpected console statement. Only these 
console methods are allowed: warn, error.  no-console
53:5  Warning: Unexpected console statement. Only these 
console methods are allowed: warn, error.  no-console
54:5  Warning: Unexpected console statement. Only these 
console methods are allowed: warn, error.  no-console
62:7  Warning: Unexpected console statement. Only these 
console methods are allowed: warn, error.  no-console
148:5  Warning: Unexpected console statement. Only 
these console methods are allowed: warn, error.  
no-console

./components/new-client-dialog.tsx
37:5  Warning: Unexpected console statement. Only these 
console methods are allowed: warn, error.  no-console

./components/new-staff-dialog.tsx
22:10  Warning: 'StaffStorage' is defined but never 
used.  @typescript-eslint/no-unused-vars
34:42  Warning: 'isHomeServiceEnabled' is assigned a 
value but never used.  @typescript-eslint/no-unused-vars
84:7  Warning: Unexpected console statement. Only these 
console methods are allowed: warn, error.  no-console
85:7  Warning: Unexpected console statement. Only these 
console methods are allowed: warn, error.  no-console

./components/notifications/appointment-notification-hand
ler.tsx
3:10  Warning: 'useEffect' is defined but never used.  
@typescript-eslint/no-unused-vars
28:15  Warning: 'event' is defined but never used.  
@typescript-eslint/no-unused-vars
34:7  Warning: Unexpected console statement. Only these 
console methods are allowed: warn, error.  no-console
115:15  Warning: 'event' is defined but never used.  
@typescript-eslint/no-unused-vars
121:7  Warning: Unexpected console statement. Only 
these console methods are allowed: warn, error.  
no-console
123:39  Warning: 'previousStatus' is assigned a value 
but never used.  @typescript-eslint/no-unused-vars

./components/notifications/notification-audio-toggle.tsx
3:10  Warning: 'useState' is defined but never used.  
@typescript-eslint/no-unused-vars
3:20  Warning: 'useEffect' is defined but never used.  
@typescript-eslint/no-unused-vars
3:31  Warning: 'useRef' is defined but never used.  
@typescript-eslint/no-unused-vars
3:39  Warning: 'useCallback' is defined but never used. 
 @typescript-eslint/no-unused-vars

./components/notifications/notification-center.tsx
3:21  Warning: 'useRef' is defined but never used.  
@typescript-eslint/no-unused-vars
19:3  Warning: 'Calendar' is defined but never used.  
@typescript-eslint/no-unused-vars
38:3  Warning: 'onViewBooking' is defined but never 
used.  @typescript-eslint/no-unused-vars

./components/notifications/order-notification-toast.tsx
20:3  Warning: 'onViewBooking' is defined but never 
used.  @typescript-eslint/no-unused-vars
27:13  Warning: 'getIcon' is assigned a value but never 
used.  @typescript-eslint/no-unused-vars

./components/notifications.tsx
17:10  Warning: 'format' is defined but never used.  
@typescript-eslint/no-unused-vars
21:54  Warning: Unexpected any. Specify a different 
type.  @typescript-eslint/no-explicit-any
54:50  Warning: Unexpected any. Specify a different 
type.  @typescript-eslint/no-explicit-any

./components/orders/order-details-dialog.tsx
20:3  Warning: 'CreditCard' is defined but never used.  
@typescript-eslint/no-unused-vars
21:3  Warning: 'Calendar' is defined but never used.  
@typescript-eslint/no-unused-vars
35:10  Warning: 'DialogProps' is defined but never 
used.  @typescript-eslint/no-unused-vars
43:70  Warning: Unexpected any. Specify a different 
type.  @typescript-eslint/no-explicit-any
64:63  Warning: Unexpected any. Specify a different 
type.  @typescript-eslint/no-explicit-any
66:7  Warning: Unexpected console statement. Only these 
console methods are allowed: warn, error.  no-console

./components/performance-dashboard.tsx
9:17  Warning: 'BarChart3' is defined but never used.  
@typescript-eslint/no-unused-vars
9:28  Warning: 'Clock' is defined but never used.  
@typescript-eslint/no-unused-vars
9:35  Warning: 'Zap' is defined but never used.  
@typescript-eslint/no-unused-vars
10:20  Warning: 'useEffect' is defined but never used.  
@typescript-eslint/no-unused-vars
19:10  Warning: 'refreshCount' is assigned a value but 
never used.  @typescript-eslint/no-unused-vars

./components/performance-monitor.tsx
9:17  Warning: 'BarChart3' is defined but never used.  
@typescript-eslint/no-unused-vars
9:28  Warning: 'Clock' is defined but never used.  
@typescript-eslint/no-unused-vars
9:35  Warning: 'Zap' is defined but never used.  
@typescript-eslint/no-unused-vars

./components/pos/client-search-dialog.tsx
22:28  Warning: Unexpected any. Specify a different 
type.  @typescript-eslint/no-explicit-any
26:11  Warning: 'currentLocation' is assigned a value 
but never used.  @typescript-eslint/no-unused-vars
31:26  Warning: Unexpected any. Specify a different 
type.  @typescript-eslint/no-explicit-any

./components/pos/payment-dialog.tsx
22:10  Warning: 'useTransactions' is defined but never 
used.  @typescript-eslint/no-unused-vars
35:21  Warning: 'formatCurrency' is assigned a value 
but never used.  @typescript-eslint/no-unused-vars

./components/protected-dashboard-nav.tsx
34:29  Warning: 'hasPermission' is assigned a value but 
never used.  @typescript-eslint/no-unused-vars

./components/protected-nav.tsx
20:29  Warning: 'hasPermission' is assigned a value but 
never used.  @typescript-eslint/no-unused-vars

./components/reports/appointments-chart.tsx
13:11  Warning: 'currentLocation' is assigned a value 
but never used.  @typescript-eslint/no-unused-vars

./components/reports/bulk-export-dialog.tsx
11:10  Warning: 'Separator' is defined but never used.  
@typescript-eslint/no-unused-vars
12:10  Warning: 'Badge' is defined but never used.  
@typescript-eslint/no-unused-vars
16:10  Warning: 'format' is defined but never used.  
@typescript-eslint/no-unused-vars

./components/reports/client-retention-chart.tsx
13:11  Warning: 'currentLocation' is assigned a value 
but never used.  @typescript-eslint/no-unused-vars

./components/reports/export-options-dialog.tsx
12:10  Warning: 'Separator' is defined but never used.  
@typescript-eslint/no-unused-vars

./components/reports/inventory-analytics.tsx
17:3  Warning: 'LineChart' is defined but never used.  
@typescript-eslint/no-unused-vars
23:3  Warning: 'Package' is defined but never used.  
@typescript-eslint/no-unused-vars
24:3  Warning: 'TrendingUp' is defined but never used.  
@typescript-eslint/no-unused-vars
25:3  Warning: 'TrendingDown' is defined but never 
used.  @typescript-eslint/no-unused-vars
42:28  Warning: 'setInventoryMetrics' is assigned a 
value but never used.  @typescript-eslint/no-unused-vars
53:25  Warning: 'setLowStockItems' is assigned a value 
but never used.  @typescript-eslint/no-unused-vars
64:24  Warning: 'setTurnoverData' is assigned a value 
but never used.  @typescript-eslint/no-unused-vars
75:29  Warning: 'setStockMovementData' is assigned a 
value but never used.  @typescript-eslint/no-unused-vars

./components/reports/payment-method-chart.tsx
11:38  Warning: 'dateRange' is defined but never used.  
@typescript-eslint/no-unused-vars
12:11  Warning: 'currentLocation' is assigned a value 
but never used.  @typescript-eslint/no-unused-vars

./components/reports/payment-method-table.tsx
10:38  Warning: 'dateRange' is defined but never used.  
@typescript-eslint/no-unused-vars
11:11  Warning: 'currentLocation' is assigned a value 
but never used.  @typescript-eslint/no-unused-vars

./components/reports/product-sales-chart.tsx
23:22  Warning: 'TrendingDown' is defined but never 
used.  @typescript-eslint/no-unused-vars
34:28  Warning: 'setProductSalesData' is assigned a 
value but never used.  @typescript-eslint/no-unused-vars
45:24  Warning: 'setCategoryData' is assigned a value 
but never used.  @typescript-eslint/no-unused-vars
52:28  Warning: 'setInventoryMetrics' is assigned a 
value but never used.  @typescript-eslint/no-unused-vars
62:21  Warning: 'setTrendData' is assigned a value but 
never used.  @typescript-eslint/no-unused-vars

./components/reports/sales-chart.tsx
14:41  Warning: 'groupBy' is assigned a value but never 
used.  @typescript-eslint/no-unused-vars
15:11  Warning: 'currentLocation' is assigned a value 
but never used.  @typescript-eslint/no-unused-vars

./components/reports/service-popularity-chart.tsx
12:42  Warning: 'dateRange' is defined but never used.  
@typescript-eslint/no-unused-vars
13:11  Warning: 'currentLocation' is assigned a value 
but never used.  @typescript-eslint/no-unused-vars

./components/reports/staff-performance-table.tsx
15:41  Warning: 'dateRange' is defined but never used.  
@typescript-eslint/no-unused-vars
16:11  Warning: 'currentLocation' is assigned a value 
but never used.  @typescript-eslint/no-unused-vars

./components/sales-chart.tsx
11:30  Warning: 'dateRange' is defined but never used.  
@typescript-eslint/no-unused-vars
12:11  Warning: 'currentLocation' is assigned a value 
but never used.  @typescript-eslint/no-unused-vars

./components/scheduling/add-product-dialog.tsx
17:48  Warning: Unexpected any. Specify a different 
type.  @typescript-eslint/no-explicit-any
43:3  Warning: Unexpected console statement. Only these 
console methods are allowed: warn, error.  no-console

./components/scheduling/add-service-dialog.tsx
21:48  Warning: Unexpected any. Specify a different 
type.  @typescript-eslint/no-explicit-any
22:20  Warning: Unexpected any. Specify a different 
type.  @typescript-eslint/no-explicit-any
27:11  Warning: 'currency' is assigned a value but 
never used.  @typescript-eslint/no-unused-vars
40:56  Warning: Unexpected any. Specify a different 
type.  @typescript-eslint/no-explicit-any
73:55  Warning: Unexpected any. Specify a different 
type.  @typescript-eslint/no-explicit-any
95:73  Warning: Unexpected any. Specify a different 
type.  @typescript-eslint/no-explicit-any
117:48  Warning: Unexpected any. Specify a different 
type.  @typescript-eslint/no-explicit-any
136:49  Warning: Unexpected any. Specify a different 
type.  @typescript-eslint/no-explicit-any
177:7  Warning: Unexpected console statement. Only 
these console methods are allowed: warn, error.  
no-console
178:7  Warning: Unexpected console statement. Only 
these console methods are allowed: warn, error.  
no-console
189:7  Warning: Unexpected console statement. Only 
these console methods are allowed: warn, error.  
no-console
194:9  Warning: 'categoryIdToNameMap' is assigned a 
value but never used.  @typescript-eslint/no-unused-vars
216:5  Warning: Unexpected console statement. Only 
these console methods are allowed: warn, error.  
no-console
217:5  Warning: Unexpected console statement. Only 
these console methods are allowed: warn, error.  
no-console
228:9  Warning: Unexpected console statement. Only 
these console methods are allowed: warn, error.  
no-console
300:7  Warning: Unexpected console statement. Only 
these console methods are allowed: warn, error.  
no-console
340:17  Warning: Unexpected console statement. Only 
these console methods are allowed: warn, error.  
no-console
366:17  Warning: Unexpected console statement. Only 
these console methods are allowed: warn, error.  
no-console
401:17  Warning: Unexpected console statement. Only 
these console methods are allowed: warn, error.  
no-console

./components/scheduling/appointment-calendar.tsx
18:38  Warning: Unexpected any. Specify a different 
type.  @typescript-eslint/no-explicit-any
125:3  Warning: Unexpected console statement. Only 
these console methods are allowed: warn, error.  
no-console
126:3  Warning: Unexpected console statement. Only 
these console methods are allowed: warn, error.  
no-console
127:3  Warning: Unexpected console statement. Only 
these console methods are allowed: warn, error.  
no-console
128:3  Warning: Unexpected console statement. Only 
these console methods are allowed: warn, error.  
no-console
129:3  Warning: Unexpected console statement. Only 
these console methods are allowed: warn, error.  
no-console
130:3  Warning: Unexpected console statement. Only 
these console methods are allowed: warn, error.  
no-console
131:3  Warning: Unexpected console statement. Only 
these console methods are allowed: warn, error.  
no-console
132:3  Warning: Unexpected console statement. Only 
these console methods are allowed: warn, error.  
no-console
133:3  Warning: Unexpected console statement. Only 
these console methods are allowed: warn, error.  
no-console
141:5  Warning: Unexpected console statement. Only 
these console methods are allowed: warn, error.  
no-console
165:35  Warning: Unexpected any. Specify a different 
type.  @typescript-eslint/no-explicit-any
191:82  Warning: Unexpected any. Specify a different 
type.  @typescript-eslint/no-explicit-any
244:61  Warning: Unexpected any. Specify a different 
type.  @typescript-eslint/no-explicit-any
282:63  Warning: Unexpected any. Specify a different 
type.  @typescript-eslint/no-explicit-any
328:63  Warning: Unexpected any. Specify a different 
type.  @typescript-eslint/no-explicit-any

./components/scheduling/appointment-details-dialog.tsx
17:75  Warning: 'X' is defined but never used.  
@typescript-eslint/no-unused-vars
17:78  Warning: 'AlertTriangle' is defined but never 
used.  @typescript-eslint/no-unused-vars
21:10  Warning: 'Tabs' is defined but never used.  
@typescript-eslint/no-unused-vars
21:16  Warning: 'TabsContent' is defined but never 
used.  @typescript-eslint/no-unused-vars
21:29  Warning: 'TabsList' is defined but never used.  
@typescript-eslint/no-unused-vars
21:39  Warning: 'TabsTrigger' is defined but never 
used.  @typescript-eslint/no-unused-vars
23:23  Warning: 'AppointmentStatusHistory' is defined 
but never used.  @typescript-eslint/no-unused-vars
56:28  Warning: 'newStatus' is defined but never used.  
@typescript-eslint/no-unused-vars
127:81  Warning: 'index' is defined but never used.  
@typescript-eslint/no-unused-vars
131:25  Warning: 'creationEntry' is assigned a value 
but never used.  @typescript-eslint/no-unused-vars
163:27  Warning: 'currentIndex' is assigned a value but 
never used.  @typescript-eslint/no-unused-vars

./components/scheduling/blocked-time-dialog.tsx
21:25  Warning: 'formatAppDateTime' is defined but 
never used.  @typescript-eslint/no-unused-vars
33:28  Warning: Unexpected any. Specify a different 
type.  @typescript-eslint/no-explicit-any
47:40  Warning: 'isStaffLoading' is assigned a value 
but never used.  @typescript-eslint/no-unused-vars
65:7  Warning: Unexpected console statement. Only these 
console methods are allowed: warn, error.  no-console
72:5  Warning: Unexpected console statement. Only these 
console methods are allowed: warn, error.  no-console
73:5  Warning: Unexpected console statement. Only these 
console methods are allowed: warn, error.  no-console
74:5  Warning: Unexpected console statement. Only these 
console methods are allowed: warn, error.  no-console
82:7  Warning: Unexpected console statement. Only these 
console methods are allowed: warn, error.  no-console
113:5  Warning: Unexpected console statement. Only 
these console methods are allowed: warn, error.  
no-console
167:9  Warning: Unexpected console statement. Only 
these console methods are allowed: warn, error.  
no-console

./components/scheduling/change-staff-dialog.tsx
17:23  Warning: 'MapPin' is defined but never used.  
@typescript-eslint/no-unused-vars

./components/scheduling/edit-appointment-details-dialog.
tsx
19:19  Warning: 'DollarSign' is defined but never used. 
 @typescript-eslint/no-unused-vars
20:10  Warning: 'parseISO' is defined but never used.  
@typescript-eslint/no-unused-vars
124:73  Warning: Unexpected any. Specify a different 
type.  @typescript-eslint/no-explicit-any
150:63  Warning: Unexpected any. Specify a different 
type.  @typescript-eslint/no-explicit-any
216:9  Warning: 'selectedService' is assigned a value 
but never used.  @typescript-eslint/no-unused-vars

./components/scheduling/enhanced-appointment-details-dia
log.tsx
12:3  Warning: 'DialogClose' is defined but never used. 
 @typescript-eslint/no-unused-vars
26:3  Warning: 'ChevronDown' is defined but never used. 
 @typescript-eslint/no-unused-vars
40:3  Warning: 'DropdownMenu' is defined but never 
used.  @typescript-eslint/no-unused-vars
41:3  Warning: 'DropdownMenuContent' is defined but 
never used.  @typescript-eslint/no-unused-vars
42:3  Warning: 'DropdownMenuItem' is defined but never 
used.  @typescript-eslint/no-unused-vars
43:3  Warning: 'DropdownMenuTrigger' is defined but 
never used.  @typescript-eslint/no-unused-vars
54:10  Warning: 'TransactionType' is defined but never 
used.  @typescript-eslint/no-unused-vars
54:27  Warning: 'TransactionSource' is defined but 
never used.  @typescript-eslint/no-unused-vars
54:46  Warning: 'TransactionStatus' is defined but 
never used.  @typescript-eslint/no-unused-vars
55:10  Warning: 'transactionDeduplicationService' is 
defined but never used.  
@typescript-eslint/no-unused-vars
57:23  Warning: 'AppointmentStatusHistory' is defined 
but never used.  @typescript-eslint/no-unused-vars
91:11  Warning: 'hasPermission' is assigned a value but 
never used.  @typescript-eslint/no-unused-vars
95:11  Warning: 'services' is assigned a value but 
never used.  @typescript-eslint/no-unused-vars
100:58  Warning: Unexpected any. Specify a different 
type.  @typescript-eslint/no-explicit-any
269:7  Warning: Unexpected console statement. Only 
these console methods are allowed: warn, error.  
no-console
307:7  Warning: Unexpected console statement. Only 
these console methods are allowed: warn, error.  
no-console
312:9  Warning: Unexpected console statement. Only 
these console methods are allowed: warn, error.  
no-console
317:7  Warning: Unexpected console statement. Only 
these console methods are allowed: warn, error.  
no-console
324:9  Warning: Unexpected console statement. Only 
these console methods are allowed: warn, error.  
no-console
335:9  Warning: Unexpected console statement. Only 
these console methods are allowed: warn, error.  
no-console
355:7  Warning: Unexpected console statement. Only 
these console methods are allowed: warn, error.  
no-console
366:7  Warning: Unexpected console statement. Only 
these console methods are allowed: warn, error.  
no-console
369:9  Warning: Unexpected console statement. Only 
these console methods are allowed: warn, error.  
no-console
384:7  Warning: Unexpected console statement. Only 
these console methods are allowed: warn, error.  
no-console
402:11  Warning: Unexpected console statement. Only 
these console methods are allowed: warn, error.  
no-console
403:62  Warning: Unexpected any. Specify a different 
type.  @typescript-eslint/no-explicit-any
408:11  Warning: Unexpected console statement. Only 
these console methods are allowed: warn, error.  
no-console
410:80  Warning: Unexpected any. Specify a different 
type.  @typescript-eslint/no-explicit-any
411:75  Warning: Unexpected any. Specify a different 
type.  @typescript-eslint/no-explicit-any
412:75  Warning: Unexpected any. Specify a different 
type.  @typescript-eslint/no-explicit-any
414:11  Warning: Unexpected console statement. Only 
these console methods are allowed: warn, error.  
no-console
431:7  Warning: Unexpected console statement. Only 
these console methods are allowed: warn, error.  
no-console
455:5  Warning: Unexpected console statement. Only 
these console methods are allowed: warn, error.  
no-console
475:13  Warning: Unexpected console statement. Only 
these console methods are allowed: warn, error.  
no-console
496:56  Warning: Unexpected any. Specify a different 
type.  @typescript-eslint/no-explicit-any
505:46  Warning: Unexpected any. Specify a different 
type.  @typescript-eslint/no-explicit-any
526:56  Warning: Unexpected any. Specify a different 
type.  @typescript-eslint/no-explicit-any
615:101  Warning: 'index' is defined but never used.  
@typescript-eslint/no-unused-vars
715:75  Warning: Unexpected any. Specify a different 
type.  @typescript-eslint/no-explicit-any
737:61  Warning: Unexpected any. Specify a different 
type.  @typescript-eslint/no-explicit-any

./components/scheduling/enhanced-booking-summary.tsx
11:10  Warning: 'Select' is defined but never used.  
@typescript-eslint/no-unused-vars
11:18  Warning: 'SelectContent' is defined but never 
used.  @typescript-eslint/no-unused-vars
11:33  Warning: 'SelectItem' is defined but never used. 
 @typescript-eslint/no-unused-vars
11:45  Warning: 'SelectTrigger' is defined but never 
used.  @typescript-eslint/no-unused-vars
11:60  Warning: 'SelectValue' is defined but never 
used.  @typescript-eslint/no-unused-vars
14:10  Warning: 'getFirstName' is defined but never 
used.  @typescript-eslint/no-unused-vars
27:10  Warning: 'printReceipt' is defined but never 
used.  @typescript-eslint/no-unused-vars
76:44  Warning: Unexpected any. Specify a different 
type.  @typescript-eslint/no-explicit-any
76:107  Warning: Unexpected any. Specify a different 
type.  @typescript-eslint/no-explicit-any
76:133  Warning: Unexpected any. Specify a different 
type.  @typescript-eslint/no-explicit-any
119:7  Warning: Unexpected console statement. Only 
these console methods are allowed: warn, error.  
no-console
121:7  Warning: Unexpected console statement. Only 
these console methods are allowed: warn, error.  
no-console
141:66  Warning: Unexpected any. Specify a different 
type.  @typescript-eslint/no-explicit-any
157:46  Warning: Unexpected any. Specify a different 
type.  @typescript-eslint/no-explicit-any
271:7  Warning: Unexpected console statement. Only 
these console methods are allowed: warn, error.  
no-console
284:18  Warning: Unexpected any. Specify a different 
type.  @typescript-eslint/no-explicit-any
285:38  Warning: Unexpected any. Specify a different 
type.  @typescript-eslint/no-explicit-any
293:11  Warning: 'user' is assigned a value but never 
used.  @typescript-eslint/no-unused-vars
293:34  Warning: 'setCurrentLocation' is assigned a 
value but never used.  @typescript-eslint/no-unused-vars
305:5  Warning: Unexpected console statement. Only 
these console methods are allowed: warn, error.  
no-console
306:5  Warning: Unexpected console statement. Only 
these console methods are allowed: warn, error.  
no-console
307:5  Warning: Unexpected console statement. Only 
these console methods are allowed: warn, error.  
no-console
315:7  Warning: Unexpected console statement. Only 
these console methods are allowed: warn, error.  
no-console
336:56  Warning: Unexpected any. Specify a different 
type.  @typescript-eslint/no-explicit-any
354:9  Warning: Unexpected console statement. Only 
these console methods are allowed: warn, error.  
no-console
370:11  Warning: Unexpected console statement. Only 
these console methods are allowed: warn, error.  
no-console
382:9  Warning: Unexpected console statement. Only 
these console methods are allowed: warn, error.  
no-console
555:5  Warning: Unexpected console statement. Only 
these console methods are allowed: warn, error.  
no-console
560:7  Warning: Unexpected console statement. Only 
these console methods are allowed: warn, error.  
no-console
568:9  Warning: Unexpected console statement. Only 
these console methods are allowed: warn, error.  
no-console
576:11  Warning: Unexpected console statement. Only 
these console methods are allowed: warn, error.  
no-console
580:9  Warning: Unexpected console statement. Only 
these console methods are allowed: warn, error.  
no-console
586:11  Warning: Unexpected console statement. Only 
these console methods are allowed: warn, error.  
no-console
624:11  Warning: 'isPrimaryService' is assigned a value 
but never used.  @typescript-eslint/no-unused-vars
694:85  Warning: Unexpected any. Specify a different 
type.  @typescript-eslint/no-explicit-any
751:71  Warning: Unexpected any. Specify a different 
type.  @typescript-eslint/no-explicit-any
761:61  Warning: Unexpected any. Specify a different 
type.  @typescript-eslint/no-explicit-any
775:5  Warning: Unexpected console statement. Only 
these console methods are allowed: warn, error.  
no-console
791:5  Warning: Unexpected console statement. Only 
these console methods are allowed: warn, error.  
no-console
799:5  Warning: Unexpected console statement. Only 
these console methods are allowed: warn, error.  
no-console
804:7  Warning: Unexpected console statement. Only 
these console methods are allowed: warn, error.  
no-console
809:9  Warning: Unexpected console statement. Only 
these console methods are allowed: warn, error.  
no-console
827:9  Warning: Unexpected console statement. Only 
these console methods are allowed: warn, error.  
no-console
843:11  Warning: Unexpected console statement. Only 
these console methods are allowed: warn, error.  
no-console
938:5  Warning: Unexpected console statement. Only 
these console methods are allowed: warn, error.  
no-console
987:7  Warning: Unexpected console statement. Only 
these console methods are allowed: warn, error.  
no-console
1001:9  Warning: Unexpected console statement. Only 
these console methods are allowed: warn, error.  
no-console
1033:9  Warning: Unexpected console statement. Only 
these console methods are allowed: warn, error.  
no-console
1069:9  Warning: Unexpected console statement. Only 
these console methods are allowed: warn, error.  
no-console
1196:41  Warning: 'index' is defined but never used.  
@typescript-eslint/no-unused-vars

./components/scheduling/enhanced-new-appointment-dialog.
tsx
60:21  Warning: Unexpected any. Specify a different 
type.  @typescript-eslint/no-explicit-any
110:3  Warning: Unexpected console statement. Only 
these console methods are allowed: warn, error.  
no-console
111:3  Warning: Unexpected console statement. Only 
these console methods are allowed: warn, error.  
no-console
112:3  Warning: Unexpected console statement. Only 
these console methods are allowed: warn, error.  
no-console
113:3  Warning: Unexpected console statement. Only 
these console methods are allowed: warn, error.  
no-console
114:3  Warning: Unexpected console statement. Only 
these console methods are allowed: warn, error.  
no-console
122:5  Warning: Unexpected console statement. Only 
these console methods are allowed: warn, error.  
no-console
137:39  Warning: Unexpected any. Specify a different 
type.  @typescript-eslint/no-explicit-any
165:7  Warning: Unexpected console statement. Only 
these console methods are allowed: warn, error.  
no-console
249:21  Warning: Unexpected console statement. Only 
these console methods are allowed: warn, error.  
no-console
276:21  Warning: Unexpected console statement. Only 
these console methods are allowed: warn, error.  
no-console
318:29  Warning: Unexpected console statement. Only 
these console methods are allowed: warn, error.  
no-console
339:21  Warning: Unexpected console statement. Only 
these console methods are allowed: warn, error.  
no-console
356:23  Warning: Unexpected console statement. Only 
these console methods are allowed: warn, error.  
no-console
357:23  Warning: Unexpected console statement. Only 
these console methods are allowed: warn, error.  
no-console
358:23  Warning: Unexpected console statement. Only 
these console methods are allowed: warn, error.  
no-console
359:23  Warning: Unexpected console statement. Only 
these console methods are allowed: warn, error.  
no-console
363:25  Warning: Unexpected console statement. Only 
these console methods are allowed: warn, error.  
no-console
421:21  Warning: Unexpected console statement. Only 
these console methods are allowed: warn, error.  
no-console

./components/scheduling/enhanced-salon-calendar.tsx
6:10  Warning: 'useStaffAvailabilitySync' is defined 
but never used.  @typescript-eslint/no-unused-vars
8:10  Warning: 'Tabs' is defined but never used.  
@typescript-eslint/no-unused-vars
8:16  Warning: 'TabsList' is defined but never used.  
@typescript-eslint/no-unused-vars
8:26  Warning: 'TabsTrigger' is defined but never used. 
 @typescript-eslint/no-unused-vars
11:61  Warning: 'CalendarIcon' is defined but never 
used.  @typescript-eslint/no-unused-vars
11:75  Warning: 'ClipboardList' is defined but never 
used.  @typescript-eslint/no-unused-vars
26:3  Warning: 'getDay' is defined but never used.  
@typescript-eslint/no-unused-vars
40:10  Warning: 'staffAvailabilityService' is defined 
but never used.  @typescript-eslint/no-unused-vars
44:38  Warning: Unexpected any. Specify a different 
type.  @typescript-eslint/no-explicit-any
47:18  Warning: Unexpected any. Specify a different 
type.  @typescript-eslint/no-explicit-any
48:40  Warning: Unexpected any. Specify a different 
type.  @typescript-eslint/no-explicit-any
49:40  Warning: Unexpected any. Specify a different 
type.  @typescript-eslint/no-explicit-any
61:28  Warning: 'setCurrentLocation' is assigned a 
value but never used.  @typescript-eslint/no-unused-vars
62:11  Warning: 'locations' is assigned a value but 
never used.  @typescript-eslint/no-unused-vars
62:22  Warning: 'getActiveLocations' is assigned a 
value but never used.  @typescript-eslint/no-unused-vars
67:10  Warning: 'hoveredTime' is assigned a value but 
never used.  @typescript-eslint/no-unused-vars
68:58  Warning: Unexpected any. Specify a different 
type.  @typescript-eslint/no-explicit-any
81:60  Warning: Unexpected any. Specify a different 
type.  @typescript-eslint/no-explicit-any
120:5  Warning: Unexpected console statement. Only 
these console methods are allowed: warn, error.  
no-console
130:5  Warning: Unexpected console statement. Only 
these console methods are allowed: warn, error.  
no-console
165:9  Warning: Unexpected console statement. Only 
these console methods are allowed: warn, error.  
no-console
189:5  Warning: Unexpected console statement. Only 
these console methods are allowed: warn, error.  
no-console
190:5  Warning: Unexpected console statement. Only 
these console methods are allowed: warn, error.  
no-console
194:5  Warning: Unexpected console statement. Only 
these console methods are allowed: warn, error.  
no-console
201:9  Warning: Unexpected console statement. Only 
these console methods are allowed: warn, error.  
no-console
233:9  Warning: Unexpected console statement. Only 
these console methods are allowed: warn, error.  
no-console
245:3  Warning: Unexpected console statement. Only 
these console methods are allowed: warn, error.  
no-console
252:5  Warning: Unexpected console statement. Only 
these console methods are allowed: warn, error.  
no-console
276:7  Warning: Unexpected console statement. Only 
these console methods are allowed: warn, error.  
no-console
282:5  Warning: Unexpected console statement. Only 
these console methods are allowed: warn, error.  
no-console
324:58  Warning: Unexpected any. Specify a different 
type.  @typescript-eslint/no-explicit-any
454:3  Warning: Unexpected console statement. Only 
these console methods are allowed: warn, error.  
no-console
465:3  Warning: Unexpected console statement. Only 
these console methods are allowed: warn, error.  
no-console
478:9  Warning: 'appointmentsByStatus' is assigned a 
value but never used.  @typescript-eslint/no-unused-vars
488:45  Warning: Unexpected any. Specify a different 
type.  @typescript-eslint/no-explicit-any
579:28  Warning: 'serviceName' is defined but never 
used.  @typescript-eslint/no-unused-vars
585:9  Warning: 'getStaffAvatarColor' is assigned a 
value but never used.  @typescript-eslint/no-unused-vars
626:9  Warning: 'goToPreviousDay' is assigned a value 
but never used.  @typescript-eslint/no-unused-vars
627:9  Warning: 'goToNextDay' is assigned a value but 
never used.  @typescript-eslint/no-unused-vars
630:48  Warning: Unexpected any. Specify a different 
type.  @typescript-eslint/no-explicit-any
633:7  Warning: Unexpected console statement. Only 
these console methods are allowed: warn, error.  
no-console
636:9  Warning: Unexpected console statement. Only 
these console methods are allowed: warn, error.  
no-console
688:49  Warning: Unexpected any. Specify a different 
type.  @typescript-eslint/no-explicit-any
692:70  Warning: Unexpected any. Specify a different 
type.  @typescript-eslint/no-explicit-any
765:42  Warning: Unexpected any. Specify a different 
type.  @typescript-eslint/no-explicit-any
772:42  Warning: Unexpected any. Specify a different 
type.  @typescript-eslint/no-explicit-any
851:53  Warning: Unexpected any. Specify a different 
type.  @typescript-eslint/no-explicit-any
852:5  Warning: Unexpected console statement. Only 
these console methods are allowed: warn, error.  
no-console
872:15  Warning: Unexpected console statement. Only 
these console methods are allowed: warn, error.  
no-console
880:17  Warning: Unexpected console statement. Only 
these console methods are allowed: warn, error.  
no-console
892:51  Warning: Unexpected any. Specify a different 
type.  @typescript-eslint/no-explicit-any
893:7  Warning: Unexpected console statement. Only 
these console methods are allowed: warn, error.  
no-console
918:48  Warning: Unexpected any. Specify a different 
type.  @typescript-eslint/no-explicit-any
927:11  Warning: Unexpected console statement. Only 
these console methods are allowed: warn, error.  
no-console
1144:40  Warning: 'index' is defined but never used.  
@typescript-eslint/no-unused-vars
1237:37  Warning: 'servicePrice' is assigned a value 
but never used.  @typescript-eslint/no-unused-vars
1457:33  Warning: 'servicePrice' is assigned a value 
but never used.  @typescript-eslint/no-unused-vars
1627:37  Warning: 'servicePrice' is assigned a value 
but never used.  @typescript-eslint/no-unused-vars
1738:98  Warning: 'index' is defined but never used.  
@typescript-eslint/no-unused-vars
1756:40  Warning: 'staffIndex' is defined but never 
used.  @typescript-eslint/no-unused-vars
1797:102  Warning: 'dayIndex' is defined but never 
used.  @typescript-eslint/no-unused-vars
1974:37  Warning: 'servicePrice' is assigned a value 
but never used.  @typescript-eslint/no-unused-vars
2194:82  Warning: 'index' is defined but never used.  
@typescript-eslint/no-unused-vars
2222:27  Warning: 'regularAppointments' is assigned a 
value but never used.  @typescript-eslint/no-unused-vars

./components/scheduling/group-appointment-dialog.tsx
20:33  Warning: 'startOfDay' is defined but never used. 
 @typescript-eslint/no-unused-vars
20:45  Warning: 'isToday' is defined but never used.  
@typescript-eslint/no-unused-vars
40:40  Warning: Unexpected any. Specify a different 
type.  @typescript-eslint/no-explicit-any
52:11  Warning: 'currency' is assigned a value but 
never used.  @typescript-eslint/no-unused-vars
128:5  Warning: Unexpected console statement. Only 
these console methods are allowed: warn, error.  
no-console
139:7  Warning: Unexpected console statement. Only 
these console methods are allowed: warn, error.  
no-console
145:5  Warning: Unexpected console statement. Only 
these console methods are allowed: warn, error.  
no-console
213:7  Warning: Unexpected console statement. Only 
these console methods are allowed: warn, error.  
no-console
227:7  Warning: Unexpected console statement. Only 
these console methods are allowed: warn, error.  
no-console
268:19  Warning: Unexpected console statement. Only 
these console methods are allowed: warn, error.  
no-console
295:19  Warning: Unexpected console statement. Only 
these console methods are allowed: warn, error.  
no-console
328:19  Warning: Unexpected console statement. Only 
these console methods are allowed: warn, error.  
no-console
361:19  Warning: Unexpected console statement. Only 
these console methods are allowed: warn, error.  
no-console
423:25  Warning: Unexpected console statement. Only 
these console methods are allowed: warn, error.  
no-console
441:19  Warning: Unexpected console statement. Only 
these console methods are allowed: warn, error.  
no-console
475:17  Warning: Unexpected console statement. Only 
these console methods are allowed: warn, error.  
no-console
506:39  Warning: 'index' is defined but never used.  
@typescript-eslint/no-unused-vars
555:17  Warning: Unexpected console statement. Only 
these console methods are allowed: warn, error.  
no-console

./components/scheduling/new-appointment-dialog-v2.tsx
20:24  Warning: 'X' is defined but never used.  
@typescript-eslint/no-unused-vars
22:25  Warning: 'formatForDateInput' is defined but 
never used.  @typescript-eslint/no-unused-vars
40:5  Warning: Unexpected console statement. Only these 
console methods are allowed: warn, error.  no-console
45:3  Warning: Unexpected console statement. Only these 
console methods are allowed: warn, error.  no-console
57:40  Warning: Unexpected any. Specify a different 
type.  @typescript-eslint/no-explicit-any
58:18  Warning: Unexpected any. Specify a different 
type.  @typescript-eslint/no-explicit-any
72:11  Warning: 'currency' is assigned a value but 
never used.  @typescript-eslint/no-unused-vars
82:31  Warning: 'findClientByPhoneAndName' is assigned 
a value but never used.  
@typescript-eslint/no-unused-vars
98:56  Warning: Unexpected any. Specify a different 
type.  @typescript-eslint/no-explicit-any
105:29  Warning: 'checkCrossLocationAvailability' is 
assigned a value but never used.  
@typescript-eslint/no-unused-vars
239:5  Warning: Unexpected console statement. Only 
these console methods are allowed: warn, error.  
no-console
258:9  Warning: Unexpected console statement. Only 
these console methods are allowed: warn, error.  
no-console
259:9  Warning: Unexpected console statement. Only 
these console methods are allowed: warn, error.  
no-console
260:9  Warning: Unexpected console statement. Only 
these console methods are allowed: warn, error.  
no-console
261:9  Warning: Unexpected console statement. Only 
these console methods are allowed: warn, error.  
no-console
262:9  Warning: Unexpected console statement. Only 
these console methods are allowed: warn, error.  
no-console
289:9  Warning: Unexpected console statement. Only 
these console methods are allowed: warn, error.  
no-console
319:7  Warning: Unexpected console statement. Only 
these console methods are allowed: warn, error.  
no-console
349:5  Warning: Unexpected console statement. Only 
these console methods are allowed: warn, error.  
no-console
377:5  Warning: Unexpected console statement. Only 
these console methods are allowed: warn, error.  
no-console
386:5  Warning: Unexpected console statement. Only 
these console methods are allowed: warn, error.  
no-console
387:5  Warning: Unexpected console statement. Only 
these console methods are allowed: warn, error.  
no-console
388:5  Warning: Unexpected console statement. Only 
these console methods are allowed: warn, error.  
no-console
389:5  Warning: Unexpected console statement. Only 
these console methods are allowed: warn, error.  
no-console
390:5  Warning: Unexpected console statement. Only 
these console methods are allowed: warn, error.  
no-console
394:7  Warning: Unexpected console statement. Only 
these console methods are allowed: warn, error.  
no-console
419:5  Warning: Unexpected console statement. Only 
these console methods are allowed: warn, error.  
no-console
454:5  Warning: Unexpected console statement. Only 
these console methods are allowed: warn, error.  
no-console
492:7  Warning: Unexpected console statement. Only 
these console methods are allowed: warn, error.  
no-console
496:5  Warning: Unexpected console statement. Only 
these console methods are allowed: warn, error.  
no-console
497:5  Warning: Unexpected console statement. Only 
these console methods are allowed: warn, error.  
no-console
512:5  Warning: Unexpected console statement. Only 
these console methods are allowed: warn, error.  
no-console
559:11  Warning: Unexpected console statement. Only 
these console methods are allowed: warn, error.  
no-console
562:11  Warning: Unexpected console statement. Only 
these console methods are allowed: warn, error.  
no-console
579:13  Warning: Unexpected console statement. Only 
these console methods are allowed: warn, error.  
no-console
584:13  Warning: Unexpected console statement. Only 
these console methods are allowed: warn, error.  
no-console
663:9  Warning: Unexpected console statement. Only 
these console methods are allowed: warn, error.  
no-console
677:11  Warning: Unexpected console statement. Only 
these console methods are allowed: warn, error.  
no-console
684:11  Warning: Unexpected console statement. Only 
these console methods are allowed: warn, error.  
no-console
711:7  Warning: Unexpected console statement. Only 
these console methods are allowed: warn, error.  
no-console
725:7  Warning: Unexpected console statement. Only 
these console methods are allowed: warn, error.  
no-console
755:7  Warning: Unexpected console statement. Only 
these console methods are allowed: warn, error.  
no-console
815:21  Warning: Unexpected console statement. Only 
these console methods are allowed: warn, error.  
no-console
846:19  Warning: Unexpected console statement. Only 
these console methods are allowed: warn, error.  
no-console
869:19  Warning: Unexpected console statement. Only 
these console methods are allowed: warn, error.  
no-console
887:19  Warning: Unexpected console statement. Only 
these console methods are allowed: warn, error.  
no-console
918:17  Warning: Unexpected console statement. Only 
these console methods are allowed: warn, error.  
no-console
920:19  Warning: Unexpected console statement. Only 
these console methods are allowed: warn, error.  
no-console
926:17  Warning: Unexpected console statement. Only 
these console methods are allowed: warn, error.  
no-console
1033:29  Warning: Unexpected console statement. Only 
these console methods are allowed: warn, error.  
no-console
1165:17  Warning: Unexpected console statement. Only 
these console methods are allowed: warn, error.  
no-console

./components/scheduling/reschedule-appointment-dialog.ts
x
17:24  Warning: 'Clock' is defined but never used.  
@typescript-eslint/no-unused-vars
19:40  Warning: 'isToday' is defined but never used.  
@typescript-eslint/no-unused-vars

./components/scheduling/salon-calendar-view.tsx
30:11  Warning: 'activeStaff' is assigned a value but 
never used.  @typescript-eslint/no-unused-vars
41:3  Warning: Unexpected console statement. Only these 
console methods are allowed: warn, error.  no-console
42:3  Warning: Unexpected console statement. Only these 
console methods are allowed: warn, error.  no-console
43:3  Warning: Unexpected console statement. Only these 
console methods are allowed: warn, error.  no-console
44:3  Warning: Unexpected console statement. Only these 
console methods are allowed: warn, error.  no-console
45:3  Warning: Unexpected console statement. Only these 
console methods are allowed: warn, error.  no-console
46:3  Warning: Unexpected console statement. Only these 
console methods are allowed: warn, error.  no-console
47:3  Warning: Unexpected console statement. Only these 
console methods are allowed: warn, error.  no-console
48:3  Warning: Unexpected console statement. Only these 
console methods are allowed: warn, error.  no-console
49:3  Warning: Unexpected console statement. Only these 
console methods are allowed: warn, error.  no-console
50:3  Warning: Unexpected console statement. Only these 
console methods are allowed: warn, error.  no-console
58:5  Warning: Unexpected console statement. Only these 
console methods are allowed: warn, error.  no-console
112:3  Warning: Unexpected console statement. Only 
these console methods are allowed: warn, error.  
no-console
120:67  Warning: Unexpected any. Specify a different 
type.  @typescript-eslint/no-explicit-any
175:9  Warning: 'getStaffAvatarColor' is assigned a 
value but never used.  @typescript-eslint/no-unused-vars
184:80  Warning: Unexpected any. Specify a different 
type.  @typescript-eslint/no-explicit-any
268:41  Warning: 'index' is defined but never used.  
@typescript-eslint/no-unused-vars
282:39  Warning: 'timeIndex' is defined but never used. 
 @typescript-eslint/no-unused-vars

./components/scheduling/staff-availability.tsx
3:31  Warning: 'useCallback' is defined but never used. 
 @typescript-eslint/no-unused-vars
25:5  Warning: 'staffAvailability' is assigned a value 
but never used.  @typescript-eslint/no-unused-vars
26:5  Warning: 'getUnavailabilityIndicator' is assigned 
a value but never used.  
@typescript-eslint/no-unused-vars
27:5  Warning: 'checkMultipleStaffAvailability' is 
assigned a value but never used.  
@typescript-eslint/no-unused-vars
28:5  Warning: 'refreshAvailability' is assigned a 
value but never used.  @typescript-eslint/no-unused-vars
40:3  Warning: Unexpected console statement. Only these 
console methods are allowed: warn, error.  no-console
41:3  Warning: Unexpected console statement. Only these 
console methods are allowed: warn, error.  no-console
42:3  Warning: Unexpected console statement. Only these 
console methods are allowed: warn, error.  no-console
43:3  Warning: Unexpected console statement. Only these 
console methods are allowed: warn, error.  no-console
67:5  Warning: Unexpected console statement. Only these 
console methods are allowed: warn, error.  no-console
86:9  Warning: 'getAppointmentsForStaff' is assigned a 
value but never used.  @typescript-eslint/no-unused-vars
110:9  Warning: 'isAvailable' is assigned a value but 
never used.  @typescript-eslint/no-unused-vars
110:57  Warning: Unexpected any. Specify a different 
type.  @typescript-eslint/no-explicit-any
137:64  Warning: Unexpected any. Specify a different 
type.  @typescript-eslint/no-explicit-any
172:50  Warning: 'staffName' is defined but never used. 
 @typescript-eslint/no-unused-vars
172:92  Warning: Unexpected any. Specify a different 
type.  @typescript-eslint/no-explicit-any
176:18  Warning: Unexpected any. Specify a different 
type.  @typescript-eslint/no-explicit-any

./components/service-worker-registrar.tsx
11:13  Warning: Unexpected console statement. Only 
these console methods are allowed: warn, error.  
no-console
14:13  Warning: Unexpected console statement. Only 
these console methods are allowed: warn, error.  
no-console

./components/services/delete-category-dialog.tsx
44:7  Warning: Unexpected console statement. Only these 
console methods are allowed: warn, error.  no-console

./components/services/delete-service-dialog.tsx
33:5  Warning: Unexpected console statement. Only these 
console methods are allowed: warn, error.  no-console
38:7  Warning: Unexpected console statement. Only these 
console methods are allowed: warn, error.  no-console

./components/services/edit-category-dialog.tsx
49:7  Warning: Unexpected console statement. Only these 
console methods are allowed: warn, error.  no-console

./components/services/edit-service-dialog.tsx
24:30  Warning: 'ImageIcon' is defined but never used.  
@typescript-eslint/no-unused-vars
47:31  Warning: 'getLocationName' is assigned a value 
but never used.  @typescript-eslint/no-unused-vars
49:10  Warning: 'hasUserMadeChanges' is assigned a 
value but never used.  @typescript-eslint/no-unused-vars
81:5  Warning: Unexpected console statement. Only these 
console methods are allowed: warn, error.  no-console
111:5  Warning: Unexpected console statement. Only 
these console methods are allowed: warn, error.  
no-console
112:5  Warning: Unexpected console statement. Only 
these console methods are allowed: warn, error.  
no-console
210:7  Warning: Unexpected console statement. Only 
these console methods are allowed: warn, error.  
no-console
215:7  Warning: Unexpected console statement. Only 
these console methods are allowed: warn, error.  
no-console

./components/services/location-update-notification.tsx
48:13  Warning: 'services' is never reassigned. Use 
'const' instead.  prefer-const

./components/services/new-category-dialog.tsx
44:7  Warning: Unexpected console statement. Only these 
console methods are allowed: warn, error.  no-console

./components/services/new-service-dialog.tsx
25:30  Warning: 'ImageIcon' is defined but never used.  
@typescript-eslint/no-unused-vars
34:11  Warning: 'currentLocation' is assigned a value 
but never used.  @typescript-eslint/no-unused-vars
37:31  Warning: 'getLocationName' is assigned a value 
but never used.  @typescript-eslint/no-unused-vars
174:7  Warning: Unexpected console statement. Only 
these console methods are allowed: warn, error.  
no-console
175:7  Warning: Unexpected console statement. Only 
these console methods are allowed: warn, error.  
no-console
179:7  Warning: Unexpected console statement. Only 
these console methods are allowed: warn, error.  
no-console
183:7  Warning: Unexpected console statement. Only 
these console methods are allowed: warn, error.  
no-console

./components/services/services-list.tsx
7:10  Warning: 'useCurrency' is defined but never used. 
 @typescript-eslint/no-unused-vars
35:40  Warning: Unexpected any. Specify a different 
type.  @typescript-eslint/no-explicit-any
40:11  Warning: Unexpected console statement. Only 
these console methods are allowed: warn, error.  
no-console
67:28  Warning: 'getLocationNameFromCache' is assigned 
a value but never used.  
@typescript-eslint/no-unused-vars
77:11  Warning: 'currency' is assigned a value but 
never used.  @typescript-eslint/no-unused-vars
79:56  Warning: Unexpected any. Specify a different 
type.  @typescript-eslint/no-explicit-any
80:58  Warning: Unexpected any. Specify a different 
type.  @typescript-eslint/no-explicit-any
85:45  Warning: Unexpected any. Specify a different 
type.  @typescript-eslint/no-explicit-any
94:7  Warning: Unexpected console statement. Only these 
console methods are allowed: warn, error.  no-console
125:3  Warning: Unexpected console statement. Only 
these console methods are allowed: warn, error.  
no-console
126:3  Warning: Unexpected console statement. Only 
these console methods are allowed: warn, error.  
no-console
127:3  Warning: Unexpected console statement. Only 
these console methods are allowed: warn, error.  
no-console
128:3  Warning: Unexpected console statement. Only 
these console methods are allowed: warn, error.  
no-console
139:5  Warning: Unexpected console statement. Only 
these console methods are allowed: warn, error.  
no-console

./components/session-provider.tsx
11:5  Warning: Unexpected console statement. Only these 
console methods are allowed: warn, error.  no-console
12:5  Warning: Unexpected console statement. Only these 
console methods are allowed: warn, error.  no-console

./components/settings/branding-settings.tsx
24:63  Warning: Unexpected any. Specify a different 
type.  @typescript-eslint/no-explicit-any
129:29  Warning: Using `<img>` could result in slower 
LCP and higher bandwidth. Consider using `<Image />` 
from `next/image` or a custom image loader to 
automatically optimize images. This may incur 
additional usage or cost from your provider. See: 
https://nextjs.org/docs/messages/no-img-element  
@next/next/no-img-element

./components/settings/carousel-settings.tsx
12:93  Warning: 'DialogTrigger' is defined but never 
used.  @typescript-eslint/no-unused-vars
14:49  Warning: 'Upload' is defined but never used.  
@typescript-eslint/no-unused-vars
83:7  Warning: 'defaultCarouselItems' is assigned a 
value but never used.  @typescript-eslint/no-unused-vars
140:39  Warning: 'refresh' is assigned a value but 
never used.  @typescript-eslint/no-unused-vars
178:34  Warning: Unexpected any. Specify a different 
type.  @typescript-eslint/no-explicit-any
835:50  Warning: Unexpected any. Specify a different 
type.  @typescript-eslint/no-explicit-any
878:33  Warning: Unexpected any. Specify a different 
type.  @typescript-eslint/no-explicit-any
1531:9  Warning: Unexpected any. Specify a different 
type.  @typescript-eslint/no-explicit-any
1535:18  Warning: Unexpected any. Specify a different 
type.  @typescript-eslint/no-explicit-any
1538:37  Warning: 'sectionId' is defined but never 
used.  @typescript-eslint/no-unused-vars
1539:44  Warning: Unexpected any. Specify a different 
type.  @typescript-eslint/no-explicit-any

./components/settings/checkout-settings.tsx
36:63  Warning: Unexpected any. Specify a different 
type.  @typescript-eslint/no-explicit-any
43:85  Warning: Unexpected any. Specify a different 
type.  @typescript-eslint/no-explicit-any
47:28  Warning: Unexpected any. Specify a different 
type.  @typescript-eslint/no-explicit-any

./components/settings/enhanced-notification-settings.tsx
194:9  Warning: 'getTemplatesByType' is assigned a 
value but never used.  @typescript-eslint/no-unused-vars
865:21  Warning: 'formData' is assigned a value but 
never used.  @typescript-eslint/no-unused-vars

./components/settings/general-settings.tsx
16:30  Warning: 'getUserCurrency' is defined but never 
used.  @typescript-eslint/no-unused-vars
19:10  Warning: 'Loader2' is defined but never used.  
@typescript-eslint/no-unused-vars
25:10  Warning: 'isLoading' is assigned a value but 
never used.  @typescript-eslint/no-unused-vars
81:66  Warning: Unexpected any. Specify a different 
type.  @typescript-eslint/no-explicit-any

./components/settings/gift-card-membership-settings.tsx
3:20  Warning: 'useEffect' is defined but never used.  
@typescript-eslint/no-unused-vars
16:16  Warning: 'CreditCard' is defined but never used. 
 @typescript-eslint/no-unused-vars
41:53  Warning: Unexpected any. Specify a different 
type.  @typescript-eslint/no-explicit-any
51:55  Warning: Unexpected any. Specify a different 
type.  @typescript-eslint/no-explicit-any

./components/settings/location-settings.tsx
17:3  Warning: 'DialogTrigger' is defined but never 
used.  @typescript-eslint/no-unused-vars
28:3  Warning: 'AlertDialogTrigger' is defined but 
never used.  @typescript-eslint/no-unused-vars
38:3  Warning: Unexpected console statement. Only these 
console methods are allowed: warn, error.  no-console
71:10  Warning: 'isEditing' is assigned a value but 
never used.  @typescript-eslint/no-unused-vars
78:5  Warning: Unexpected console statement. Only these 
console methods are allowed: warn, error.  no-console
79:5  Warning: Unexpected console statement. Only these 
console methods are allowed: warn, error.  no-console
81:7  Warning: Unexpected console statement. Only these 
console methods are allowed: warn, error.  no-console
89:5  Warning: Unexpected console statement. Only these 
console methods are allowed: warn, error.  no-console
90:5  Warning: Unexpected console statement. Only these 
console methods are allowed: warn, error.  no-console

./components/settings/loyalty-settings.tsx
8:22  Warning: 'Award' is defined but never used.  
@typescript-eslint/no-unused-vars
10:10  Warning: 'LoyaltyData' is defined but never 
used.  @typescript-eslint/no-unused-vars
10:38  Warning: 'PointHistoryItem' is defined but never 
used.  @typescript-eslint/no-unused-vars
11:10  Warning: 'format' is defined but never used.  
@typescript-eslint/no-unused-vars
11:18  Warning: 'parseISO' is defined but never used.  
@typescript-eslint/no-unused-vars
17:10  Warning: 'rewardTemplates' is defined but never 
used.  @typescript-eslint/no-unused-vars
33:11  Warning: 'hasPermission' is assigned a value but 
never used.  @typescript-eslint/no-unused-vars
35:11  Warning: 'currency' is assigned a value but 
never used.  @typescript-eslint/no-unused-vars
35:21  Warning: 'formatCurrency' is assigned a value 
but never used.  @typescript-eslint/no-unused-vars
59:26  Warning: 'setSelectedClient' is assigned a value 
but never used.  @typescript-eslint/no-unused-vars
197:9  Warning: 'handleDeleteTier' is assigned a value 
but never used.  @typescript-eslint/no-unused-vars
679:26  Warning: 'adjustment' is defined but never 
used.  @typescript-eslint/no-unused-vars

./components/settings/staff-credential-settings.tsx
64:11  Warning: 'Location' is defined but never used.  
@typescript-eslint/no-unused-vars
93:68  Warning: Unexpected any. Specify a different 
type.  @typescript-eslint/no-explicit-any

./components/settings/user-settings-fixed.tsx
9:10  Warning: 'useStaff' is defined but never used.  
@typescript-eslint/no-unused-vars
10:41  Warning: 'Plus' is defined but never used.  
@typescript-eslint/no-unused-vars
10:47  Warning: 'Shield' is defined but never used.  
@typescript-eslint/no-unused-vars
10:55  Warning: 'UserPlus' is defined but never used.  
@typescript-eslint/no-unused-vars
10:65  Warning: 'MapPin' is defined but never used.  
@typescript-eslint/no-unused-vars
10:73  Warning: 'Building2' is defined but never used.  
@typescript-eslint/no-unused-vars
12:10  Warning: 'Tabs' is defined but never used.  
@typescript-eslint/no-unused-vars
12:16  Warning: 'TabsContent' is defined but never 
used.  @typescript-eslint/no-unused-vars
12:29  Warning: 'TabsList' is defined but never used.  
@typescript-eslint/no-unused-vars
12:39  Warning: 'TabsTrigger' is defined but never 
used.  @typescript-eslint/no-unused-vars
13:10  Warning: 'Avatar' is defined but never used.  
@typescript-eslint/no-unused-vars
13:18  Warning: 'AvatarFallback' is defined but never 
used.  @typescript-eslint/no-unused-vars
18:23  Warning: 'PERMISSION_CATEGORIES' is defined but 
never used.  @typescript-eslint/no-unused-vars
28:3  Warning: 'AlertDialog' is defined but never used. 
 @typescript-eslint/no-unused-vars
29:3  Warning: 'AlertDialogAction' is defined but never 
used.  @typescript-eslint/no-unused-vars
30:3  Warning: 'AlertDialogCancel' is defined but never 
used.  @typescript-eslint/no-unused-vars
31:3  Warning: 'AlertDialogContent' is defined but 
never used.  @typescript-eslint/no-unused-vars
32:3  Warning: 'AlertDialogDescription' is defined but 
never used.  @typescript-eslint/no-unused-vars
33:3  Warning: 'AlertDialogFooter' is defined but never 
used.  @typescript-eslint/no-unused-vars
34:3  Warning: 'AlertDialogHeader' is defined but never 
used.  @typescript-eslint/no-unused-vars
35:3  Warning: 'AlertDialogTitle' is defined but never 
used.  @typescript-eslint/no-unused-vars
72:31  Warning: 'roles' is defined but never used.  
@typescript-eslint/no-unused-vars

./components/settings/user-settings.tsx
9:10  Warning: 'useStaff' is defined but never used.  
@typescript-eslint/no-unused-vars
10:41  Warning: 'Plus' is defined but never used.  
@typescript-eslint/no-unused-vars
10:80  Warning: 'Building2' is defined but never used.  
@typescript-eslint/no-unused-vars
14:10  Warning: 'StaffAvatar' is defined but never 
used.  @typescript-eslint/no-unused-vars
18:23  Warning: 'PERMISSION_CATEGORIES' is defined but 
never used.  @typescript-eslint/no-unused-vars
26:3  Warning: 'DialogTrigger' is defined but never 
used.  @typescript-eslint/no-unused-vars
37:3  Warning: 'AlertDialogTrigger' is defined but 
never used.  @typescript-eslint/no-unused-vars
81:5  Warning: Unexpected console statement. Only these 
console methods are allowed: warn, error.  no-console
82:5  Warning: Unexpected console statement. Only these 
console methods are allowed: warn, error.  no-console
85:7  Warning: Unexpected console statement. Only these 
console methods are allowed: warn, error.  no-console
88:7  Warning: Unexpected console statement. Only these 
console methods are allowed: warn, error.  no-console
913:42  Warning: 'locationsLoading' is assigned a value 
but never used.  @typescript-eslint/no-unused-vars
928:10  Warning: 'isDeleteRoleDialogOpen' is assigned a 
value but never used.  @typescript-eslint/no-unused-vars
928:34  Warning: 'setIsDeleteRoleDialogOpen' is 
assigned a value but never used.  
@typescript-eslint/no-unused-vars
929:10  Warning: 'userToEdit' is assigned a value but 
never used.  @typescript-eslint/no-unused-vars
929:22  Warning: 'setUserToEdit' is assigned a value 
but never used.  @typescript-eslint/no-unused-vars
930:10  Warning: 'roleToEdit' is assigned a value but 
never used.  @typescript-eslint/no-unused-vars
930:22  Warning: 'setRoleToEdit' is assigned a value 
but never used.  @typescript-eslint/no-unused-vars
932:10  Warning: 'roleToDelete' is assigned a value but 
never used.  @typescript-eslint/no-unused-vars
932:24  Warning: 'setRoleToDelete' is assigned a value 
but never used.  @typescript-eslint/no-unused-vars
935:9  Warning: 'getLocationName' is assigned a value 
but never used.  @typescript-eslint/no-unused-vars
941:9  Warning: 'getLocationDetails' is assigned a 
value but never used.  @typescript-eslint/no-unused-vars
951:10  Warning: 'newUser' is assigned a value but 
never used.  @typescript-eslint/no-unused-vars
951:19  Warning: 'setNewUser' is assigned a value but 
never used.  @typescript-eslint/no-unused-vars
962:10  Warning: 'newRole' is assigned a value but 
never used.  @typescript-eslint/no-unused-vars
962:19  Warning: 'setNewRole' is assigned a value but 
never used.  @typescript-eslint/no-unused-vars
1002:7  Warning: Unexpected console statement. Only 
these console methods are allowed: warn, error.  
no-console
1008:9  Warning: Unexpected console statement. Only 
these console methods are allowed: warn, error.  
no-console

./components/staff/delete-staff-dialog.tsx
48:7  Warning: Unexpected console statement. Only these 
console methods are allowed: warn, error.  no-console

./components/staff/edit-schedule-dialog.tsx
22:18  Warning: 'parse' is defined but never used.  
@typescript-eslint/no-unused-vars
22:25  Warning: 'isValid' is defined but never used.  
@typescript-eslint/no-unused-vars
45:22  Warning: 'getLocationName' is assigned a value 
but never used.  @typescript-eslint/no-unused-vars
45:39  Warning: 'isHomeServiceEnabled' is assigned a 
value but never used.  @typescript-eslint/no-unused-vars

./components/staff/edit-staff-dialog.tsx
22:10  Warning: 'StaffStorage' is defined but never 
used.  @typescript-eslint/no-unused-vars
29:35  Warning: Unexpected any. Specify a different 
type.  @typescript-eslint/no-explicit-any
33:17  Warning: 'currentLocation' is assigned a value 
but never used.  @typescript-eslint/no-unused-vars
35:42  Warning: 'isHomeServiceEnabled' is assigned a 
value but never used.  @typescript-eslint/no-unused-vars
156:7  Warning: Unexpected console statement. Only 
these console methods are allowed: warn, error.  
no-console
157:7  Warning: Unexpected console statement. Only 
these console methods are allowed: warn, error.  
no-console
158:7  Warning: Unexpected console statement. Only 
these console methods are allowed: warn, error.  
no-console
176:7  Warning: Unexpected console statement. Only 
these console methods are allowed: warn, error.  
no-console
177:7  Warning: Unexpected console statement. Only 
these console methods are allowed: warn, error.  
no-console

./components/staff/staff-details-dialog.tsx
17:10  Warning: 'Input' is defined but never used.  
@typescript-eslint/no-unused-vars
20:10  Warning: 'EditStaffDialog' is defined but never 
used.  @typescript-eslint/no-unused-vars
21:10  Warning: 'DeleteStaffDialog' is defined but 
never used.  @typescript-eslint/no-unused-vars
46:35  Warning: Unexpected any. Specify a different 
type.  @typescript-eslint/no-explicit-any
62:10  Warning: 'isEditDialogOpen' is assigned a value 
but never used.  @typescript-eslint/no-unused-vars
63:10  Warning: 'isDeleteDialogOpen' is assigned a 
value but never used.  @typescript-eslint/no-unused-vars
82:38  Warning: Unexpected any. Specify a different 
type.  @typescript-eslint/no-explicit-any
111:11  Warning: Unexpected console statement. Only 
these console methods are allowed: warn, error.  
no-console
113:11  Warning: Unexpected console statement. Only 
these console methods are allowed: warn, error.  
no-console
119:7  Warning: Unexpected console statement. Only 
these console methods are allowed: warn, error.  
no-console
120:7  Warning: Unexpected console statement. Only 
these console methods are allowed: warn, error.  
no-console
161:9  Warning: 'handleStaffUpdated' is assigned a 
value but never used.  @typescript-eslint/no-unused-vars
161:45  Warning: Unexpected any. Specify a different 
type.  @typescript-eslint/no-explicit-any
177:9  Warning: 'handleStaffDeleted' is assigned a 
value but never used.  @typescript-eslint/no-unused-vars
187:9  Warning: 'handleScheduleUpdated' is assigned a 
value but never used.  @typescript-eslint/no-unused-vars
215:43  Warning: Unexpected any. Specify a different 
type.  @typescript-eslint/no-explicit-any
237:46  Warning: Unexpected any. Specify a different 
type.  @typescript-eslint/no-explicit-any
254:46  Warning: Unexpected any. Specify a different 
type.  @typescript-eslint/no-explicit-any
256:5  Warning: Unexpected console statement. Only 
these console methods are allowed: warn, error.  
no-console
462:41  Warning: Unexpected any. Specify a different 
type.  @typescript-eslint/no-explicit-any
463:38  Warning: Unexpected any. Specify a different 
type.  @typescript-eslint/no-explicit-any

./components/staff/staff-directory.tsx
20:35  Warning: Unexpected any. Specify a different 
type.  @typescript-eslint/no-explicit-any
28:54  Warning: Unexpected any. Specify a different 
type.  @typescript-eslint/no-explicit-any
38:9  Warning: 'getStaffByLocation' is assigned a value 
but never used.  @typescript-eslint/no-unused-vars
71:7  Warning: Unexpected console statement. Only these 
console methods are allowed: warn, error.  no-console
83:11  Warning: Unexpected console statement. Only 
these console methods are allowed: warn, error.  
no-console
149:37  Warning: Unexpected any. Specify a different 
type.  @typescript-eslint/no-explicit-any
154:35  Warning: Unexpected any. Specify a different 
type.  @typescript-eslint/no-explicit-any
159:37  Warning: Unexpected any. Specify a different 
type.  @typescript-eslint/no-explicit-any
186:45  Warning: Unexpected any. Specify a different 
type.  @typescript-eslint/no-explicit-any
187:5  Warning: Unexpected console statement. Only 
these console methods are allowed: warn, error.  
no-console
196:9  Warning: Unexpected console statement. Only 
these console methods are allowed: warn, error.  
no-console

./components/staff/staff-performance.tsx
9:10  Warning: 'Separator' is defined but never used.  
@typescript-eslint/no-unused-vars
13:27  Warning: 'isWithinInterval' is defined but never 
used.  @typescript-eslint/no-unused-vars
13:45  Warning: 'parseISO' is defined but never used.  
@typescript-eslint/no-unused-vars
20:18  Warning: 'SlidersHorizontal' is defined but 
never used.  @typescript-eslint/no-unused-vars
30:22  Warning: 'getLocationName' is assigned a value 
but never used.  @typescript-eslint/no-unused-vars
138:11  Warning: 'hasNailTechs' is assigned a value but 
never used.  @typescript-eslint/no-unused-vars

./components/staff/staff-schedule.tsx
17:60  Warning: 'AlertCircle' is defined but never 
used.  @typescript-eslint/no-unused-vars
22:48  Warning: 'isHomeServiceEnabled' is assigned a 
value but never used.  @typescript-eslint/no-unused-vars
81:9  Warning: 'hours' is assigned a value but never 
used.  @typescript-eslint/no-unused-vars
122:9  Warning: 'getStaffSchedulesForDay' is assigned a 
value but never used.  @typescript-eslint/no-unused-vars
127:9  Warning: 'getScheduleForStaffAndDay' is assigned 
a value but never used.  
@typescript-eslint/no-unused-vars

./components/staff/time-off-request-dialog.tsx
20:18  Warning: 'parse' is defined but never used.  
@typescript-eslint/no-unused-vars

./components/staff-seeding.tsx
88:11  Warning: Unexpected console statement. Only 
these console methods are allowed: warn, error.  
no-console

./components/stats-cards.tsx
8:11  Warning: 'currentLocation' is assigned a value 
but never used.  @typescript-eslint/no-unused-vars

./components/test/transaction-test.tsx
8:10  Warning: 'TransactionType' is defined but never 
used.  @typescript-eslint/no-unused-vars
23:7  Warning: Unexpected console statement. Only these 
console methods are allowed: warn, error.  no-console
26:7  Warning: Unexpected console statement. Only these 
console methods are allowed: warn, error.  no-console
43:7  Warning: Unexpected console statement. Only these 
console methods are allowed: warn, error.  no-console
62:7  Warning: Unexpected console statement. Only these 
console methods are allowed: warn, error.  no-console
80:7  Warning: Unexpected console statement. Only these 
console methods are allowed: warn, error.  no-console
95:7  Warning: Unexpected console statement. Only these 
console methods are allowed: warn, error.  no-console
96:7  Warning: Unexpected console statement. Only these 
console methods are allowed: warn, error.  no-console
112:5  Warning: Unexpected console statement. Only 
these console methods are allowed: warn, error.  
no-console
118:9  Warning: 'calendarTransactions' is assigned a 
value but never used.  @typescript-eslint/no-unused-vars
119:9  Warning: 'manualTransactions' is assigned a 
value but never used.  @typescript-eslint/no-unused-vars
122:34  Warning: Unexpected any. Specify a different 
type.  @typescript-eslint/no-explicit-any

./components/ui/badge.tsx
2:20  Warning: 'VariantProps' is defined but never 
used.  @typescript-eslint/no-unused-vars

./components/ui/calendar.tsx
57:25  Warning: 'props' is defined but never used.  
@typescript-eslint/no-unused-vars
58:26  Warning: 'props' is defined but never used.  
@typescript-eslint/no-unused-vars

./components/ui/chart.tsx
72:7  Warning: '_' is defined but never used.  
@typescript-eslint/no-unused-vars

./components/ui/currency-display.tsx
4:10  Warning: 'useCurrency' is defined but never used. 
 @typescript-eslint/no-unused-vars
31:35  Warning: 'formatCurrency' is assigned a value 
but never used.  @typescript-eslint/no-unused-vars

./components/ui/lazy-chart.tsx
90:9  Warning: Unexpected any. Specify a different 
type.  @typescript-eslint/no-explicit-any
111:18  Warning: Unexpected any. Specify a different 
type.  @typescript-eslint/no-explicit-any

./components/user-nav.tsx
27:70  Warning: Unexpected any. Specify a different 
type.  @typescript-eslint/no-explicit-any

./lib/accounting-data-aggregator.ts
2:59  Warning: 'eachWeekOfInterval' is defined but 
never used.  @typescript-eslint/no-unused-vars
2:79  Warning: 'eachMonthOfInterval' is defined but 
never used.  @typescript-eslint/no-unused-vars
277:14  Warning: Unexpected any. Specify a different 
type.  @typescript-eslint/no-explicit-any

./lib/appointment-service.ts
7:10  Warning: 'staffAvailabilityService' is defined 
but never used.  @typescript-eslint/no-unused-vars
7:36  Warning: 'checkStaffAvailability' is defined but 
never used.  @typescript-eslint/no-unused-vars
11:10  Warning: 'parseISO' is defined but never used.  
@typescript-eslint/no-unused-vars
11:20  Warning: 'addMinutes' is defined but never used. 
 @typescript-eslint/no-unused-vars
41:30  Warning: Unexpected any. Specify a different 
type.  @typescript-eslint/no-explicit-any
42:20  Warning: Unexpected any. Specify a different 
type.  @typescript-eslint/no-explicit-any
49:18  Warning: Unexpected any. Specify a different 
type.  @typescript-eslint/no-explicit-any
69:18  Warning: Unexpected console statement. Only 
these console methods are allowed: warn, error.  
no-console
72:18  Warning: Unexpected console statement. Only 
these console methods are allowed: warn, error.  
no-console
98:14  Warning: Unexpected console statement. Only 
these console methods are allowed: warn, error.  
no-console
106:14  Warning: Unexpected console statement. Only 
these console methods are allowed: warn, error.  
no-console
112:18  Warning: Unexpected console statement. Only 
these console methods are allowed: warn, error.  
no-console
127:60  Warning: Unexpected any. Specify a different 
type.  @typescript-eslint/no-explicit-any
200:14  Warning: Unexpected console statement. Only 
these console methods are allowed: warn, error.  
no-console
216:16  Warning: Unexpected console statement. Only 
these console methods are allowed: warn, error.  
no-console
220:16  Warning: Unexpected console statement. Only 
these console methods are allowed: warn, error.  
no-console
310:14  Warning: Unexpected console statement. Only 
these console methods are allowed: warn, error.  
no-console
367:16  Warning: Unexpected console statement. Only 
these console methods are allowed: warn, error.  
no-console
371:14  Warning: Unexpected console statement. Only 
these console methods are allowed: warn, error.  
no-console
379:14  Warning: Unexpected console statement. Only 
these console methods are allowed: warn, error.  
no-console
418:16  Warning: Unexpected console statement. Only 
these console methods are allowed: warn, error.  
no-console
422:14  Warning: Unexpected console statement. Only 
these console methods are allowed: warn, error.  
no-console
444:14  Warning: Unexpected console statement. Only 
these console methods are allowed: warn, error.  
no-console
450:14  Warning: Unexpected console statement. Only 
these console methods are allowed: warn, error.  
no-console
457:14  Warning: Unexpected console statement. Only 
these console methods are allowed: warn, error.  
no-console
464:14  Warning: Unexpected console statement. Only 
these console methods are allowed: warn, error.  
no-console

./lib/appointments-data.ts
55:113  Warning: Unexpected any. Specify a different 
type.  @typescript-eslint/no-explicit-any
87:28  Warning: Unexpected any. Specify a different 
type.  @typescript-eslint/no-explicit-any

./lib/auth/redis-session.ts
16:29  Warning: Unexpected any. Specify a different 
type.  @typescript-eslint/no-explicit-any
35:32  Warning: Unexpected any. Specify a different 
type.  @typescript-eslint/no-explicit-any

./lib/auth-provider.tsx
96:9  Warning: Unexpected console statement. Only these 
console methods are allowed: warn, error.  no-console
102:9  Warning: Unexpected console statement. Only 
these console methods are allowed: warn, error.  
no-console
113:9  Warning: Unexpected console statement. Only 
these console methods are allowed: warn, error.  
no-console
114:9  Warning: Unexpected console statement. Only 
these console methods are allowed: warn, error.  
no-console
115:9  Warning: Unexpected console statement. Only 
these console methods are allowed: warn, error.  
no-console
116:9  Warning: Unexpected console statement. Only 
these console methods are allowed: warn, error.  
no-console
120:11  Warning: Unexpected console statement. Only 
these console methods are allowed: warn, error.  
no-console
131:13  Warning: Unexpected console statement. Only 
these console methods are allowed: warn, error.  
no-console
135:13  Warning: Unexpected console statement. Only 
these console methods are allowed: warn, error.  
no-console
140:11  Warning: Unexpected console statement. Only 
these console methods are allowed: warn, error.  
no-console
141:11  Warning: Unexpected console statement. Only 
these console methods are allowed: warn, error.  
no-console
142:11  Warning: Unexpected console statement. Only 
these console methods are allowed: warn, error.  
no-console
145:11  Warning: Unexpected console statement. Only 
these console methods are allowed: warn, error.  
no-console
186:7  Warning: Unexpected console statement. Only 
these console methods are allowed: warn, error.  
no-console
203:7  Warning: Unexpected console statement. Only 
these console methods are allowed: warn, error.  
no-console
211:5  Warning: Unexpected console statement. Only 
these console methods are allowed: warn, error.  
no-console
222:5  Warning: Unexpected console statement. Only 
these console methods are allowed: warn, error.  
no-console
223:5  Warning: Unexpected console statement. Only 
these console methods are allowed: warn, error.  
no-console
224:5  Warning: Unexpected console statement. Only 
these console methods are allowed: warn, error.  
no-console
225:5  Warning: Unexpected console statement. Only 
these console methods are allowed: warn, error.  
no-console
226:5  Warning: Unexpected console statement. Only 
these console methods are allowed: warn, error.  
no-console
328:32  Warning: 'clientId' is defined but never used.  
@typescript-eslint/no-unused-vars

./lib/auth-server.ts
1:10  Warning: 'getServerSession' is defined but never 
used.  @typescript-eslint/no-unused-vars
3:10  Warning: 'prisma' is defined but never used.  
@typescript-eslint/no-unused-vars
46:5  Warning: Unexpected console statement. Only these 
console methods are allowed: warn, error.  no-console
94:52  Warning: Unexpected any. Specify a different 
type.  @typescript-eslint/no-explicit-any
98:5  Warning: Unexpected console statement. Only these 
console methods are allowed: warn, error.  no-console
127:52  Warning: Unexpected any. Specify a different 
type.  @typescript-eslint/no-explicit-any
131:5  Warning: Unexpected console statement. Only 
these console methods are allowed: warn, error.  
no-console
152:66  Warning: Unexpected any. Specify a different 
type.  @typescript-eslint/no-explicit-any

./lib/auth-utils.ts
1:8  Warning: 'crypto' is defined but never used.  
@typescript-eslint/no-unused-vars

./lib/cache-actions.ts
29:7  Warning: Unexpected console statement. Only these 
console methods are allowed: warn, error.  no-console
42:9  Warning: Unexpected console statement. Only these 
console methods are allowed: warn, error.  no-console

./lib/carousel-storage.ts
269:18  Warning: Unexpected any. Specify a different 
type.  @typescript-eslint/no-explicit-any
483:34  Warning: Unexpected any. Specify a different 
type.  @typescript-eslint/no-explicit-any
483:40  Warning: Unexpected any. Specify a different 
type.  @typescript-eslint/no-explicit-any
489:21  Warning: Unexpected any. Specify a different 
type.  @typescript-eslint/no-explicit-any

./lib/cart-provider.tsx
131:62  Warning: Unexpected any. Specify a different 
type.  @typescript-eslint/no-explicit-any
139:70  Warning: Unexpected any. Specify a different 
type.  @typescript-eslint/no-explicit-any

./lib/chat-service.ts
3:10  Warning: 'useAuth' is defined but never used.  
@typescript-eslint/no-unused-vars
105:62  Warning: Unexpected any. Specify a different 
type.  @typescript-eslint/no-explicit-any
119:81  Warning: Unexpected any. Specify a different 
type.  @typescript-eslint/no-explicit-any
120:59  Warning: Unexpected any. Specify a different 
type.  @typescript-eslint/no-explicit-any
130:72  Warning: Unexpected any. Specify a different 
type.  @typescript-eslint/no-explicit-any
139:56  Warning: Unexpected any. Specify a different 
type.  @typescript-eslint/no-explicit-any

./lib/chunk-error-debugger.ts
20:9  Warning: Unexpected console statement. Only these 
console methods are allowed: warn, error.  no-console
22:9  Warning: Unexpected console statement. Only these 
console methods are allowed: warn, error.  no-console
23:9  Warning: Unexpected console statement. Only these 
console methods are allowed: warn, error.  no-console
24:9  Warning: Unexpected console statement. Only these 
console methods are allowed: warn, error.  no-console
25:9  Warning: Unexpected console statement. Only these 
console methods are allowed: warn, error.  no-console
29:11  Warning: Unexpected console statement. Only 
these console methods are allowed: warn, error.  
no-console
33:13  Warning: Unexpected console statement. Only 
these console methods are allowed: warn, error.  
no-console
34:13  Warning: Unexpected console statement. Only 
these console methods are allowed: warn, error.  
no-console
39:13  Warning: Unexpected console statement. Only 
these console methods are allowed: warn, error.  
no-console
40:13  Warning: Unexpected console statement. Only 
these console methods are allowed: warn, error.  
no-console
45:9  Warning: Unexpected console statement. Only these 
console methods are allowed: warn, error.  no-console
46:9  Warning: Unexpected console statement. Only these 
console methods are allowed: warn, error.  no-console
47:9  Warning: Unexpected console statement. Only these 
console methods are allowed: warn, error.  no-console
48:9  Warning: Unexpected console statement. Only these 
console methods are allowed: warn, error.  no-console
49:9  Warning: Unexpected console statement. Only these 
console methods are allowed: warn, error.  no-console
50:9  Warning: Unexpected console statement. Only these 
console methods are allowed: warn, error.  no-console
52:9  Warning: Unexpected console statement. Only these 
console methods are allowed: warn, error.  no-console
73:9  Warning: Unexpected console statement. Only these 
console methods are allowed: warn, error.  no-console
75:9  Warning: Unexpected console statement. Only these 
console methods are allowed: warn, error.  no-console
79:11  Warning: Unexpected console statement. Only 
these console methods are allowed: warn, error.  
no-console
82:9  Warning: Unexpected console statement. Only these 
console methods are allowed: warn, error.  no-console
93:5  Warning: Unexpected console statement. Only these 
console methods are allowed: warn, error.  no-console
101:5  Warning: Unexpected console statement. Only 
these console methods are allowed: warn, error.  
no-console
106:7  Warning: Unexpected console statement. Only 
these console methods are allowed: warn, error.  
no-console

./lib/client-auth-utils.ts
66:9  Warning: 'clientId' is assigned a value but never 
used.  @typescript-eslint/no-unused-vars
120:3  Warning: Unexpected console statement. Only 
these console methods are allowed: warn, error.  
no-console

./lib/client-data-service.ts
57:7  Warning: 'defaultClients' is assigned a value but 
never used.  @typescript-eslint/no-unused-vars
65:10  Warning: 'migrateClientPreferences' is defined 
but never used.  @typescript-eslint/no-unused-vars
65:44  Warning: Unexpected any. Specify a different 
type.  @typescript-eslint/no-explicit-any
117:19  Warning: 'id' is defined but never used.  
@typescript-eslint/no-unused-vars
125:26  Warning: 'locationId' is defined but never 
used.  @typescript-eslint/no-unused-vars
133:25  Warning: 'segment' is defined but never used.  
@typescript-eslint/no-unused-vars
141:19  Warning: 'query' is defined but never used.  
@typescript-eslint/no-unused-vars
149:17  Warning: 'clients' is defined but never used.  
@typescript-eslint/no-unused-vars
172:18  Warning: 'id' is defined but never used.  
@typescript-eslint/no-unused-vars
172:30  Warning: 'updates' is defined but never used.  
@typescript-eslint/no-unused-vars
180:18  Warning: 'id' is defined but never used.  
@typescript-eslint/no-unused-vars

./lib/client-portal-transaction-sync.ts
17:69  Warning: Unexpected any. Specify a different 
type.  @typescript-eslint/no-explicit-any
17:77  Warning: Unexpected any. Specify a different 
type.  @typescript-eslint/no-explicit-any
18:5  Warning: Unexpected console statement. Only these 
console methods are allowed: warn, error.  no-console
29:7  Warning: Unexpected console statement. Only these 
console methods are allowed: warn, error.  no-console
46:7  Warning: Unexpected console statement. Only these 
console methods are allowed: warn, error.  no-console
52:11  Warning: Unexpected console statement. Only 
these console methods are allowed: warn, error.  
no-console
53:11  Warning: Unexpected console statement. Only 
these console methods are allowed: warn, error.  
no-console
87:11  Warning: Unexpected console statement. Only 
these console methods are allowed: warn, error.  
no-console
110:11  Warning: Unexpected console statement. Only 
these console methods are allowed: warn, error.  
no-console
116:15  Warning: Unexpected console statement. Only 
these console methods are allowed: warn, error.  
no-console
140:7  Warning: Unexpected console statement. Only 
these console methods are allowed: warn, error.  
no-console
174:7  Warning: Unexpected console statement. Only 
these console methods are allowed: warn, error.  
no-console

./lib/client-provider.tsx
3:65  Warning: 'useMemo' is defined but never used.  
@typescript-eslint/no-unused-vars
4:10  Warning: 'ClientDataService' is defined but never 
used.  @typescript-eslint/no-unused-vars
7:10  Warning: 'dataCache' is defined but never used.  
@typescript-eslint/no-unused-vars
60:9  Warning: Unexpected console statement. Only these 
console methods are allowed: warn, error.  no-console
65:11  Warning: Unexpected console statement. Only 
these console methods are allowed: warn, error.  
no-console
82:9  Warning: 'generateInitials' is assigned a value 
but never used.  @typescript-eslint/no-unused-vars
181:9  Warning: Unexpected console statement. Only 
these console methods are allowed: warn, error.  
no-console
227:7  Warning: Unexpected console statement. Only 
these console methods are allowed: warn, error.  
no-console
230:25  Warning: Unexpected any. Specify a different 
type.  @typescript-eslint/no-explicit-any
251:7  Warning: Unexpected console statement. Only 
these console methods are allowed: warn, error.  
no-console
268:7  Warning: Unexpected console statement. Only 
these console methods are allowed: warn, error.  
no-console
375:9  Warning: Unexpected console statement. Only 
these console methods are allowed: warn, error.  
no-console
405:7  Warning: Unexpected console statement. Only 
these console methods are allowed: warn, error.  
no-console
417:7  Warning: Unexpected console statement. Only 
these console methods are allowed: warn, error.  
no-console
421:9  Warning: Unexpected console statement. Only 
these console methods are allowed: warn, error.  
no-console

./lib/company-document-storage.ts
4:18  Warning: 'addDays' is defined but never used.  
@typescript-eslint/no-unused-vars
4:27  Warning: 'isAfter' is defined but never used.  
@typescript-eslint/no-unused-vars
4:36  Warning: 'isBefore' is defined but never used.  
@typescript-eslint/no-unused-vars

./lib/consolidated-transaction-service.ts
25:18  Warning: Unexpected any. Specify a different 
type.  @typescript-eslint/no-explicit-any
94:56  Warning: Unexpected any. Specify a different 
type.  @typescript-eslint/no-explicit-any
125:46  Warning: Unexpected any. Specify a different 
type.  @typescript-eslint/no-explicit-any
237:14  Warning: Unexpected any. Specify a different 
type.  @typescript-eslint/no-explicit-any
251:36  Warning: Unexpected any. Specify a different 
type.  @typescript-eslint/no-explicit-any

./lib/currency-provider.tsx
5:10  Warning: 'detectUserCurrency' is defined but 
never used.  @typescript-eslint/no-unused-vars
6:10  Warning: 'CURRENCY_CACHE_TAGS' is defined but 
never used.  @typescript-eslint/no-unused-vars
7:10  Warning: 'revalidateCurrencyCache' is defined but 
never used.  @typescript-eslint/no-unused-vars
180:7  Warning: Unexpected console statement. Only 
these console methods are allowed: warn, error.  
no-console

./lib/data-cache.ts
16:41  Warning: Unexpected any. Specify a different 
type.  @typescript-eslint/no-explicit-any
220:42  Warning: Unexpected any. Specify a different 
type.  @typescript-eslint/no-explicit-any

./lib/database-optimization.ts
2:10  Warning: 'PrismaClient' is defined but never 
used.  @typescript-eslint/no-unused-vars
9:16  Warning: Unexpected any. Specify a different 
type.  @typescript-eslint/no-explicit-any
267:29  Warning: 'i' is defined but never used.  
@typescript-eslint/no-unused-vars
290:58  Warning: Unexpected any. Specify a different 
type.  @typescript-eslint/no-explicit-any
451:57  Warning: Unexpected any. Specify a different 
type.  @typescript-eslint/no-explicit-any
451:75  Warning: Unexpected any. Specify a different 
type.  @typescript-eslint/no-explicit-any
455:27  Warning: Unexpected any. Specify a different 
type.  @typescript-eslint/no-explicit-any

./lib/db.ts
10:52  Warning: Unexpected any. Specify a different 
type.  @typescript-eslint/no-explicit-any
16:5  Warning: Unexpected console statement. Only these 
console methods are allowed: warn, error.  no-console
426:3  Warning: Unexpected console statement. Only 
these console methods are allowed: warn, error.  
no-console
441:24  Warning: Unexpected any. Specify a different 
type.  @typescript-eslint/no-explicit-any
474:28  Warning: Unexpected any. Specify a different 
type.  @typescript-eslint/no-explicit-any
517:26  Warning: Unexpected any. Specify a different 
type.  @typescript-eslint/no-explicit-any
567:27  Warning: Unexpected any. Specify a different 
type.  @typescript-eslint/no-explicit-any
643:31  Warning: Unexpected any. Specify a different 
type.  @typescript-eslint/no-explicit-any
694:27  Warning: Unexpected any. Specify a different 
type.  @typescript-eslint/no-explicit-any
768:24  Warning: Unexpected any. Specify a different 
type.  @typescript-eslint/no-explicit-any
768:36  Warning: Unexpected any. Specify a different 
type.  @typescript-eslint/no-explicit-any
891:5  Warning: 'queryText' is assigned a value but 
never used.  @typescript-eslint/no-unused-vars
919:5  Warning: 'queryText' is assigned a value but 
never used.  @typescript-eslint/no-unused-vars
945:5  Warning: 'queryText' is assigned a value but 
never used.  @typescript-eslint/no-unused-vars
971:5  Warning: 'queryText' is assigned a value but 
never used.  @typescript-eslint/no-unused-vars

./lib/dynamic-import-wrapper.ts
9:18  Warning: Unexpected any. Specify a different 
type.  @typescript-eslint/no-explicit-any
14:21  Warning: Unexpected any. Specify a different 
type.  @typescript-eslint/no-explicit-any
62:24  Warning: 'ssr' is assigned a value but never 
used.  @typescript-eslint/no-unused-vars

./lib/enhanced-data-fetching.ts
2:10  Warning: 'cache' is defined but never used.  
@typescript-eslint/no-unused-vars
9:61  Warning: Unexpected any. Specify a different 
type.  @typescript-eslint/no-explicit-any
9:79  Warning: Unexpected any. Specify a different 
type.  @typescript-eslint/no-explicit-any
18:11  Warning: 'tags' is assigned a value but never 
used.  @typescript-eslint/no-unused-vars
18:22  Warning: 'fallbackToMemory' is assigned a value 
but never used.  @typescript-eslint/no-unused-vars
34:7  Warning: Unexpected console statement. Only these 
console methods are allowed: warn, error.  no-console
38:5  Warning: Unexpected console statement. Only these 
console methods are allowed: warn, error.  no-console
298:5  Warning: Unexpected console statement. Only 
these console methods are allowed: warn, error.  
no-console
306:5  Warning: Unexpected console statement. Only 
these console methods are allowed: warn, error.  
no-console
314:5  Warning: Unexpected console statement. Only 
these console methods are allowed: warn, error.  
no-console
322:5  Warning: Unexpected console statement. Only 
these console methods are allowed: warn, error.  
no-console
330:5  Warning: Unexpected console statement. Only 
these console methods are allowed: warn, error.  
no-console
338:5  Warning: Unexpected console statement. Only 
these console methods are allowed: warn, error.  
no-console
350:5  Warning: Unexpected console statement. Only 
these console methods are allowed: warn, error.  
no-console
362:7  Warning: Unexpected console statement. Only 
these console methods are allowed: warn, error.  
no-console
372:5  Warning: Unexpected console statement. Only 
these console methods are allowed: warn, error.  
no-console
383:7  Warning: Unexpected console statement. Only 
these console methods are allowed: warn, error.  
no-console

./lib/enhanced-rate-limiting.ts
100:11  Warning: 'authHeader' is assigned a value but 
never used.  @typescript-eslint/no-unused-vars
162:36  Warning: Unexpected any. Specify a different 
type.  @typescript-eslint/no-explicit-any
308:36  Warning: Unexpected any. Specify a different 
type.  @typescript-eslint/no-explicit-any
330:36  Warning: Unexpected any. Specify a different 
type.  @typescript-eslint/no-explicit-any
375:29  Error: Don't use `Function` as a type. The 
`Function` type accepts any function-like value.
It provides no type safety when calling the function, 
which can be a common source of bugs.
It also accepts things like class declarations, which 
will throw at runtime as they will not be called with 
`new`.
If you are expecting the function to accept certain 
arguments, you should explicitly define the function 
shape.  @typescript-eslint/ban-types
376:59  Warning: Unexpected any. Specify a different 
type.  @typescript-eslint/no-explicit-any

./lib/error-handling/client-error-handler.ts
21:11  Warning: Unexpected any. Specify a different 
type.  @typescript-eslint/no-explicit-any
22:20  Warning: Unexpected any. Specify a different 
type.  @typescript-eslint/no-explicit-any
63:5  Warning: Unexpected console statement. Only these 
console methods are allowed: warn, error.  no-console
122:16  Warning: Unexpected any. Specify a different 
type.  @typescript-eslint/no-explicit-any
122:57  Warning: 'errorInfo' is defined but never used. 
 @typescript-eslint/no-unused-vars
122:68  Warning: Unexpected any. Specify a different 
type.  @typescript-eslint/no-explicit-any
141:35  Warning: Unexpected any. Specify a different 
type.  @typescript-eslint/no-explicit-any
141:41  Warning: Unexpected any. Specify a different 
type.  @typescript-eslint/no-explicit-any
173:22  Warning: Unexpected any. Specify a different 
type.  @typescript-eslint/no-explicit-any
174:27  Warning: Unexpected any. Specify a different 
type.  @typescript-eslint/no-explicit-any
335:36  Warning: 'context' is defined but never used.  
@typescript-eslint/no-unused-vars
335:61  Warning: Unexpected any. Specify a different 
type.  @typescript-eslint/no-explicit-any
393:68  Warning: Unexpected any. Specify a different 
type.  @typescript-eslint/no-explicit-any

./lib/error-handling/errors.ts
14:46  Warning: Unexpected any. Specify a different 
type.  @typescript-eslint/no-explicit-any
45:85  Warning: Unexpected any. Specify a different 
type.  @typescript-eslint/no-explicit-any
51:40  Warning: Unexpected any. Specify a different 
type.  @typescript-eslint/no-explicit-any
57:40  Warning: Unexpected any. Specify a different 
type.  @typescript-eslint/no-explicit-any
63:40  Warning: Unexpected any. Specify a different 
type.  @typescript-eslint/no-explicit-any
74:86  Warning: Unexpected any. Specify a different 
type.  @typescript-eslint/no-explicit-any
80:69  Warning: Unexpected any. Specify a different 
type.  @typescript-eslint/no-explicit-any
97:30  Warning: Unexpected any. Specify a different 
type.  @typescript-eslint/no-explicit-any
111:38  Warning: Unexpected any. Specify a different 
type.  @typescript-eslint/no-explicit-any
111:68  Warning: Unexpected any. Specify a different 
type.  @typescript-eslint/no-explicit-any
121:55  Warning: Unexpected any. Specify a different 
type.  @typescript-eslint/no-explicit-any
135:87  Warning: Unexpected any. Specify a different 
type.  @typescript-eslint/no-explicit-any
143:71  Warning: Unexpected any. Specify a different 
type.  @typescript-eslint/no-explicit-any
152:55  Warning: Unexpected any. Specify a different 
type.  @typescript-eslint/no-explicit-any
152:85  Warning: Unexpected any. Specify a different 
type.  @typescript-eslint/no-explicit-any
163:40  Warning: Unexpected any. Specify a different 
type.  @typescript-eslint/no-explicit-any
174:57  Warning: Unexpected any. Specify a different 
type.  @typescript-eslint/no-explicit-any
180:99  Warning: Unexpected any. Specify a different 
type.  @typescript-eslint/no-explicit-any
191:77  Warning: Unexpected any. Specify a different 
type.  @typescript-eslint/no-explicit-any
201:56  Warning: Unexpected any. Specify a different 
type.  @typescript-eslint/no-explicit-any
212:84  Warning: Unexpected any. Specify a different 
type.  @typescript-eslint/no-explicit-any
218:61  Warning: Unexpected any. Specify a different 
type.  @typescript-eslint/no-explicit-any
227:76  Warning: Unexpected any. Specify a different 
type.  @typescript-eslint/no-explicit-any
244:30  Warning: Unexpected any. Specify a different 
type.  @typescript-eslint/no-explicit-any
266:83  Warning: Unexpected any. Specify a different 
type.  @typescript-eslint/no-explicit-any
272:57  Warning: Unexpected any. Specify a different 
type.  @typescript-eslint/no-explicit-any
300:65  Warning: Unexpected any. Specify a different 
type.  @typescript-eslint/no-explicit-any
366:45  Warning: Unexpected any. Specify a different 
type.  @typescript-eslint/no-explicit-any

./lib/error-handling/logger.ts
29:28  Warning: Unexpected any. Specify a different 
type.  @typescript-eslint/no-explicit-any
49:29  Warning: Unexpected any. Specify a different 
type.  @typescript-eslint/no-explicit-any
132:5  Warning: Unexpected console statement. Only 
these console methods are allowed: warn, error.  
no-console
135:7  Warning: Unexpected console statement. Only 
these console methods are allowed: warn, error.  
no-console
267:7  Warning: Unexpected console statement. Only 
these console methods are allowed: warn, error.  
no-console
273:7  Warning: Unexpected console statement. Only 
these console methods are allowed: warn, error.  
no-console

./lib/female-avatars.ts
52:41  Warning: Unexpected any. Specify a different 
type.  @typescript-eslint/no-explicit-any

./lib/file-staff-storage.ts
37:10  Warning: 'ensureDataDirectory' is defined but 
never used.  @typescript-eslint/no-unused-vars
45:7  Warning: 'DEFAULT_STAFF_DATA' is assigned a value 
but never used.  @typescript-eslint/no-unused-vars
54:20  Warning: 'staff' is defined but never used.  
@typescript-eslint/no-unused-vars
58:19  Warning: 'staffData' is defined but never used.  
@typescript-eslint/no-unused-vars
63:22  Warning: 'staffId' is defined but never used.  
@typescript-eslint/no-unused-vars
63:39  Warning: 'updates' is defined but never used.  
@typescript-eslint/no-unused-vars
68:22  Warning: 'staffId' is defined but never used.  
@typescript-eslint/no-unused-vars

./lib/geolocation.ts
81:9  Warning: Unexpected console statement. Only these 
console methods are allowed: warn, error.  no-console
102:9  Warning: Unexpected console statement. Only 
these console methods are allowed: warn, error.  
no-console
119:9  Warning: Unexpected console statement. Only 
these console methods are allowed: warn, error.  
no-console
128:3  Warning: Unexpected console statement. Only 
these console methods are allowed: warn, error.  
no-console

./lib/gift-card-provider.tsx
9:3  Warning: 'GiftCardType' is defined but never used. 
 @typescript-eslint/no-unused-vars
47:7  Warning: 'SETTINGS_KEY' is assigned a value but 
never used.  @typescript-eslint/no-unused-vars
147:11  Warning: Unexpected console statement. Only 
these console methods are allowed: warn, error.  
no-console
443:7  Warning: Unexpected console statement. Only 
these console methods are allowed: warn, error.  
no-console

./lib/hr-data-aggregator.ts
1:40  Warning: 'eachDayOfInterval' is defined but never 
used.  @typescript-eslint/no-unused-vars
1:59  Warning: 'eachWeekOfInterval' is defined but 
never used.  @typescript-eslint/no-unused-vars
1:79  Warning: 'eachMonthOfInterval' is defined but 
never used.  @typescript-eslint/no-unused-vars
72:14  Warning: Unexpected any. Specify a different 
type.  @typescript-eslint/no-explicit-any
74:3  Warning: 'location' is defined but never used.  
@typescript-eslint/no-unused-vars
148:14  Warning: Unexpected any. Specify a different 
type.  @typescript-eslint/no-explicit-any
150:3  Warning: 'location' is defined but never used.  
@typescript-eslint/no-unused-vars
225:14  Warning: Unexpected any. Specify a different 
type.  @typescript-eslint/no-explicit-any
227:3  Warning: 'location' is defined but never used.  
@typescript-eslint/no-unused-vars
295:14  Warning: Unexpected any. Specify a different 
type.  @typescript-eslint/no-explicit-any
296:3  Warning: 'dateRange' is defined but never used.  
@typescript-eslint/no-unused-vars
297:3  Warning: 'location' is defined but never used.  
@typescript-eslint/no-unused-vars
351:14  Warning: Unexpected any. Specify a different 
type.  @typescript-eslint/no-explicit-any

./lib/integrated-analytics-service.ts
91:58  Warning: Unexpected any. Specify a different 
type.  @typescript-eslint/no-explicit-any
142:5  Warning: Unexpected console statement. Only 
these console methods are allowed: warn, error.  
no-console
158:5  Warning: Unexpected console statement. Only 
these console methods are allowed: warn, error.  
no-console
214:5  Warning: Unexpected console statement. Only 
these console methods are allowed: warn, error.  
no-console
343:5  Warning: Unexpected console statement. Only 
these console methods are allowed: warn, error.  
no-console

./lib/inventory-transaction-service.ts
87:58  Warning: Unexpected any. Specify a different 
type.  @typescript-eslint/no-explicit-any
312:5  Warning: Unexpected console statement. Only 
these console methods are allowed: warn, error.  
no-console
465:35  Warning: 'locationId' is defined but never 
used.  @typescript-eslint/no-unused-vars
553:5  Warning: Unexpected console statement. Only 
these console methods are allowed: warn, error.  
no-console
624:5  Warning: Unexpected console statement. Only 
these console methods are allowed: warn, error.  
no-console

./lib/location-cache.ts
78:56  Warning: 'event' is defined but never used.  
@typescript-eslint/no-unused-vars
97:5  Warning: Unexpected console statement. Only these 
console methods are allowed: warn, error.  no-console
107:7  Warning: Unexpected console statement. Only 
these console methods are allowed: warn, error.  
no-console
108:7  Warning: Unexpected console statement. Only 
these console methods are allowed: warn, error.  
no-console
113:5  Warning: Unexpected console statement. Only 
these console methods are allowed: warn, error.  
no-console
133:7  Warning: Unexpected console statement. Only 
these console methods are allowed: warn, error.  
no-console
142:5  Warning: Unexpected console statement. Only 
these console methods are allowed: warn, error.  
no-console
146:7  Warning: Unexpected console statement. Only 
these console methods are allowed: warn, error.  
no-console
159:9  Warning: Unexpected console statement. Only 
these console methods are allowed: warn, error.  
no-console
161:9  Warning: Unexpected console statement. Only 
these console methods are allowed: warn, error.  
no-console
167:9  Warning: Unexpected console statement. Only 
these console methods are allowed: warn, error.  
no-console
174:9  Warning: Unexpected console statement. Only 
these console methods are allowed: warn, error.  
no-console
181:7  Warning: Unexpected console statement. Only 
these console methods are allowed: warn, error.  
no-console
182:7  Warning: Unexpected console statement. Only 
these console methods are allowed: warn, error.  
no-console
216:7  Warning: Unexpected console statement. Only 
these console methods are allowed: warn, error.  
no-console
223:9  Warning: Unexpected console statement. Only 
these console methods are allowed: warn, error.  
no-console
226:37  Warning: Unexpected any. Specify a different 
type.  @typescript-eslint/no-explicit-any
254:9  Warning: Unexpected console statement. Only 
these console methods are allowed: warn, error.  
no-console
414:5  Warning: Unexpected console statement. Only 
these console methods are allowed: warn, error.  
no-console
415:5  Warning: Unexpected console statement. Only 
these console methods are allowed: warn, error.  
no-console
437:5  Warning: Unexpected console statement. Only 
these console methods are allowed: warn, error.  
no-console
438:5  Warning: Unexpected console statement. Only 
these console methods are allowed: warn, error.  
no-console
442:5  Warning: Unexpected console statement. Only 
these console methods are allowed: warn, error.  
no-console
446:5  Warning: Unexpected console statement. Only 
these console methods are allowed: warn, error.  
no-console
455:9  Warning: Unexpected console statement. Only 
these console methods are allowed: warn, error.  
no-console
456:9  Warning: Unexpected console statement. Only 
these console methods are allowed: warn, error.  
no-console
462:11  Warning: Unexpected console statement. Only 
these console methods are allowed: warn, error.  
no-console
463:11  Warning: Unexpected console statement. Only 
these console methods are allowed: warn, error.  
no-console
483:7  Warning: Unexpected console statement. Only 
these console methods are allowed: warn, error.  
no-console
486:9  Warning: Unexpected console statement. Only 
these console methods are allowed: warn, error.  
no-console
488:9  Warning: Unexpected console statement. Only 
these console methods are allowed: warn, error.  
no-console
489:9  Warning: Unexpected console statement. Only 
these console methods are allowed: warn, error.  
no-console
511:9  Warning: Unexpected console statement. Only 
these console methods are allowed: warn, error.  
no-console
512:9  Warning: Unexpected console statement. Only 
these console methods are allowed: warn, error.  
no-console
518:11  Warning: Unexpected console statement. Only 
these console methods are allowed: warn, error.  
no-console
519:11  Warning: Unexpected console statement. Only 
these console methods are allowed: warn, error.  
no-console
521:11  Warning: Unexpected console statement. Only 
these console methods are allowed: warn, error.  
no-console
524:9  Warning: Unexpected console statement. Only 
these console methods are allowed: warn, error.  
no-console

./lib/location-data.ts
22:25  Warning: Unexpected any. Specify a different 
type.  @typescript-eslint/no-explicit-any

./lib/location-event-bus.ts
20:12  Warning: Unexpected any. Specify a different 
type.  @typescript-eslint/no-explicit-any

./lib/location-migration.ts
25:5  Warning: Unexpected console statement. Only these 
console methods are allowed: warn, error.  no-console
31:9  Warning: Unexpected console statement. Only these 
console methods are allowed: warn, error.  no-console
46:7  Warning: Unexpected console statement. Only these 
console methods are allowed: warn, error.  no-console
50:5  Warning: Unexpected console statement. Only these 
console methods are allowed: warn, error.  no-console
58:7  Warning: Unexpected console statement. Only these 
console methods are allowed: warn, error.  no-console
69:7  Warning: Unexpected console statement. Only these 
console methods are allowed: warn, error.  no-console
70:31  Warning: Unexpected any. Specify a different 
type.  @typescript-eslint/no-explicit-any
71:9  Warning: Unexpected console statement. Only these 
console methods are allowed: warn, error.  no-console
85:5  Warning: Unexpected console statement. Only these 
console methods are allowed: warn, error.  no-console
99:7  Warning: Unexpected console statement. Only these 
console methods are allowed: warn, error.  no-console
100:7  Warning: Unexpected console statement. Only 
these console methods are allowed: warn, error.  
no-console

./lib/location-provider.tsx
4:10  Warning: 'SettingsStorage' is defined but never 
used.  @typescript-eslint/no-unused-vars
7:10  Warning: 'LocationMigration' is defined but never 
used.  @typescript-eslint/no-unused-vars
44:3  Warning: Unexpected console statement. Only these 
console methods are allowed: warn, error.  no-console
50:3  Warning: Unexpected console statement. Only these 
console methods are allowed: warn, error.  no-console
54:5  Warning: Unexpected console statement. Only these 
console methods are allowed: warn, error.  no-console
55:5  Warning: Unexpected console statement. Only these 
console methods are allowed: warn, error.  no-console
61:9  Warning: Unexpected console statement. Only these 
console methods are allowed: warn, error.  no-console
73:9  Warning: Unexpected console statement. Only these 
console methods are allowed: warn, error.  no-console
74:9  Warning: Unexpected console statement. Only these 
console methods are allowed: warn, error.  no-console
77:15  Warning: 'formattedLocations' is assigned a 
value but never used.  @typescript-eslint/no-unused-vars
77:70  Warning: Unexpected any. Specify a different 
type.  @typescript-eslint/no-explicit-any
104:9  Warning: Unexpected console statement. Only 
these console methods are allowed: warn, error.  
no-console
105:9  Warning: Unexpected console statement. Only 
these console methods are allowed: warn, error.  
no-console
106:9  Warning: Unexpected console statement. Only 
these console methods are allowed: warn, error.  
no-console
107:9  Warning: Unexpected console statement. Only 
these console methods are allowed: warn, error.  
no-console
113:11  Warning: Unexpected console statement. Only 
these console methods are allowed: warn, error.  
no-console
116:13  Warning: Unexpected console statement. Only 
these console methods are allowed: warn, error.  
no-console
211:5  Warning: Unexpected console statement. Only 
these console methods are allowed: warn, error.  
no-console
221:68  Warning: Unexpected any. Specify a different 
type.  @typescript-eslint/no-explicit-any
240:7  Warning: Unexpected console statement. Only 
these console methods are allowed: warn, error.  
no-console
254:5  Warning: Unexpected console statement. Only 
these console methods are allowed: warn, error.  
no-console
280:7  Warning: Unexpected console statement. Only 
these console methods are allowed: warn, error.  
no-console
291:7  Warning: Unexpected console statement. Only 
these console methods are allowed: warn, error.  
no-console
305:5  Warning: Unexpected console statement. Only 
these console methods are allowed: warn, error.  
no-console
332:7  Warning: Unexpected console statement. Only 
these console methods are allowed: warn, error.  
no-console
343:7  Warning: Unexpected console statement. Only 
these console methods are allowed: warn, error.  
no-console
351:5  Warning: Unexpected console statement. Only 
these console methods are allowed: warn, error.  
no-console
363:7  Warning: Unexpected console statement. Only 
these console methods are allowed: warn, error.  
no-console
374:7  Warning: Unexpected console statement. Only 
these console methods are allowed: warn, error.  
no-console

./lib/loyalty-data.ts
1:23  Warning: 'LoyaltyReward' is defined but never 
used.  @typescript-eslint/no-unused-vars
1:38  Warning: 'RedeemedReward' is defined but never 
used.  @typescript-eslint/no-unused-vars
1:54  Warning: 'Referral' is defined but never used.  
@typescript-eslint/no-unused-vars
2:10  Warning: 'rewardTemplates' is defined but never 
used.  @typescript-eslint/no-unused-vars
11:43  Warning: Unexpected any. Specify a different 
type.  @typescript-eslint/no-explicit-any

./lib/membership-provider.tsx
12:3  Warning: 'isMembershipExpiringSoon' is defined 
but never used.  @typescript-eslint/no-unused-vars
258:11  Warning: 'cancelDate' is assigned a value but 
never used.  @typescript-eslint/no-unused-vars

./lib/monitoring/error-tracking.ts
19:26  Warning: Unexpected any. Specify a different 
type.  @typescript-eslint/no-explicit-any
36:25  Warning: Unexpected any. Specify a different 
type.  @typescript-eslint/no-explicit-any
49:12  Warning: Unexpected any. Specify a different 
type.  @typescript-eslint/no-explicit-any
57:26  Warning: Unexpected any. Specify a different 
type.  @typescript-eslint/no-explicit-any
159:54  Warning: Unexpected any. Specify a different 
type.  @typescript-eslint/no-explicit-any
335:19  Warning: Unexpected any. Specify a different 
type.  @typescript-eslint/no-explicit-any
335:32  Warning: Unexpected any. Specify a different 
type.  @typescript-eslint/no-explicit-any
486:134  Warning: Unexpected any. Specify a different 
type.  @typescript-eslint/no-explicit-any
491:66  Warning: Unexpected any. Specify a different 
type.  @typescript-eslint/no-explicit-any
492:17  Error: Require statement not part of import 
statement.  @typescript-eslint/no-var-requires

./lib/monitoring/monitoring-service.ts
27:29  Warning: Unexpected any. Specify a different 
type.  @typescript-eslint/no-explicit-any
316:11  Warning: 'cacheStats' is assigned a value but 
never used.  @typescript-eslint/no-unused-vars
382:75  Warning: Unexpected any. Specify a different 
type.  @typescript-eslint/no-explicit-any
428:15  Warning: 'cacheStats' is assigned a value but 
never used.  @typescript-eslint/no-unused-vars
515:28  Warning: Unexpected any. Specify a different 
type.  @typescript-eslint/no-explicit-any
518:49  Warning: Unexpected any. Specify a different 
type.  @typescript-eslint/no-explicit-any

./lib/next-cache.ts
28:58  Warning: Unexpected any. Specify a different 
type.  @typescript-eslint/no-explicit-any
28:76  Warning: Unexpected any. Specify a different 
type.  @typescript-eslint/no-explicit-any

./lib/notification-service.ts
3:27  Warning: 'StaffDocument' is defined but never 
used.  @typescript-eslint/no-unused-vars
25:10  Warning: Unexpected any. Specify a different 
type.  @typescript-eslint/no-explicit-any

./lib/order-management-service.ts
6:3  Warning: 'OrderStatusUpdate' is defined but never 
used.  @typescript-eslint/no-unused-vars
72:62  Warning: Unexpected any. Specify a different 
type.  @typescript-eslint/no-explicit-any
110:83  Warning: Unexpected any. Specify a different 
type.  @typescript-eslint/no-explicit-any
139:5  Warning: Unexpected console statement. Only 
these console methods are allowed: warn, error.  
no-console
156:5  Warning: Unexpected console statement. Only 
these console methods are allowed: warn, error.  
no-console
176:5  Warning: Unexpected console statement. Only 
these console methods are allowed: warn, error.  
no-console
188:7  Warning: Unexpected console statement. Only 
these console methods are allowed: warn, error.  
no-console
192:7  Warning: Unexpected console statement. Only 
these console methods are allowed: warn, error.  
no-console
211:7  Warning: Unexpected console statement. Only 
these console methods are allowed: warn, error.  
no-console
217:5  Warning: Unexpected console statement. Only 
these console methods are allowed: warn, error.  
no-console
278:5  Warning: 'updatedBy' is defined but never used.  
@typescript-eslint/no-unused-vars
280:5  Warning: Unexpected console statement. Only 
these console methods are allowed: warn, error.  
no-console
289:5  Warning: Unexpected console statement. Only 
these console methods are allowed: warn, error.  
no-console
329:5  Warning: Unexpected console statement. Only 
these console methods are allowed: warn, error.  
no-console
334:7  Warning: Unexpected console statement. Only 
these console methods are allowed: warn, error.  
no-console
349:5  Warning: Unexpected console statement. Only 
these console methods are allowed: warn, error.  
no-console

./lib/order-provider.tsx
67:9  Warning: Unexpected console statement. Only these 
console methods are allowed: warn, error.  no-console

./lib/pdf-export.ts
9:9  Warning: Unexpected any. Specify a different type. 
 @typescript-eslint/no-explicit-any
10:28  Warning: Unexpected any. Specify a different 
type.  @typescript-eslint/no-explicit-any
11:29  Warning: Unexpected any. Specify a different 
type.  @typescript-eslint/no-explicit-any
703:54  Warning: Unexpected any. Specify a different 
type.  @typescript-eslint/no-explicit-any
715:54  Warning: Unexpected any. Specify a different 
type.  @typescript-eslint/no-explicit-any
715:106  Warning: Unexpected any. Specify a different 
type.  @typescript-eslint/no-explicit-any

./lib/performance-monitoring.ts
149:41  Warning: Unexpected any. Specify a different 
type.  @typescript-eslint/no-explicit-any
230:11  Warning: Unexpected console statement. Only 
these console methods are allowed: warn, error.  
no-console
241:11  Warning: Unexpected console statement. Only 
these console methods are allowed: warn, error.  
no-console
252:11  Warning: Unexpected console statement. Only 
these console methods are allowed: warn, error.  
no-console
263:11  Warning: Unexpected console statement. Only 
these console methods are allowed: warn, error.  
no-console
274:11  Warning: Unexpected console statement. Only 
these console methods are allowed: warn, error.  
no-console
280:13  Warning: Unexpected console statement. Only 
these console methods are allowed: warn, error.  
no-console

./lib/print-utils.ts
26:7  Warning: 'receiptContent' is never reassigned. 
Use 'const' instead.  prefer-const
170:3  Warning: Unexpected console statement. Only 
these console methods are allowed: warn, error.  
no-console

./lib/prisma.ts
22:5  Warning: Unexpected console statement. Only these 
console methods are allowed: warn, error.  no-console

./lib/product-provider.tsx
211:7  Warning: Unexpected console statement. Only 
these console methods are allowed: warn, error.  
no-console
227:7  Warning: Unexpected console statement. Only 
these console methods are allowed: warn, error.  
no-console
232:9  Warning: Unexpected console statement. Only 
these console methods are allowed: warn, error.  
no-console
233:45  Warning: Unexpected any. Specify a different 
type.  @typescript-eslint/no-explicit-any
237:64  Warning: Unexpected any. Specify a different 
type.  @typescript-eslint/no-explicit-any
238:62  Warning: Unexpected any. Specify a different 
type.  @typescript-eslint/no-explicit-any
238:70  Warning: Unexpected any. Specify a different 
type.  @typescript-eslint/no-explicit-any
240:9  Warning: Unexpected console statement. Only 
these console methods are allowed: warn, error.  
no-console
243:64  Warning: Unexpected any. Specify a different 
type.  @typescript-eslint/no-explicit-any
244:44  Warning: Unexpected any. Specify a different 
type.  @typescript-eslint/no-explicit-any
265:7  Warning: Unexpected console statement. Only 
these console methods are allowed: warn, error.  
no-console
273:7  Warning: Unexpected console statement. Only 
these console methods are allowed: warn, error.  
no-console
277:43  Warning: Unexpected any. Specify a different 
type.  @typescript-eslint/no-explicit-any
277:70  Warning: Unexpected any. Specify a different 
type.  @typescript-eslint/no-explicit-any
291:7  Warning: Unexpected console statement. Only 
these console methods are allowed: warn, error.  
no-console
299:7  Warning: Unexpected console statement. Only 
these console methods are allowed: warn, error.  
no-console
303:34  Warning: Unexpected any. Specify a different 
type.  @typescript-eslint/no-explicit-any
303:61  Warning: Unexpected any. Specify a different 
type.  @typescript-eslint/no-explicit-any
316:5  Warning: Unexpected console statement. Only 
these console methods are allowed: warn, error.  
no-console
376:7  Warning: Unexpected console statement. Only 
these console methods are allowed: warn, error.  
no-console
419:7  Warning: Unexpected console statement. Only 
these console methods are allowed: warn, error.  
no-console
467:7  Warning: Unexpected console statement. Only 
these console methods are allowed: warn, error.  
no-console
509:7  Warning: Unexpected console statement. Only 
these console methods are allowed: warn, error.  
no-console
567:7  Warning: Unexpected console statement. Only 
these console methods are allowed: warn, error.  
no-console
617:7  Warning: Unexpected console statement. Only 
these console methods are allowed: warn, error.  
no-console
675:7  Warning: Unexpected console statement. Only 
these console methods are allowed: warn, error.  
no-console
712:7  Warning: Unexpected console statement. Only 
these console methods are allowed: warn, error.  
no-console
721:7  Warning: Unexpected console statement. Only 
these console methods are allowed: warn, error.  
no-console
724:89  Warning: Unexpected any. Specify a different 
type.  @typescript-eslint/no-explicit-any
739:7  Warning: Unexpected console statement. Only 
these console methods are allowed: warn, error.  
no-console
811:7  Warning: Unexpected console statement. Only 
these console methods are allowed: warn, error.  
no-console
903:5  Warning: Unexpected console statement. Only 
these console methods are allowed: warn, error.  
no-console
922:7  Warning: Unexpected console statement. Only 
these console methods are allowed: warn, error.  
no-console
931:46  Warning: 'triggerUpdate' is assigned a value 
but never used.  @typescript-eslint/no-unused-vars
932:5  Warning: Unexpected console statement. Only 
these console methods are allowed: warn, error.  
no-console
934:5  Warning: Unexpected console statement. Only 
these console methods are allowed: warn, error.  
no-console
939:5  Warning: Unexpected console statement. Only 
these console methods are allowed: warn, error.  
no-console

./lib/real-time-service.ts
60:36  Warning: Unexpected any. Specify a different 
type.  @typescript-eslint/no-explicit-any
85:31  Warning: Unexpected any. Specify a different 
type.  @typescript-eslint/no-explicit-any
117:5  Warning: Unexpected console statement. Only 
these console methods are allowed: warn, error.  
no-console
126:5  Warning: Unexpected console statement. Only 
these console methods are allowed: warn, error.  
no-console
141:11  Warning: Unexpected console statement. Only 
these console methods are allowed: warn, error.  
no-console
180:5  Warning: Unexpected console statement. Only 
these console methods are allowed: warn, error.  
no-console
241:5  Warning: Unexpected console statement. Only 
these console methods are allowed: warn, error.  
no-console
252:7  Warning: Unexpected console statement. Only 
these console methods are allowed: warn, error.  
no-console
279:5  Warning: Unexpected console statement. Only 
these console methods are allowed: warn, error.  
no-console
295:5  Warning: Unexpected console statement. Only 
these console methods are allowed: warn, error.  
no-console
311:5  Warning: Unexpected console statement. Only 
these console methods are allowed: warn, error.  
no-console

./lib/redis-cache.ts
13:26  Warning: Unexpected any. Specify a different 
type.  @typescript-eslint/no-explicit-any
74:11  Warning: Unexpected console statement. Only 
these console methods are allowed: warn, error.  
no-console
78:11  Warning: Unexpected console statement. Only 
these console methods are allowed: warn, error.  
no-console
314:89  Warning: Unexpected any. Specify a different 
type.  @typescript-eslint/no-explicit-any

./lib/report-data-aggregator.ts
112:11  Error: Unexpected lexical declaration in case 
block.  no-case-declarations
113:11  Error: Unexpected lexical declaration in case 
block.  no-case-declarations
198:14  Warning: Unexpected any. Specify a different 
type.  @typescript-eslint/no-explicit-any

./lib/report-print-service.ts
383:62  Warning: Unexpected any. Specify a different 
type.  @typescript-eslint/no-explicit-any

./lib/reset-data.ts
7:3  Warning: Unexpected console statement. Only these 
console methods are allowed: warn, error.  no-console
25:3  Warning: Unexpected console statement. Only these 
console methods are allowed: warn, error.  no-console

./lib/security/api-wrapper.ts
23:19  Warning: Unexpected any. Specify a different 
type.  @typescript-eslint/no-explicit-any
105:26  Warning: Unexpected any. Specify a different 
type.  @typescript-eslint/no-explicit-any
256:13  Warning: Unexpected any. Specify a different 
type.  @typescript-eslint/no-explicit-any
270:9  Warning: Unexpected any. Specify a different 
type.  @typescript-eslint/no-explicit-any

./lib/security/audit-log.ts
85:28  Warning: Unexpected any. Specify a different 
type.  @typescript-eslint/no-explicit-any
90:29  Warning: Unexpected any. Specify a different 
type.  @typescript-eslint/no-explicit-any
172:7  Warning: Unexpected console statement. Only 
these console methods are allowed: warn, error.  
no-console
322:16  Warning: Unexpected any. Specify a different 
type.  @typescript-eslint/no-explicit-any

./lib/security/validation.ts
2:16  Warning: Unexpected any. Specify a different 
type.  @typescript-eslint/no-explicit-any
137:33  Error: Unexpected control character(s) in 
regular expression: \x00, \x1f.  no-control-regex
181:14  Error: Unexpected control character(s) in 
regular expression: \x00.  no-control-regex
184:14  Error: Unexpected control character(s) in 
regular expression: \x1a.  no-control-regex
230:37  Warning: Unexpected any. Specify a different 
type.  @typescript-eslint/no-explicit-any
230:43  Warning: Unexpected any. Specify a different 
type.  @typescript-eslint/no-explicit-any
240:22  Warning: Unexpected any. Specify a different 
type.  @typescript-eslint/no-explicit-any

./lib/service-provider.tsx
57:7  Warning: Unexpected console statement. Only these 
console methods are allowed: warn, error.  no-console
63:7  Warning: Unexpected console statement. Only these 
console methods are allowed: warn, error.  no-console
71:7  Warning: Unexpected console statement. Only these 
console methods are allowed: warn, error.  no-console
86:7  Warning: Unexpected console statement. Only these 
console methods are allowed: warn, error.  no-console
94:7  Warning: Unexpected console statement. Only these 
console methods are allowed: warn, error.  no-console
171:7  Warning: Unexpected console statement. Only 
these console methods are allowed: warn, error.  
no-console
194:7  Warning: Unexpected console statement. Only 
these console methods are allowed: warn, error.  
no-console
214:7  Warning: Unexpected console statement. Only 
these console methods are allowed: warn, error.  
no-console
236:7  Warning: Unexpected console statement. Only 
these console methods are allowed: warn, error.  
no-console
256:7  Warning: Unexpected console statement. Only 
these console methods are allowed: warn, error.  
no-console
271:7  Warning: Unexpected console statement. Only 
these console methods are allowed: warn, error.  
no-console
289:7  Warning: Unexpected console statement. Only 
these console methods are allowed: warn, error.  
no-console
307:7  Warning: Unexpected console statement. Only 
these console methods are allowed: warn, error.  
no-console
324:7  Warning: Unexpected console statement. Only 
these console methods are allowed: warn, error.  
no-console
342:7  Warning: Unexpected console statement. Only 
these console methods are allowed: warn, error.  
no-console
359:7  Warning: Unexpected console statement. Only 
these console methods are allowed: warn, error.  
no-console
370:7  Warning: Unexpected console statement. Only 
these console methods are allowed: warn, error.  
no-console

./lib/service-storage.ts
30:27  Warning: 'category' is defined but never used.  
@typescript-eslint/no-unused-vars
34:27  Warning: 'locationId' is defined but never used. 
 @typescript-eslint/no-unused-vars
38:20  Warning: 'id' is defined but never used.  
@typescript-eslint/no-unused-vars
50:19  Warning: 'id' is defined but never used.  
@typescript-eslint/no-unused-vars
78:20  Warning: 'id' is defined but never used.  
@typescript-eslint/no-unused-vars

./lib/services/appointment-reflection.ts
11:10  Warning: 'parseISO' is defined but never used.  
@typescript-eslint/no-unused-vars
11:20  Warning: 'addMinutes' is defined but never used. 
 @typescript-eslint/no-unused-vars
84:7  Warning: Unexpected console statement. Only these 
console methods are allowed: warn, error.  no-console
157:7  Warning: Unexpected console statement. Only 
these console methods are allowed: warn, error.  
no-console
158:7  Warning: Unexpected console statement. Only 
these console methods are allowed: warn, error.  
no-console
206:5  Warning: Unexpected console statement. Only 
these console methods are allowed: warn, error.  
no-console
224:7  Warning: Unexpected console statement. Only 
these console methods are allowed: warn, error.  
no-console
286:7  Warning: Unexpected console statement. Only 
these console methods are allowed: warn, error.  
no-console
298:23  Warning: Unexpected any. Specify a different 
type.  @typescript-eslint/no-explicit-any
319:11  Warning: Unexpected console statement. Only 
these console methods are allowed: warn, error.  
no-console
333:9  Warning: Unexpected console statement. Only 
these console methods are allowed: warn, error.  
no-console
338:7  Warning: Unexpected console statement. Only 
these console methods are allowed: warn, error.  
no-console
348:14  Warning: Unexpected any. Specify a different 
type.  @typescript-eslint/no-explicit-any

./lib/services/appointment-sync.ts
13:10  Warning: Unexpected any. Specify a different 
type.  @typescript-eslint/no-explicit-any
146:59  Warning: Unexpected any. Specify a different 
type.  @typescript-eslint/no-explicit-any
167:93  Warning: Unexpected any. Specify a different 
type.  @typescript-eslint/no-explicit-any
181:93  Warning: Unexpected any. Specify a different 
type.  @typescript-eslint/no-explicit-any
195:93  Warning: Unexpected any. Specify a different 
type.  @typescript-eslint/no-explicit-any
209:76  Warning: Unexpected any. Specify a different 
type.  @typescript-eslint/no-explicit-any
248:3  Warning: 'dependencies' is assigned a value but 
never used.  @typescript-eslint/no-unused-vars
248:17  Warning: Unexpected any. Specify a different 
type.  @typescript-eslint/no-explicit-any

./lib/services/staff-availability.ts
3:32  Warning: 'isWithinInterval' is defined but never 
used.  @typescript-eslint/no-unused-vars
22:28  Warning: Unexpected any. Specify a different 
type.  @typescript-eslint/no-explicit-any
23:21  Warning: Unexpected any. Specify a different 
type.  @typescript-eslint/no-explicit-any
159:19  Warning: Unexpected any. Specify a different 
type.  @typescript-eslint/no-explicit-any
162:6  Warning: Unexpected any. Specify a different 
type.  @typescript-eslint/no-explicit-any
202:46  Warning: Unexpected any. Specify a different 
type.  @typescript-eslint/no-explicit-any
202:79  Warning: Unexpected any. Specify a different 
type.  @typescript-eslint/no-explicit-any
238:30  Warning: Unexpected any. Specify a different 
type.  @typescript-eslint/no-explicit-any
239:23  Warning: Unexpected any. Specify a different 
type.  @typescript-eslint/no-explicit-any
240:5  Warning: 'crossLocationConflicts' is defined but 
never used.  @typescript-eslint/no-unused-vars
282:72  Warning: Unexpected any. Specify a different 
type.  @typescript-eslint/no-explicit-any
336:15  Warning: 'requestedLocationType' is assigned a 
value but never used.  @typescript-eslint/no-unused-vars
395:17  Warning: '_' is defined but never used.  
@typescript-eslint/no-unused-vars
396:23  Warning: '_' is defined but never used.  
@typescript-eslint/no-unused-vars

./lib/services/__tests__/appointment-reflection.test.ts
421:7  Warning: Unexpected console statement. Only 
these console methods are allowed: warn, error.  
no-console
422:7  Warning: Unexpected console statement. Only 
these console methods are allowed: warn, error.  
no-console

./lib/settings-storage.ts
104:29  Warning: Unexpected any. Specify a different 
type.  @typescript-eslint/no-explicit-any
282:43  Warning: Unexpected any. Specify a different 
type.  @typescript-eslint/no-explicit-any
339:43  Warning: Unexpected any. Specify a different 
type.  @typescript-eslint/no-explicit-any
351:19  Warning: 'locations' is defined but never used. 
 @typescript-eslint/no-unused-vars
355:17  Warning: 'location' is defined but never used.  
@typescript-eslint/no-unused-vars
359:20  Warning: 'updatedLocation' is defined but never 
used.  @typescript-eslint/no-unused-vars
363:20  Warning: 'locationId' is defined but never 
used.  @typescript-eslint/no-unused-vars

./lib/special-offers-storage.ts
132:35  Warning: Unexpected any. Specify a different 
type.  @typescript-eslint/no-explicit-any

./lib/staff-actions.ts
3:10  Warning: 'revalidateTag' is defined but never 
used.  @typescript-eslint/no-unused-vars

./lib/staff-data-service.ts
33:7  Warning: 'defaultStaff' is assigned a value but 
never used.  @typescript-eslint/no-unused-vars
76:15  Warning: 'staff' is defined but never used.  
@typescript-eslint/no-unused-vars
92:17  Warning: 'id' is defined but never used.  
@typescript-eslint/no-unused-vars
92:29  Warning: 'updates' is defined but never used.  
@typescript-eslint/no-unused-vars
98:17  Warning: 'id' is defined but never used.  
@typescript-eslint/no-unused-vars

./lib/staff-fetching.ts
3:10  Warning: 'cache' is defined but never used.  
@typescript-eslint/no-unused-vars
4:10  Warning: 'unstable_cache' is defined but never 
used.  @typescript-eslint/no-unused-vars

./lib/staff-provider.tsx
6:10  Warning: 'revalidateCacheTags' is defined but 
never used.  @typescript-eslint/no-unused-vars
61:5  Warning: Unexpected console statement. Only these 
console methods are allowed: warn, error.  no-console
63:7  Warning: Unexpected console statement. Only these 
console methods are allowed: warn, error.  no-console
73:9  Warning: Unexpected console statement. Only these 
console methods are allowed: warn, error.  no-console
76:9  Warning: Unexpected console statement. Only these 
console methods are allowed: warn, error.  no-console
92:9  Warning: Unexpected console statement. Only these 
console methods are allowed: warn, error.  no-console
106:11  Warning: Unexpected console statement. Only 
these console methods are allowed: warn, error.  
no-console
113:11  Warning: Unexpected console statement. Only 
these console methods are allowed: warn, error.  
no-console
117:13  Warning: Unexpected console statement. Only 
these console methods are allowed: warn, error.  
no-console
120:13  Warning: Unexpected console statement. Only 
these console methods are allowed: warn, error.  
no-console
138:7  Warning: Unexpected console statement. Only 
these console methods are allowed: warn, error.  
no-console
165:7  Warning: Unexpected console statement. Only 
these console methods are allowed: warn, error.  
no-console
180:7  Warning: Unexpected console statement. Only 
these console methods are allowed: warn, error.  
no-console
237:5  Warning: Unexpected console statement. Only 
these console methods are allowed: warn, error.  
no-console
259:5  Warning: Unexpected console statement. Only 
these console methods are allowed: warn, error.  
no-console
270:5  Warning: Unexpected console statement. Only 
these console methods are allowed: warn, error.  
no-console
271:5  Warning: Unexpected console statement. Only 
these console methods are allowed: warn, error.  
no-console
282:7  Warning: Unexpected console statement. Only 
these console methods are allowed: warn, error.  
no-console
291:9  Warning: Unexpected console statement. Only 
these console methods are allowed: warn, error.  
no-console
295:9  Warning: Unexpected console statement. Only 
these console methods are allowed: warn, error.  
no-console
299:7  Warning: Unexpected console statement. Only 
these console methods are allowed: warn, error.  
no-console
335:11  Warning: Unexpected console statement. Only 
these console methods are allowed: warn, error.  
no-console
354:5  Warning: Unexpected console statement. Only 
these console methods are allowed: warn, error.  
no-console
365:5  Warning: Unexpected console statement. Only 
these console methods are allowed: warn, error.  
no-console
378:7  Warning: Unexpected console statement. Only 
these console methods are allowed: warn, error.  
no-console

./lib/staff-storage.ts
7:16  Warning: 'uuidv4' is defined but never used.  
@typescript-eslint/no-unused-vars
219:5  Warning: Unexpected console statement. Only 
these console methods are allowed: warn, error.  
no-console
221:5  Warning: Unexpected console statement. Only 
these console methods are allowed: warn, error.  
no-console
226:7  Warning: Unexpected console statement. Only 
these console methods are allowed: warn, error.  
no-console
271:5  Warning: Unexpected console statement. Only 
these console methods are allowed: warn, error.  
no-console
274:5  Warning: Unexpected console statement. Only 
these console methods are allowed: warn, error.  
no-console
277:5  Warning: Unexpected console statement. Only 
these console methods are allowed: warn, error.  
no-console
281:7  Warning: Unexpected console statement. Only 
these console methods are allowed: warn, error.  
no-console
282:7  Warning: Unexpected console statement. Only 
these console methods are allowed: warn, error.  
no-console
287:7  Warning: Unexpected console statement. Only 
these console methods are allowed: warn, error.  
no-console
293:9  Warning: Unexpected console statement. Only 
these console methods are allowed: warn, error.  
no-console

./lib/tests/cross-location-conflict-test.ts
8:10  Warning: 'parseISO' is defined but never used.  
@typescript-eslint/no-unused-vars
8:32  Warning: 'format' is defined but never used.  
@typescript-eslint/no-unused-vars
10:26  Warning: 'getAllAppointments' is defined but 
never used.  @typescript-eslint/no-unused-vars
17:13  Warning: Unexpected any. Specify a different 
type.  @typescript-eslint/no-explicit-any
29:5  Warning: Unexpected console statement. Only these 
console methods are allowed: warn, error.  no-console
48:5  Warning: Unexpected console statement. Only these 
console methods are allowed: warn, error.  no-console
533:87  Warning: Unexpected any. Specify a different 
type.  @typescript-eslint/no-explicit-any
542:5  Warning: Unexpected console statement. Only 
these console methods are allowed: warn, error.  
no-console

./lib/transaction-deduplication-fix.ts
67:17  Warning: Unexpected console statement. Only 
these console methods are allowed: warn, error.  
no-console
101:13  Warning: Unexpected console statement. Only 
these console methods are allowed: warn, error.  
no-console
120:5  Warning: Unexpected console statement. Only 
these console methods are allowed: warn, error.  
no-console
135:9  Warning: Unexpected console statement. Only 
these console methods are allowed: warn, error.  
no-console
198:9  Warning: Unexpected console statement. Only 
these console methods are allowed: warn, error.  
no-console
222:9  Warning: Unexpected console statement. Only 
these console methods are allowed: warn, error.  
no-console
237:17  Warning: Unexpected console statement. Only 
these console methods are allowed: warn, error.  
no-console
362:5  Warning: Unexpected console statement. Only 
these console methods are allowed: warn, error.  
no-console
379:5  Warning: Unexpected console statement. Only 
these console methods are allowed: warn, error.  
no-console
416:13  Warning: Unexpected console statement. Only 
these console methods are allowed: warn, error.  
no-console
425:5  Warning: Unexpected console statement. Only 
these console methods are allowed: warn, error.  
no-console
428:9  Warning: Unexpected console statement. Only 
these console methods are allowed: warn, error.  
no-console
433:13  Warning: Unexpected console statement. Only 
these console methods are allowed: warn, error.  
no-console
439:13  Warning: Unexpected console statement. Only 
these console methods are allowed: warn, error.  
no-console
445:9  Warning: Unexpected console statement. Only 
these console methods are allowed: warn, error.  
no-console
463:13  Warning: Unexpected console statement. Only 
these console methods are allowed: warn, error.  
no-console
469:5  Warning: Unexpected console statement. Only 
these console methods are allowed: warn, error.  
no-console

./lib/transaction-deduplication-service.ts
3:40  Warning: 'TransactionSource' is defined but never 
used.  @typescript-eslint/no-unused-vars
39:7  Warning: Unexpected console statement. Only these 
console methods are allowed: warn, error.  no-console
56:11  Warning: Unexpected console statement. Only 
these console methods are allowed: warn, error.  
no-console
59:11  Warning: Unexpected console statement. Only 
these console methods are allowed: warn, error.  
no-console
75:9  Warning: Unexpected console statement. Only these 
console methods are allowed: warn, error.  no-console
89:9  Warning: Unexpected console statement. Only these 
console methods are allowed: warn, error.  no-console
103:5  Warning: Unexpected console statement. Only 
these console methods are allowed: warn, error.  
no-console
169:9  Warning: 'finalAmount' is never reassigned. Use 
'const' instead.  prefer-const
293:9  Warning: Unexpected console statement. Only 
these console methods are allowed: warn, error.  
no-console
302:9  Warning: Unexpected console statement. Only 
these console methods are allowed: warn, error.  
no-console

./lib/transaction-deduplication.ts
6:3  Warning: 'TransactionType' is defined but never 
used.  @typescript-eslint/no-unused-vars
38:3  Warning: Unexpected console statement. Only these 
console methods are allowed: warn, error.  no-console
95:11  Warning: Unexpected console statement. Only 
these console methods are allowed: warn, error.  
no-console
105:13  Warning: Unexpected console statement. Only 
these console methods are allowed: warn, error.  
no-console
140:13  Warning: Unexpected console statement. Only 
these console methods are allowed: warn, error.  
no-console
151:11  Warning: Unexpected console statement. Only 
these console methods are allowed: warn, error.  
no-console
156:11  Warning: Unexpected console statement. Only 
these console methods are allowed: warn, error.  
no-console
171:11  Warning: Unexpected console statement. Only 
these console methods are allowed: warn, error.  
no-console
182:5  Warning: Unexpected console statement. Only 
these console methods are allowed: warn, error.  
no-console
191:3  Warning: Unexpected console statement. Only 
these console methods are allowed: warn, error.  
no-console

./lib/transaction-provider.tsx
4:16  Warning: 'uuidv4' is defined but never used.  
@typescript-eslint/no-unused-vars
10:3  Warning: 'TransactionStatus' is defined but never 
used.  @typescript-eslint/no-unused-vars
12:3  Warning: 'PaymentMethod' is defined but never 
used.  @typescript-eslint/no-unused-vars
14:10  Warning: 'SettingsStorage' is defined but never 
used.  @typescript-eslint/no-unused-vars
15:10  Warning: 'format' is defined but never used.  
@typescript-eslint/no-unused-vars
15:48  Warning: 'parseISO' is defined but never used.  
@typescript-eslint/no-unused-vars
57:67  Warning: Unexpected any. Specify a different 
type.  @typescript-eslint/no-explicit-any
64:9  Warning: Unexpected console statement. Only these 
console methods are allowed: warn, error.  no-console
70:9  Warning: Unexpected console statement. Only these 
console methods are allowed: warn, error.  no-console
76:7  Warning: Unexpected console statement. Only these 
console methods are allowed: warn, error.  no-console
86:9  Warning: Unexpected console statement. Only these 
console methods are allowed: warn, error.  no-console
103:7  Warning: Unexpected console statement. Only 
these console methods are allowed: warn, error.  
no-console
110:13  Warning: Unexpected console statement. Only 
these console methods are allowed: warn, error.  
no-console
121:5  Warning: Unexpected console statement. Only 
these console methods are allowed: warn, error.  
no-console
127:5  Warning: Unexpected console statement. Only 
these console methods are allowed: warn, error.  
no-console
129:9  Warning: 'totalRemoved' is never reassigned. Use 
'const' instead.  prefer-const
139:5  Warning: Unexpected console statement. Only 
these console methods are allowed: warn, error.  
no-console
158:9  Warning: Unexpected console statement. Only 
these console methods are allowed: warn, error.  
no-console
165:11  Warning: Unexpected console statement. Only 
these console methods are allowed: warn, error.  
no-console
170:9  Warning: Unexpected console statement. Only 
these console methods are allowed: warn, error.  
no-console
174:5  Warning: Unexpected console statement. Only 
these console methods are allowed: warn, error.  
no-console
179:5  Warning: Unexpected console statement. Only 
these console methods are allowed: warn, error.  
no-console
180:5  Warning: Unexpected console statement. Only 
these console methods are allowed: warn, error.  
no-console
207:7  Warning: Unexpected console statement. Only 
these console methods are allowed: warn, error.  
no-console
217:7  Warning: Unexpected console statement. Only 
these console methods are allowed: warn, error.  
no-console
239:7  Warning: Unexpected console statement. Only 
these console methods are allowed: warn, error.  
no-console
241:13  Warning: 'existingTransaction' is assigned a 
value but never used.  @typescript-eslint/no-unused-vars
283:15  Warning: Unexpected console statement. Only 
these console methods are allowed: warn, error.  
no-console
289:13  Warning: Unexpected console statement. Only 
these console methods are allowed: warn, error.  
no-console
293:11  Warning: Unexpected console statement. Only 
these console methods are allowed: warn, error.  
no-console
308:15  Warning: Unexpected console statement. Only 
these console methods are allowed: warn, error.  
no-console
313:11  Warning: Unexpected console statement. Only 
these console methods are allowed: warn, error.  
no-console
318:5  Warning: Unexpected console statement. Only 
these console methods are allowed: warn, error.  
no-console
319:5  Warning: Unexpected console statement. Only 
these console methods are allowed: warn, error.  
no-console
320:5  Warning: Unexpected console statement. Only 
these console methods are allowed: warn, error.  
no-console
321:5  Warning: Unexpected console statement. Only 
these console methods are allowed: warn, error.  
no-console
322:5  Warning: Unexpected console statement. Only 
these console methods are allowed: warn, error.  
no-console
338:11  Warning: Unexpected console statement. Only 
these console methods are allowed: warn, error.  
no-console
339:11  Warning: Unexpected console statement. Only 
these console methods are allowed: warn, error.  
no-console
340:11  Warning: Unexpected console statement. Only 
these console methods are allowed: warn, error.  
no-console
348:9  Warning: Unexpected console statement. Only 
these console methods are allowed: warn, error.  
no-console
349:9  Warning: Unexpected console statement. Only 
these console methods are allowed: warn, error.  
no-console
354:7  Warning: Unexpected console statement. Only 
these console methods are allowed: warn, error.  
no-console
382:5  Warning: Unexpected console statement. Only 
these console methods are allowed: warn, error.  
no-console
389:7  Warning: Unexpected console statement. Only 
these console methods are allowed: warn, error.  
no-console
403:11  Warning: Unexpected console statement. Only 
these console methods are allowed: warn, error.  
no-console
405:11  Warning: Unexpected console statement. Only 
these console methods are allowed: warn, error.  
no-console
410:13  Warning: Unexpected console statement. Only 
these console methods are allowed: warn, error.  
no-console
445:7  Warning: Unexpected console statement. Only 
these console methods are allowed: warn, error.  
no-console
455:7  Warning: Unexpected console statement. Only 
these console methods are allowed: warn, error.  
no-console
472:9  Warning: Unexpected console statement. Only 
these console methods are allowed: warn, error.  
no-console
487:5  Warning: Unexpected console statement. Only 
these console methods are allowed: warn, error.  
no-console
507:7  Warning: Unexpected console statement. Only 
these console methods are allowed: warn, error.  
no-console
541:5  Warning: Unexpected console statement. Only 
these console methods are allowed: warn, error.  
no-console
561:11  Warning: Unexpected console statement. Only 
these console methods are allowed: warn, error.  
no-console
590:9  Warning: Unexpected console statement. Only 
these console methods are allowed: warn, error.  
no-console
620:13  Warning: Unexpected console statement. Only 
these console methods are allowed: warn, error.  
no-console
629:13  Warning: Unexpected console statement. Only 
these console methods are allowed: warn, error.  
no-console
641:11  Warning: Unexpected console statement. Only 
these console methods are allowed: warn, error.  
no-console
688:5  Warning: Unexpected console statement. Only 
these console methods are allowed: warn, error.  
no-console
723:5  Warning: Unexpected console statement. Only 
these console methods are allowed: warn, error.  
no-console

./lib/transaction-service-migration.ts
115:7  Warning: Unexpected console statement. Only 
these console methods are allowed: warn, error.  
no-console
125:5  Warning: Unexpected console statement. Only 
these console methods are allowed: warn, error.  
no-console
135:5  Warning: Unexpected console statement. Only 
these console methods are allowed: warn, error.  
no-console
250:19  Warning: Unexpected any. Specify a different 
type.  @typescript-eslint/no-explicit-any

./lib/transaction-types.ts
130:29  Warning: Unexpected any. Specify a different 
type.  @typescript-eslint/no-explicit-any

./lib/transaction-utils.ts
23:5  Warning: Unexpected console statement. Only these 
console methods are allowed: warn, error.  no-console
27:3  Warning: Unexpected console statement. Only these 
console methods are allowed: warn, error.  no-console
32:7  Warning: Unexpected console statement. Only these 
console methods are allowed: warn, error.  no-console
38:7  Warning: Unexpected console statement. Only these 
console methods are allowed: warn, error.  no-console
44:7  Warning: Unexpected console statement. Only these 
console methods are allowed: warn, error.  no-console

./lib/unified-staff-actions.ts
3:10  Warning: 'revalidateTag' is defined but never 
used.  @typescript-eslint/no-unused-vars

./lib/unified-staff-provider.tsx
86:7  Warning: Unexpected console statement. Only these 
console methods are allowed: warn, error.  no-console
91:9  Warning: Unexpected console statement. Only these 
console methods are allowed: warn, error.  no-console
98:7  Warning: Unexpected console statement. Only these 
console methods are allowed: warn, error.  no-console
99:7  Warning: Unexpected console statement. Only these 
console methods are allowed: warn, error.  no-console
105:7  Warning: Unexpected console statement. Only 
these console methods are allowed: warn, error.  
no-console
111:7  Warning: Unexpected console statement. Only 
these console methods are allowed: warn, error.  
no-console

./lib/unified-staff-service.ts
220:7  Warning: Unexpected console statement. Only 
these console methods are allowed: warn, error.  
no-console
378:5  Warning: Unexpected console statement. Only 
these console methods are allowed: warn, error.  
no-console
410:13  Warning: Unexpected console statement. Only 
these console methods are allowed: warn, error.  
no-console
430:7  Warning: Unexpected console statement. Only 
these console methods are allowed: warn, error.  
no-console
432:7  Warning: Unexpected console statement. Only 
these console methods are allowed: warn, error.  
no-console

./lib/use-data-fetching.ts
19:18  Warning: Unexpected any. Specify a different 
type.  @typescript-eslint/no-explicit-any

./lib/use-staff-data.ts
7:11  Warning: 'UseStaffDataOptions' is defined but 
never used.  @typescript-eslint/no-unused-vars
11:18  Warning: Unexpected any. Specify a different 
type.  @typescript-eslint/no-explicit-any
48:7  Warning: Unexpected console statement. Only these 
console methods are allowed: warn, error.  no-console
56:7  Warning: Unexpected console statement. Only these 
console methods are allowed: warn, error.  no-console
65:9  Warning: Unexpected console statement. Only these 
console methods are allowed: warn, error.  no-console
80:11  Warning: Unexpected console statement. Only 
these console methods are allowed: warn, error.  
no-console
84:11  Warning: Unexpected console statement. Only 
these console methods are allowed: warn, error.  
no-console
91:9  Warning: Unexpected console statement. Only these 
console methods are allowed: warn, error.  no-console
113:7  Warning: Unexpected console statement. Only 
these console methods are allowed: warn, error.  
no-console
135:9  Warning: Unexpected console statement. Only 
these console methods are allowed: warn, error.  
no-console

./lib/utils/appointment-debug.ts
71:3  Warning: Unexpected console statement. Only these 
console methods are allowed: warn, error.  no-console
73:3  Warning: Unexpected console statement. Only these 
console methods are allowed: warn, error.  no-console
75:5  Warning: Unexpected console statement. Only these 
console methods are allowed: warn, error.  no-console
78:3  Warning: Unexpected console statement. Only these 
console methods are allowed: warn, error.  no-console
80:5  Warning: Unexpected console statement. Only these 
console methods are allowed: warn, error.  no-console
90:3  Warning: Unexpected console statement. Only these 
console methods are allowed: warn, error.  no-console
135:53  Warning: Unexpected any. Specify a different 
type.  @typescript-eslint/no-explicit-any
148:52  Warning: Unexpected any. Specify a different 
type.  @typescript-eslint/no-explicit-any
148:58  Warning: Unexpected any. Specify a different 
type.  @typescript-eslint/no-explicit-any
160:14  Warning: Unexpected any. Specify a different 
type.  @typescript-eslint/no-explicit-any

./lib/validation/enhanced-validation.ts
7:39  Warning: Unexpected any. Specify a different 
type.  @typescript-eslint/no-explicit-any
20:11  Warning: Unexpected any. Specify a different 
type.  @typescript-eslint/no-explicit-any
38:28  Warning: Unexpected any. Specify a different 
type.  @typescript-eslint/no-explicit-any
119:12  Warning: Unexpected any. Specify a different 
type.  @typescript-eslint/no-explicit-any
168:27  Warning: Unexpected any. Specify a different 
type.  @typescript-eslint/no-explicit-any
191:5  Warning: 'options' is defined but never used.  
@typescript-eslint/no-unused-vars
237:29  Warning: Unexpected any. Specify a different 
type.  @typescript-eslint/no-explicit-any
267:11  Warning: Unexpected any. Specify a different 
type.  @typescript-eslint/no-explicit-any
268:29  Warning: Unexpected any. Specify a different 
type.  @typescript-eslint/no-explicit-any
301:11  Warning: Unexpected any. Specify a different 
type.  @typescript-eslint/no-explicit-any
324:11  Warning: Unexpected any. Specify a different 
type.  @typescript-eslint/no-explicit-any
359:11  Warning: Unexpected any. Specify a different 
type.  @typescript-eslint/no-explicit-any
361:5  Warning: 'errors' is defined but never used.  
@typescript-eslint/no-unused-vars
389:11  Warning: Unexpected any. Specify a different 
type.  @typescript-eslint/no-explicit-any
391:5  Warning: 'errors' is defined but never used.  
@typescript-eslint/no-unused-vars
418:30  Warning: Unexpected any. Specify a different 
type.  @typescript-eslint/no-explicit-any
418:36  Warning: Unexpected any. Specify a different 
type.  @typescript-eslint/no-explicit-any
428:24  Warning: Unexpected any. Specify a different 
type.  @typescript-eslint/no-explicit-any
445:35  Error: Unexpected control character(s) in 
regular expression: \x00, \x1f.  no-control-regex
464:50  Warning: Unexpected any. Specify a different 
type.  @typescript-eslint/no-explicit-any
464:88  Warning: Unexpected any. Specify a different 
type.  @typescript-eslint/no-explicit-any
469:34  Warning: Unexpected any. Specify a different 
type.  @typescript-eslint/no-explicit-any
483:12  Warning: Unexpected any. Specify a different 
type.  @typescript-eslint/no-explicit-any
515:31  Warning: Unexpected any. Specify a different 
type.  @typescript-eslint/no-explicit-any
515:67  Warning: Unexpected any. Specify a different 
type.  @typescript-eslint/no-explicit-any
531:48  Warning: Unexpected any. Specify a different 
type.  @typescript-eslint/no-explicit-any
543:43  Warning: Unexpected any. Specify a different 
type.  @typescript-eslint/no-explicit-any
554:16  Warning: Unexpected any. Specify a different 
type.  @typescript-eslint/no-explicit-any
560:44  Warning: Unexpected any. Specify a different 
type.  @typescript-eslint/no-explicit-any
560:67  Warning: Unexpected any. Specify a different 
type.  @typescript-eslint/no-explicit-any

./lib/validation/sanitization.ts
20:13  Warning: Unexpected any. Specify a different 
type.  @typescript-eslint/no-explicit-any
21:14  Warning: Unexpected any. Specify a different 
type.  @typescript-eslint/no-explicit-any
44:18  Warning: Unexpected any. Specify a different 
type.  @typescript-eslint/no-explicit-any
74:12  Warning: Unexpected any. Specify a different 
type.  @typescript-eslint/no-explicit-any
78:6  Warning: Unexpected any. Specify a different 
type.  @typescript-eslint/no-explicit-any
92:24  Warning: Unexpected any. Specify a different 
type.  @typescript-eslint/no-explicit-any
117:37  Error: Unexpected control character(s) in 
regular expression: \x00, \x1f.  no-control-regex
498:26  Warning: Unexpected any. Specify a different 
type.  @typescript-eslint/no-explicit-any
516:32  Warning: Unexpected any. Specify a different 
type.  @typescript-eslint/no-explicit-any
531:52  Warning: Unexpected any. Specify a different 
type.  @typescript-eslint/no-explicit-any

./lib/validation/validation-rules.ts
11:27  Warning: 'date' is defined but never used.  
@typescript-eslint/no-unused-vars
11:41  Warning: 'locationId' is defined but never used. 
 @typescript-eslint/no-unused-vars
22:22  Warning: 'staffId' is defined but never used.  
@typescript-eslint/no-unused-vars
22:39  Warning: 'date' is defined but never used.  
@typescript-eslint/no-unused-vars
22:53  Warning: 'duration' is defined but never used.  
@typescript-eslint/no-unused-vars
27:24  Warning: 'data' is defined but never used.  
@typescript-eslint/no-unused-vars
35:24  Warning: 'serviceId' is defined but never used.  
@typescript-eslint/no-unused-vars
35:43  Warning: 'locationId' is defined but never used. 
 @typescript-eslint/no-unused-vars
39:24  Warning: 'data' is defined but never used.  
@typescript-eslint/no-unused-vars
72:23  Warning: 'productId' is defined but never used.  
@typescript-eslint/no-unused-vars
72:42  Warning: 'quantity' is defined but never used.  
@typescript-eslint/no-unused-vars
76:24  Warning: 'data' is defined but never used.  
@typescript-eslint/no-unused-vars
143:25  Warning: 'email' is defined but never used.  
@typescript-eslint/no-unused-vars
143:40  Warning: 'phone' is defined but never used.  
@typescript-eslint/no-unused-vars
147:24  Warning: 'data' is defined but never used.  
@typescript-eslint/no-unused-vars
155:18  Warning: 'serviceId' is defined but never used. 
 @typescript-eslint/no-unused-vars
155:37  Warning: 'dateOfBirth' is defined but never 
used.  @typescript-eslint/no-unused-vars
190:27  Warning: 'staffId' is defined but never used.  
@typescript-eslint/no-unused-vars
190:44  Warning: 'serviceId' is defined but never used. 
 @typescript-eslint/no-unused-vars
194:24  Warning: 'data' is defined but never used.  
@typescript-eslint/no-unused-vars
233:39  Warning: 'id' is defined but never used.  
@typescript-eslint/no-unused-vars
242:27  Warning: 'parentId' is defined but never used.  
@typescript-eslint/no-unused-vars
242:45  Warning: 'childId' is defined but never used.  
@typescript-eslint/no-unused-vars
267:25  Warning: 'min' is defined but never used.  
@typescript-eslint/no-unused-vars
267:38  Warning: 'max' is defined but never used.  
@typescript-eslint/no-unused-vars
277:45  Warning: Unexpected any. Specify a different 
type.  @typescript-eslint/no-explicit-any
339:36  Warning: 'context' is defined but never used.  
@typescript-eslint/no-unused-vars
347:20  Warning: 'userId' is defined but never used.  
@typescript-eslint/no-unused-vars
347:36  Warning: 'resourceOwnerId' is defined but never 
used.  @typescript-eslint/no-unused-vars
358:36  Warning: 'context' is defined but never used.  
@typescript-eslint/no-unused-vars
386:32  Warning: Unexpected any. Specify a different 
type.  @typescript-eslint/no-explicit-any
434:23  Warning: Unexpected any. Specify a different 
type.  @typescript-eslint/no-explicit-any
460:16  Warning: 'T' is defined but never used.  
@typescript-eslint/no-unused-vars
462:25  Warning: Unexpected any. Specify a different 
type.  @typescript-eslint/no-explicit-any

./lib/vercel-redis.ts
3:10  Warning: 'redisCache' is defined but never used.  
@typescript-eslint/no-unused-vars
31:7  Warning: Unexpected console statement. Only these 
console methods are allowed: warn, error.  no-console
49:7  Warning: Unexpected console statement. Only these 
console methods are allowed: warn, error.  no-console

./src/mocks/handlers.ts
129:42  Warning: Unexpected any. Specify a different 
type.  @typescript-eslint/no-explicit-any
156:42  Warning: Unexpected any. Specify a different 
type.  @typescript-eslint/no-explicit-any
217:42  Warning: Unexpected any. Specify a different 
type.  @typescript-eslint/no-explicit-any

info  - Need to disable some ESLint rules? Learn more 
here: https://nextjs.org/docs/app/api-reference/config/e
slint#disabling-rules
